Component: ARM Compiler 5.06 update 6 (build 750) Tool: armlink [4d35ed]

==============================================================================

Section Cross References

    startup_stm32f10x_hd.o(RESET) refers to startup_stm32f10x_hd.o(STACK) for __initial_sp
    startup_stm32f10x_hd.o(RESET) refers to startup_stm32f10x_hd.o(.text) for Reset_Handler
    startup_stm32f10x_hd.o(RESET) refers to stm32f10x_it.o(i.NMI_Handler) for NMI_Handler
    startup_stm32f10x_hd.o(RESET) refers to stm32f10x_it.o(i.HardFault_Handler) for HardFault_Handler
    startup_stm32f10x_hd.o(RESET) refers to stm32f10x_it.o(i.MemManage_Handler) for MemManage_Handler
    startup_stm32f10x_hd.o(RESET) refers to stm32f10x_it.o(i.BusFault_Handler) for BusFault_Handler
    startup_stm32f10x_hd.o(RESET) refers to stm32f10x_it.o(i.UsageFault_Handler) for UsageFault_Handler
    startup_stm32f10x_hd.o(RESET) refers to stm32f10x_it.o(i.SVC_Handler) for SVC_Handler
    startup_stm32f10x_hd.o(RESET) refers to stm32f10x_it.o(i.DebugMon_Handler) for DebugMon_Handler
    startup_stm32f10x_hd.o(RESET) refers to stm32f10x_it.o(i.PendSV_Handler) for PendSV_Handler
    startup_stm32f10x_hd.o(RESET) refers to stm32f10x_it.o(i.SysTick_Handler) for SysTick_Handler
    startup_stm32f10x_hd.o(RESET) refers to stm32f10x_it.o(i.EXTI0_IRQHandler) for EXTI0_IRQHandler
    startup_stm32f10x_hd.o(RESET) refers to stm32f10x_it.o(i.EXTI1_IRQHandler) for EXTI1_IRQHandler
    startup_stm32f10x_hd.o(RESET) refers to stm32f10x_it.o(i.TIM2_IRQHandler) for TIM2_IRQHandler
    startup_stm32f10x_hd.o(RESET) refers to stm32f10x_it.o(i.TIM3_IRQHandler) for TIM3_IRQHandler
    startup_stm32f10x_hd.o(RESET) refers to usart1.o(i.USART1_IRQHandler) for USART1_IRQHandler
    startup_stm32f10x_hd.o(RESET) refers to usart2.o(i.USART2_IRQHandler) for USART2_IRQHandler
    startup_stm32f10x_hd.o(RESET) refers to usart3.o(i.USART3_IRQHandler) for USART3_IRQHandler
    startup_stm32f10x_hd.o(.text) refers to system_stm32f10x.o(i.SystemInit) for SystemInit
    startup_stm32f10x_hd.o(.text) refers to entry.o(.ARM.Collect$$$$00000000) for __main
    main.o(i.main) refers to delay.o(i.Systick_Init) for Systick_Init
    main.o(i.main) refers to loop.o(i.Initialization_configuration) for Initialization_configuration
    main.o(i.main) refers to loop.o(i.application) for application
    stm32f10x_it.o(i.EXTI0_IRQHandler) refers to stm32f10x_exti.o(i.EXTI_GetITStatus) for EXTI_GetITStatus
    stm32f10x_it.o(i.EXTI0_IRQHandler) refers to stm32f10x_exti.o(i.EXTI_ClearITPendingBit) for EXTI_ClearITPendingBit
    stm32f10x_it.o(i.EXTI0_IRQHandler) refers to stm32f10x_it.o(.data) for battery
    stm32f10x_it.o(i.EXTI0_IRQHandler) refers to loop.o(.data) for battery_status
    stm32f10x_it.o(i.EXTI1_IRQHandler) refers to stm32f10x_exti.o(i.EXTI_GetITStatus) for EXTI_GetITStatus
    stm32f10x_it.o(i.EXTI1_IRQHandler) refers to stm32f10x_exti.o(i.EXTI_ClearITPendingBit) for EXTI_ClearITPendingBit
    stm32f10x_it.o(i.EXTI1_IRQHandler) refers to stm32f10x_it.o(.data) for ac
    stm32f10x_it.o(i.EXTI1_IRQHandler) refers to loop.o(.data) for power_status
    stm32f10x_it.o(i.TIM2_IRQHandler) refers to stm32f10x_tim.o(i.TIM_GetITStatus) for TIM_GetITStatus
    stm32f10x_it.o(i.TIM2_IRQHandler) refers to stm32f10x_tim.o(i.TIM_ClearITPendingBit) for TIM_ClearITPendingBit
    stm32f10x_it.o(i.TIM2_IRQHandler) refers to tim2.o(.bss) for t2_count_ms
    stm32f10x_it.o(i.TIM3_IRQHandler) refers to stm32f10x_tim.o(i.TIM_GetITStatus) for TIM_GetITStatus
    stm32f10x_it.o(i.TIM3_IRQHandler) refers to stm32f10x_tim.o(i.TIM_ClearITPendingBit) for TIM_ClearITPendingBit
    stm32f10x_it.o(i.TIM3_IRQHandler) refers to loop.o(i.SoftReset) for SoftReset
    stm32f10x_it.o(i.TIM3_IRQHandler) refers to stm32f10x_it.o(.data) for tim3i
    iwdg.o(i.IWDG_Feed) refers to stm32f10x_iwdg.o(i.IWDG_ReloadCounter) for IWDG_ReloadCounter
    iwdg.o(i.IWDG_Init) refers to stm32f10x_iwdg.o(i.IWDG_WriteAccessCmd) for IWDG_WriteAccessCmd
    iwdg.o(i.IWDG_Init) refers to stm32f10x_iwdg.o(i.IWDG_SetPrescaler) for IWDG_SetPrescaler
    iwdg.o(i.IWDG_Init) refers to stm32f10x_iwdg.o(i.IWDG_SetReload) for IWDG_SetReload
    iwdg.o(i.IWDG_Init) refers to stm32f10x_iwdg.o(i.IWDG_ReloadCounter) for IWDG_ReloadCounter
    iwdg.o(i.IWDG_Init) refers to stm32f10x_iwdg.o(i.IWDG_Enable) for IWDG_Enable
    usart2.o(i.UART2GetByte) refers to stm32f10x_usart.o(i.USART_GetFlagStatus) for USART_GetFlagStatus
    usart2.o(i.UART2GetByte) refers to stm32f10x_usart.o(i.USART_ReceiveData) for USART_ReceiveData
    usart2.o(i.UART2SendByte) refers to stm32f10x_usart.o(i.USART_SendData) for USART_SendData
    usart2.o(i.UART2SendByte) refers to stm32f10x_usart.o(i.USART_GetFlagStatus) for USART_GetFlagStatus
    usart2.o(i.UART2Test) refers to stm32f10x_usart.o(i.USART_SendData) for USART_SendData
    usart2.o(i.UART2Test) refers to usart2.o(i.UART2GetByte) for UART2GetByte
[...]
    .bss                                     0x20000298   Section       36  tim2.o(.bss)
    .bss                                     0x200002bc   Section      104  usart3.o(.bss)
    .bss                                     0x20000324   Section      172  loop.o(.bss)
    .bss                                     0x200003d0   Section       32  w5500.o(.bss)
    SSIZE                                    0x200003d0   Data          16  w5500.o(.bss)
    RSIZE                                    0x200003e0   Data          16  w5500.o(.bss)
    .bss                                     0x200003f0   Section       86  w5500_config.o(.bss)
    .bss                                     0x20000446   Section     1046  dhcp.o(.bss)
    .bss                                     0x2000085c   Section      260  bd_tg.o(.bss)
    mqttPacket                               0x20000950   Data          16  bd_tg.o(.bss)
    .bss                                     0x20000960   Section     2348  tcp_demo.o(.bss)
    HEAP                                     0x20001290   Section      512  startup_stm32f10x_hd.o(HEAP)
    STACK                                    0x20001490   Section     1024  startup_stm32f10x_hd.o(STACK)

    Global Symbols

    Symbol Name                              Value     Ov Type        Size  Object(Section)

    BuildAttributes$$THM_ISAv4$P$D$K$B$S$PE$A:L22UL41UL21$X:L11$S22US41US21$IEEE1$IW$USESV6$~STKCKD$USESV7$~SHL$OTIME$ROPI$EBA8$MICROLIB$REQ8$PRES8$EABIv2 0x00000000   Number         0  anon$$obj.o ABSOLUTE
    __ARM_use_no_argv                        0x00000000   Number         0  main.o ABSOLUTE
    _printf_a                                0x00000000   Number         0  stubs.o ABSOLUTE
    _printf_c                                0x00000000   Number         0  stubs.o ABSOLUTE
    _printf_charcount                        0x00000000   Number         0  stubs.o ABSOLUTE
    _printf_d                                0x00000000   Number         0  stubs.o ABSOLUTE
    _printf_e                                0x00000000   Number         0  stubs.o ABSOLUTE
    _printf_f                                0x00000000   Number         0  stubs.o ABSOLUTE
    _printf_flags                            0x00000000   Number         0  stubs.o ABSOLUTE
    _printf_fp_dec                           0x00000000   Number         0  stubs.o ABSOLUTE
    _printf_fp_hex                           0x00000000   Number         0  stubs.o ABSOLUTE
    _printf_g                                0x00000000   Number         0  stubs.o ABSOLUTE
    _printf_i                                0x00000000   Number         0  stubs.o ABSOLUTE
    _printf_int_dec                          0x00000000   Number         0  stubs.o ABSOLUTE
    _printf_l                                0x00000000   Number         0  stubs.o ABSOLUTE
    _printf_lc                               0x00000000   Number         0  stubs.o ABSOLUTE
    _printf_ll                               0x00000000   Number         0  stubs.o ABSOLUTE
    _printf_lld                              0x00000000   Number         0  stubs.o ABSOLUTE
    _printf_lli                              0x00000000   Number         0  stubs.o ABSOLUTE
    _printf_llo                              0x00000000   Number         0  stubs.o ABSOLUTE
    _printf_llu                              0x00000000   Number         0  stubs.o ABSOLUTE
    _printf_llx                              0x00000000   Number         0  stubs.o ABSOLUTE
    _printf_longlong_dec                     0x00000000   Number         0  stubs.o ABSOLUTE
    _printf_longlong_hex                     0x00000000   Number         0  stubs.o ABSOLUTE
    _printf_longlong_oct                     0x00000000   Number         0  stubs.o ABSOLUTE
    _printf_ls                               0x00000000   Number         0  stubs.o ABSOLUTE
    _printf_mbtowc                           0x00000000   Number         0  stubs.o ABSOLUTE
    _printf_n                                0x00000000   Number         0  stubs.o ABSOLUTE
    _printf_o                                0x00000000   Number         0  stubs.o ABSOLUTE
    _printf_p                                0x00000000   Number         0  stubs.o ABSOLUTE
    _printf_percent                          0x00000000   Number         0  stubs.o ABSOLUTE
    _printf_pre_padding                      0x00000000   Number         0  stubs.o ABSOLUTE
    _printf_return_value                     0x00000000   Number         0  stubs.o ABSOLUTE
    _printf_s                                0x00000000   Number         0  stubs.o ABSOLUTE
    _printf_sizespec                         0x00000000   Number         0  stubs.o ABSOLUTE
    _printf_str                              0x00000000   Number         0  stubs.o ABSOLUTE
    _printf_truncate_signed                  0x00000000   Number         0  stubs.o ABSOLUTE
    _printf_truncate_unsigned                0x00000000   Number         0  stubs.o ABSOLUTE
    _printf_u                                0x00000000   Number         0  stubs.o ABSOLUTE
    _printf_wc                               0x00000000   Number         0  stubs.o ABSOLUTE
    _printf_wctomb                           0x00000000   Number         0  stubs.o ABSOLUTE
    _printf_widthprec                        0x00000000   Number         0  stubs.o ABSOLUTE
    _printf_x                                0x00000000   Number         0  stubs.o ABSOLUTE
    __cpp_initialize__aeabi_                  - Undefined Weak Reference
    __cxa_finalize                            - Undefined Weak Reference
    _clock_init                               - Undefined Weak Reference
    _microlib_exit                            - Undefined Weak Reference
    __Vectors_Size                           0x00000130   Number         0  startup_stm32f10x_hd.o ABSOLUTE
    __Vectors                                0x08005000   Data           4  startup_stm32f10x_hd.o(RESET)
    __Vectors_End                            0x08005130   Data           0  startup_stm32f10x_hd.o(RESET)
    __main                                   0x08005131   Thumb Code     0  entry.o(.ARM.Collect$$$$00000000)
    _main_stk                                0x08005131   Thumb Code     0  entry2.o(.ARM.Collect$$$$00000001)
    _main_scatterload                        0x08005135   Thumb Code     0  entry5.o(.ARM.Collect$$$$00000004)
    __main_after_scatterload                 0x08005139   Thumb Code     0  entry5.o(.ARM.Collect$$$$00000004)
    _main_clock                              0x08005139   Thumb Code     0  entry7b.o(.ARM.Collect$$$$00000008)
    _main_cpp_init                           0x08005139   Thumb Code     0  entry8b.o(.ARM.Collect$$$$0000000A)
    _main_init                               0x08005139   Thumb Code     0  entry9a.o(.ARM.Collect$$$$0000000B)
    __rt_final_cpp                           0x08005141   Thumb Code     0  entry10a.o(.ARM.Collect$$$$0000000D)
    __rt_final_exit                          0x08005141   Thumb Code     0  entry11a.o(.ARM.Collect$$$$0000000F)
    Reset_Handler                            0x08005145   Thumb Code     8  startup_stm32f10x_hd.o(.text)
    ADC1_2_IRQHandler                        0x0800515f   Thumb Code     0  startup_stm32f10x_hd.o(.text)
    ADC3_IRQHandler                          0x0800515f   Thumb Code     0  startup_stm32f10x_hd.o(.text)
    CAN1_RX1_IRQHandler                      0x0800515f   Thumb Code     0  startup_stm32f10x_hd.o(.text)
    CAN1_SCE_IRQHandler                      0x0800515f   Thumb Code     0  startup_stm32f10x_hd.o(.text)
    DMA1_Channel1_IRQHandler                 0x0800515f   Thumb Code     0  startup_stm32f10x_hd.o(.text)
    DMA1_Channel2_IRQHandler                 0x0800515f   Thumb Code     0  startup_stm32f10x_hd.o(.text)
    DMA1_Channel3_IRQHandler                 0x0800515f   Thumb Code     0  startup_stm32f10x_hd.o(.text)
    DMA1_Channel4_IRQHandler                 0x0800515f   Thumb Code     0  startup_stm32f10x_hd.o(.text)
    DMA1_Channel5_IRQHandler                 0x0800515f   Thumb Code     0  startup_stm32f10x_hd.o(.text)
    DMA1_Channel6_IRQHandler                 0x0800515f   Thumb Code     0  startup_stm32f10x_hd.o(.text)
    DMA1_Channel7_IRQHandler                 0x0800515f   Thumb Code     0  startup_stm32f10x_hd.o(.text)
    DMA2_Channel1_IRQHandler                 0x0800515f   Thumb Code     0  startup_stm32f10x_hd.o(.text)
    DMA2_Channel2_IRQHandler                 0x0800515f   Thumb Code     0  startup_stm32f10x_hd.o(.text)
    DMA2_Channel3_IRQHandler                 0x0800515f   Thumb Code     0  startup_stm32f10x_hd.o(.text)
    DMA2_Channel4_5_IRQHandler               0x0800515f   Thumb Code     0  startup_stm32f10x_hd.o(.text)
    EXTI15_10_IRQHandler                     0x0800515f   Thumb Code     0  startup_stm32f10x_hd.o(.text)
    EXTI2_IRQHandler                         0x0800515f   Thumb Code     0  startup_stm32f10x_hd.o(.text)
    EXTI3_IRQHandler                         0x0800515f   Thumb Code     0  startup_stm32f10x_hd.o(.text)
    EXTI4_IRQHandler                         0x0800515f   Thumb Code     0  startup_stm32f10x_hd.o(.text)
    EXTI9_5_IRQHandler                       0x0800515f   Thumb Code     0  startup_stm32f10x_hd.o(.text)
    FLASH_IRQHandler                         0x0800515f   Thumb Code     0  startup_stm32f10x_hd.o(.text)
    FSMC_IRQHandler                          0x0800515f   Thumb Code     0  startup_stm32f10x_hd.o(.text)
    I2C1_ER_IRQHandler                       0x0800515f   Thumb Code     0  startup_stm32f10x_hd.o(.text)
    I2C1_EV_IRQHandler                       0x0800515f   Thumb Code     0  startup_stm32f10x_hd.o(.text)
    I2C2_ER_IRQHandler                       0x0800515f   Thumb Code     0  startup_stm32f10x_hd.o(.text)
    I2C2_EV_IRQHandler                       0x0800515f   Thumb Code     0  startup_stm32f10x_hd.o(.text)
    PVD_IRQHandler                           0x0800515f   Thumb Code     0  startup_stm32f10x_hd.o(.text)
    RCC_IRQHandler                           0x0800515f   Thumb Code     0  startup_stm32f10x_hd.o(.text)
    RTCAlarm_IRQHandler                      0x0800515f   Thumb Code     0  startup_stm32f10x_hd.o(.text)
    RTC_IRQHandler                           0x0800515f   Thumb Code     0  startup_stm32f10x_hd.o(.text)
    SDIO_IRQHandler                          0x0800515f   Thumb Code     0  startup_stm32f10x_hd.o(.text)
    SPI1_IRQHandler                          0x0800515f   Thumb Code     0  startup_stm32f10x_hd.o(.text)
    SPI2_IRQHandler                          0x0800515f   Thumb Code     0  startup_stm32f10x_hd.o(.text)
    SPI3_IRQHandler                          0x0800515f   Thumb Code     0  startup_stm32f10x_hd.o(.text)
    TAMPER_IRQHandler                        0x0800515f   Thumb Code     0  startup_stm32f10x_hd.o(.text)
    TIM1_BRK_IRQHandler                      0x0800515f   Thumb Code     0  startup_stm32f10x_hd.o(.text)
    TIM1_CC_IRQHandler                       0x0800515f   Thumb Code     0  startup_stm32f10x_hd.o(.text)
    TIM1_TRG_COM_IRQHandler                  0x0800515f   Thumb Code     0  startup_stm32f10x_hd.o(.text)
    TIM1_UP_IRQHandler                       0x0800515f   Thumb Code     0  startup_stm32f10x_hd.o(.text)
    TIM4_IRQHandler                          0x0800515f   Thumb Code     0  startup_stm32f10x_hd.o(.text)
    TIM5_IRQHandler                          0x0800515f   Thumb Code     0  startup_stm32f10x_hd.o(.text)
    TIM6_IRQHandler                          0x0800515f   Thumb Code     0  startup_stm32f10x_hd.o(.text)
    TIM7_IRQHandler                          0x0800515f   Thumb Code     0  startup_stm32f10x_hd.o(.text)
    TIM8_BRK_IRQHandler                      0x0800515f   Thumb Code     0  startup_stm32f10x_hd.o(.text)
    TIM8_CC_IRQHandler                       0x0800515f   Thumb Code     0  startup_stm32f10x_hd.o(.text)
    TIM8_TRG_COM_IRQHandler                  0x0800515f   Thumb Code     0  startup_stm32f10x_hd.o(.text)
    TIM8_UP_IRQHandler                       0x0800515f   Thumb Code     0  startup_stm32f10x_hd.o(.text)
    UART4_IRQHandler                         0x0800515f   Thumb Code     0  startup_stm32f10x_hd.o(.text)
    UART5_IRQHandler                         0x0800515f   Thumb Code     0  startup_stm32f10x_hd.o(.text)
    USBWakeUp_IRQHandler                     0x0800515f   Thumb Code     0  startup_stm32f10x_hd.o(.text)
    USB_HP_CAN1_TX_IRQHandler                0x0800515f   Thumb Code     0  startup_stm32f10x_hd.o(.text)
    USB_LP_CAN1_RX0_IRQHandler               0x0800515f   Thumb Code     0  startup_stm32f10x_hd.o(.text)
    WWDG_IRQHandler                          0x0800515f   Thumb Code     0  startup_stm32f10x_hd.o(.text)
    __aeabi_memcpy                           0x08005169   Thumb Code    36  memcpya.o(.text)
    __aeabi_memcpy4                          0x08005169   Thumb Code     0  memcpya.o(.text)
    __aeabi_memcpy8                          0x08005169   Thumb Code     0  memcpya.o(.text)
    __aeabi_memset                           0x0800518d   Thumb Code    14  memseta.o(.text)
    __aeabi_memset4                          0x0800518d   Thumb Code     0  memseta.o(.text)
    __aeabi_memset8                          0x0800518d   Thumb Code     0  memseta.o(.text)
    __aeabi_memclr                           0x0800519b   Thumb Code     4  memseta.o(.text)
    __aeabi_memclr4                          0x0800519b   Thumb Code     0  memseta.o(.text)
    __aeabi_memclr8                          0x0800519b   Thumb Code     0  memseta.o(.text)
    _memset$wrapper                          0x0800519f   Thumb Code    18  memseta.o(.text)
    strstr                                   0x080051b1   Thumb Code    36  strstr.o(.text)
    strchr                                   0x080051d5   Thumb Code    20  strchr.o(.text)
    strlen                                   0x080051e9   Thumb Code    14  strlen.o(.text)
    memcmp                                   0x080051f7   Thumb Code    26  memcmp.o(.text)
    strncat                                  0x08005211   Thumb Code    40  strncat.o(.text)
    strcpy                                   0x08005239   Thumb Code    18  strcpy.o(.text)
    atoi                                     0x0800524b   Thumb Code    26  atoi.o(.text)
    __aeabi_dadd                             0x08005265   Thumb Code   322  dadd.o(.text)
    __aeabi_dsub                             0x080053a7   Thumb Code     6  dadd.o(.text)
    __aeabi_drsub                            0x080053ad   Thumb Code     6  dadd.o(.text)
    __aeabi_dmul                             0x080053b3   Thumb Code   228  dmul.o(.text)
    __aeabi_i2d                              0x08005497   Thumb Code    34  dflti.o(.text)
    __aeabi_ui2d                             0x080054b9   Thumb Code    26  dfltui.o(.text)
    __aeabi_f2iz                             0x080054d3   Thumb Code    50  ffixi.o(.text)
    __aeabi_d2uiz                            0x08005505   Thumb Code    50  dfixui.o(.text)
    __aeabi_d2f                              0x08005537   Thumb Code    56  d2f.o(.text)
    __aeabi_uidiv                            0x0800556f   Thumb Code     0  uidiv.o(.text)
    __aeabi_uidivmod                         0x0800556f   Thumb Code    44  uidiv.o(.text)
    __aeabi_uldivmod                         0x0800559b   Thumb Code    98  uldiv.o(.text)
    __aeabi_llsl                             0x080055fd   Thumb Code    30  llshl.o(.text)
    _ll_shift_l                              0x080055fd   Thumb Code     0  llshl.o(.text)
    __aeabi_llsr                             0x0800561b   Thumb Code    32  llushr.o(.text)
    _ll_ushift_r                             0x0800561b   Thumb Code     0  llushr.o(.text)
    __aeabi_lasr                             0x0800563b   Thumb Code    36  llsshr.o(.text)
    _ll_sshift_r                             0x0800563b   Thumb Code     0  llsshr.o(.text)
    strtol                                   0x0800565f   Thumb Code   112  strtol.o(.text)
    __I$use$fp                               0x080056cf   Thumb Code     0  iusefp.o(.text)
    _float_round                             0x080056cf   Thumb Code    18  fepilogue.o(.text)
    _float_epilogue                          0x080056e1   Thumb Code    92  fepilogue.o(.text)
    _double_round                            0x0800573d   Thumb Code    30  depilogue.o(.text)
    _double_epilogue                         0x0800575b   Thumb Code   156  depilogue.o(.text)
    __aeabi_ddiv                             0x080057f7   Thumb Code   222  ddiv.o(.text)
    __aeabi_d2ulz                            0x080058d5   Thumb Code    48  dfixul.o(.text)
    __aeabi_cdrcmple                         0x08005905   Thumb Code    48  cdrcmple.o(.text)
    __scatterload                            0x08005935   Thumb Code    28  init.o(.text)
    __scatterload_rt2                        0x08005935   Thumb Code     0  init.o(.text)
    __rt_ctype_table                         0x08005959   Thumb Code     4  ctype_o.o(.text)
    _strtoul                                 0x08005961   Thumb Code   158  _strtoul.o(.text)
    _chval                                   0x080059ff   Thumb Code    28  _chval.o(.text)
    __decompress                             0x08005a1b   Thumb Code     0  __dczerorl2.o(.text)
    __decompress1                            0x08005a1b   Thumb Code    86  __dczerorl2.o(.text)
    ADC1_Init                                0x08005acd   Thumb Code    12  adc.o(i.ADC1_Init)
    ADC_Cmd                                  0x08005bd5   Thumb Code    22  stm32f10x_adc.o(i.ADC_Cmd)
    ADC_DMACmd                               0x08005beb   Thumb Code    22  stm32f10x_adc.o(i.ADC_DMACmd)
    ADC_GetCalibrationStatus                 0x08005c01   Thumb Code    20  stm32f10x_adc.o(i.ADC_GetCalibrationStatus)
    ADC_GetResetCalibrationStatus            0x08005c15   Thumb Code    20  stm32f10x_adc.o(i.ADC_GetResetCalibrationStatus)
    ADC_Init                                 0x08005c29   Thumb Code    70  stm32f10x_adc.o(i.ADC_Init)
    ADC_RegularChannelConfig                 0x08005c79   Thumb Code   184  stm32f10x_adc.o(i.ADC_RegularChannelConfig)
    ADC_ResetCalibration                     0x08005d31   Thumb Code    10  stm32f10x_adc.o(i.ADC_ResetCalibration)
    ADC_SoftwareStartConvCmd                 0x08005d3b   Thumb Code    22  stm32f10x_adc.o(i.ADC_SoftwareStartConvCmd)
    ADC_StartCalibration                     0x08005d51   Thumb Code    10  stm32f10x_adc.o(i.ADC_StartCalibration)
    ADXL345_ReadXYZ                          0x08005d5d   Thumb Code   238  adxl345.o(i.ADXL345_ReadXYZ)
    ADXL345_init                             0x08005e51   Thumb Code   160  adxl345.o(i.ADXL345_init)
    ADXL345_read_byte                        0x08005ef1   Thumb Code    74  adxl345.o(i.ADXL345_read_byte)
    ADXL345_write_byte                       0x08005f45   Thumb Code    68  adxl345.o(i.ADXL345_write_byte)
    BD_TG_DevLink                            0x08005f91   Thumb Code   236  bd_tg.o(i.BD_TG_DevLink)
    BD_TG_Publish                            0x080061ad   Thumb Code   118  bd_tg.o(i.BD_TG_Publish)
    BD_TG_RevPro                             0x08006249   Thumb Code   554  bd_tg.o(i.BD_TG_RevPro)
    BD_TG_Subscribe                          0x08006609   Thumb Code   158  bd_tg.o(i.BD_TG_Subscribe)
    BusFault_Handler                         0x08006719   Thumb Code     4  stm32f10x_it.o(i.BusFault_Handler)
    DHT11_GetValue                           0x0800671d   Thumb Code   146  dht11.o(i.DHT11_GetValue)
    DHT11_ReadData                           0x080067b5   Thumb Code    84  dht11.o(i.DHT11_ReadData)
    DMA_Cmd                                  0x0800680d   Thumb Code    24  stm32f10x_dma.o(i.DMA_Cmd)
    DMA_DeInit                               0x08006825   Thumb Code   324  stm32f10x_dma.o(i.DMA_DeInit)
    DMA_Init                                 0x08006971   Thumb Code    60  stm32f10x_dma.o(i.DMA_Init)
    DebugMon_Handler                         0x080069ad   Thumb Code     2  stm32f10x_it.o(i.DebugMon_Handler)
    EXTI0_IRQHandler                         0x080069b1   Thumb Code    38  stm32f10x_it.o(i.EXTI0_IRQHandler)
    EXTI1_IRQHandler                         0x080069e5   Thumb Code    38  stm32f10x_it.o(i.EXTI1_IRQHandler)
    EXTI_ClearITPendingBit                   0x08006a19   Thumb Code     6  stm32f10x_exti.o(i.EXTI_ClearITPendingBit)
    EXTI_ENABLE                              0x08006a25   Thumb Code    12  exti.o(i.EXTI_ENABLE)
    EXTI_GetITStatus                         0x08006a31   Thumb Code    34  stm32f10x_exti.o(i.EXTI_GetITStatus)
    EXTI_Init                                0x08006a59   Thumb Code   142  stm32f10x_exti.o(i.EXTI_Init)
    EXTI_PA0_Config                          0x08006aed   Thumb Code   106  exti.o(i.EXTI_PA0_Config)
    EXTI_PA1_Config                          0x08006b5d   Thumb Code   106  exti.o(i.EXTI_PA1_Config)
    GPIO_Configuration                       0x08006bcd   Thumb Code   560  gpio.o(i.GPIO_Configuration)
    GPIO_EXTILineConfig                      0x08006e0d   Thumb Code    60  stm32f10x_gpio.o(i.GPIO_EXTILineConfig)
    GPIO_Init                                0x08006e4d   Thumb Code   278  stm32f10x_gpio.o(i.GPIO_Init)
    GPIO_PinRemapConfig                      0x08006f65   Thumb Code   138  stm32f10x_gpio.o(i.GPIO_PinRemapConfig)
    GPIO_ReadInputDataBit                    0x08006ff5   Thumb Code    18  stm32f10x_gpio.o(i.GPIO_ReadInputDataBit)
    GPIO_ResetBits                           0x08007007   Thumb Code     4  stm32f10x_gpio.o(i.GPIO_ResetBits)
    GPIO_SetBits                             0x0800700b   Thumb Code     4  stm32f10x_gpio.o(i.GPIO_SetBits)
    GPIO_StructInit                          0x0800700f   Thumb Code    16  stm32f10x_gpio.o(i.GPIO_StructInit)
    GetLockCode                              0x08007021   Thumb Code    62  loop.o(i.GetLockCode)
    HardFault_Handler                        0x0800707d   Thumb Code     4  stm32f10x_it.o(i.HardFault_Handler)
    IINCHIP_CSoff                            0x08007081   Thumb Code    10  w5500.o(i.IINCHIP_CSoff)
    IINCHIP_CSon                             0x0800708b   Thumb Code    10  w5500.o(i.IINCHIP_CSon)
    IINCHIP_READ                             0x08007095   Thumb Code    50  w5500.o(i.IINCHIP_READ)
    IINCHIP_SpiSendData                      0x080070c7   Thumb Code    12  w5500.o(i.IINCHIP_SpiSendData)
    IINCHIP_WRITE                            0x080070d3   Thumb Code    50  w5500.o(i.IINCHIP_WRITE)
    IWDG_Enable                              0x08007105   Thumb Code    10  stm32f10x_iwdg.o(i.IWDG_Enable)
    IWDG_Feed                                0x08007115   Thumb Code     8  iwdg.o(i.IWDG_Feed)
    IWDG_Init                                0x0800711d   Thumb Code    36  iwdg.o(i.IWDG_Init)
    IWDG_ReloadCounter                       0x08007141   Thumb Code    10  stm32f10x_iwdg.o(i.IWDG_ReloadCounter)
    IWDG_SetPrescaler                        0x08007151   Thumb Code     6  stm32f10x_iwdg.o(i.IWDG_SetPrescaler)
    IWDG_SetReload                           0x0800715d   Thumb Code     6  stm32f10x_iwdg.o(i.IWDG_SetReload)
    IWDG_WriteAccessCmd                      0x08007169   Thumb Code     6  stm32f10x_iwdg.o(i.IWDG_WriteAccessCmd)
    Initialization_configuration             0x08007175   Thumb Code   144  loop.o(i.Initialization_configuration)
    MQTT_DeleteBuffer                        0x08007225   Thumb Code    28  mqttkit.o(i.MQTT_DeleteBuffer)
    MQTT_DumpLength                          0x08007241   Thumb Code    46  mqttkit.o(i.MQTT_DumpLength)
    MQTT_NewBuffer                           0x08007271   Thumb Code    96  mqttkit.o(i.MQTT_NewBuffer)
    MQTT_PacketCmdResp                       0x080072dd   Thumb Code   132  mqttkit.o(i.MQTT_PacketCmdResp)
    MQTT_PacketConnect                       0x08007369   Thumb Code   662  mqttkit.o(i.MQTT_PacketConnect)
    MQTT_PacketPublish                       0x08007605   Thumb Code   316  mqttkit.o(i.MQTT_PacketPublish)
    MQTT_PacketPublishAck                    0x08007751   Thumb Code    72  mqttkit.o(i.MQTT_PacketPublishAck)
    MQTT_PacketPublishComp                   0x08007799   Thumb Code    72  mqttkit.o(i.MQTT_PacketPublishComp)
    MQTT_PacketPublishRec                    0x080077e1   Thumb Code    72  mqttkit.o(i.MQTT_PacketPublishRec)
    MQTT_PacketPublishRel                    0x08007829   Thumb Code    72  mqttkit.o(i.MQTT_PacketPublishRel)
    MQTT_PacketSubscribe                     0x08007871   Thumb Code   252  mqttkit.o(i.MQTT_PacketSubscribe)
    MQTT_PacketUnSubscribe                   0x0800796d   Thumb Code   236  mqttkit.o(i.MQTT_PacketUnSubscribe)
    MQTT_ReadLength                          0x08007a59   Thumb Code    70  mqttkit.o(i.MQTT_ReadLength)
    MQTT_UnPacketCmd                         0x08007a9f   Thumb Code   138  mqttkit.o(i.MQTT_UnPacketCmd)
    MQTT_UnPacketConnectAck                  0x08007b29   Thumb Code    30  mqttkit.o(i.MQTT_UnPacketConnectAck)
    MQTT_UnPacketPublish                     0x08007b49   Thumb Code   390  mqttkit.o(i.MQTT_UnPacketPublish)
    MQTT_UnPacketPublishAck                  0x08007cd9   Thumb Code    30  mqttkit.o(i.MQTT_UnPacketPublishAck)
    MQTT_UnPacketPublishComp                 0x08007cf7   Thumb Code    30  mqttkit.o(i.MQTT_UnPacketPublishComp)
    MQTT_UnPacketPublishRec                  0x08007d15   Thumb Code    30  mqttkit.o(i.MQTT_UnPacketPublishRec)
    MQTT_UnPacketPublishRel                  0x08007d33   Thumb Code    36  mqttkit.o(i.MQTT_UnPacketPublishRel)
    MQTT_UnPacketRecv                        0x08007d59   Thumb Code   106  mqttkit.o(i.MQTT_UnPacketRecv)
    MQTT_UnPacketSubscribe                   0x08007dcd   Thumb Code    52  mqttkit.o(i.MQTT_UnPacketSubscribe)
    MQTT_UnPacketUnSubscribe                 0x08007e01   Thumb Code    18  mqttkit.o(i.MQTT_UnPacketUnSubscribe)
    MQTT_UnSubscribe                         0x08007e15   Thumb Code    86  bd_tg.o(i.MQTT_UnSubscribe)
    MemManage_Handler                        0x08007e81   Thumb Code     4  stm32f10x_it.o(i.MemManage_Handler)
    NMI_Handler                              0x08007e85   Thumb Code     2  stm32f10x_it.o(i.NMI_Handler)
    NVIC_Init                                0x08007e89   Thumb Code   100  misc.o(i.NVIC_Init)
    NVIC_PriorityGroupConfig                 0x08007ef9   Thumb Code    10  misc.o(i.NVIC_PriorityGroupConfig)
    PendSV_Handler                           0x08007f0d   Thumb Code     2  stm32f10x_it.o(i.PendSV_Handler)
    Power_check                              0x08007f11   Thumb Code    62  loop.o(i.Power_check)
    RCC_ADCCLKConfig                         0x08007f59   Thumb Code    18  stm32f10x_rcc.o(i.RCC_ADCCLKConfig)
    RCC_AHBPeriphClockCmd                    0x08007f71   Thumb Code    26  stm32f10x_rcc.o(i.RCC_AHBPeriphClockCmd)
    RCC_APB1PeriphClockCmd                   0x08007f91   Thumb Code    26  stm32f10x_rcc.o(i.RCC_APB1PeriphClockCmd)
    RCC_APB1PeriphResetCmd                   0x08007fb1   Thumb Code    26  stm32f10x_rcc.o(i.RCC_APB1PeriphResetCmd)
    RCC_APB2PeriphClockCmd                   0x08007fd1   Thumb Code    26  stm32f10x_rcc.o(i.RCC_APB2PeriphClockCmd)
    RCC_APB2PeriphResetCmd                   0x08007ff1   Thumb Code    26  stm32f10x_rcc.o(i.RCC_APB2PeriphResetCmd)
    RCC_GetClocksFreq                        0x08008011   Thumb Code   192  stm32f10x_rcc.o(i.RCC_GetClocksFreq)
    Reset_W5500                              0x080080e5   Thumb Code    34  spi2.o(i.Reset_W5500)
    SPI2_SendByte                            0x0800810d   Thumb Code    50  spi2.o(i.SPI2_SendByte)
    SPI_Cmd                                  0x08008145   Thumb Code    24  stm32f10x_spi.o(i.SPI_Cmd)
    SPI_I2S_GetFlagStatus                    0x0800815d   Thumb Code    18  stm32f10x_spi.o(i.SPI_I2S_GetFlagStatus)
    SPI_I2S_ReceiveData                      0x0800816f   Thumb Code     6  stm32f10x_spi.o(i.SPI_I2S_ReceiveData)
    SPI_I2S_SendData                         0x08008175   Thumb Code     4  stm32f10x_spi.o(i.SPI_I2S_SendData)
    SPI_Init                                 0x08008179   Thumb Code    60  stm32f10x_spi.o(i.SPI_Init)
    SPI_init                                 0x080081b5   Thumb Code   168  adxl345.o(i.SPI_init)
    SVC_Handler                              0x08008269   Thumb Code     2  stm32f10x_it.o(i.SVC_Handler)
    SoftReset                                0x08008355   Thumb Code    38  loop.o(i.SoftReset)
    SysTick_Handler                          0x08008385   Thumb Code     2  stm32f10x_it.o(i.SysTick_Handler)
    SystemInit                               0x08008389   Thumb Code    76  system_stm32f10x.o(i.SystemInit)
    Systick_Init                             0x080083e9   Thumb Code    56  delay.o(i.Systick_Init)
    TIM2_Configuration                       0x08008429   Thumb Code    82  tim2.o(i.TIM2_Configuration)
    TIM2_IRQHandler                          0x0800847d   Thumb Code    46  stm32f10x_it.o(i.TIM2_IRQHandler)
    TIM2_NVIC_Configuration                  0x080084b1   Thumb Code    42  tim2.o(i.TIM2_NVIC_Configuration)
    TIM3_Configuration                       0x080084dd   Thumb Code    78  tim2.o(i.TIM3_Configuration)
    TIM3_IRQHandler                          0x08008531   Thumb Code    72  stm32f10x_it.o(i.TIM3_IRQHandler)
    TIM3_NVIC_Configuration                  0x08008585   Thumb Code    42  tim2.o(i.TIM3_NVIC_Configuration)
    TIM_ClearFlag                            0x080085af   Thumb Code     6  stm32f10x_tim.o(i.TIM_ClearFlag)
    TIM_ClearITPendingBit                    0x080085b5   Thumb Code     6  stm32f10x_tim.o(i.TIM_ClearITPendingBit)
    TIM_Cmd                                  0x080085bb   Thumb Code    24  stm32f10x_tim.o(i.TIM_Cmd)
    TIM_DeInit                               0x080085d5   Thumb Code   424  stm32f10x_tim.o(i.TIM_DeInit)
    TIM_GetITStatus                          0x080087bd   Thumb Code    34  stm32f10x_tim.o(i.TIM_GetITStatus)
    TIM_ITConfig                             0x080087df   Thumb Code    18  stm32f10x_tim.o(i.TIM_ITConfig)
    TIM_TimeBaseInit                         0x080087f1   Thumb Code   122  stm32f10x_tim.o(i.TIM_TimeBaseInit)
    USART1_Config                            0x08008895   Thumb Code   132  usart1.o(i.USART1_Config)
    USART1_IRQHandler                        0x08008921   Thumb Code   194  usart1.o(i.USART1_IRQHandler)
    USART1_NVIC_Configuration                0x080089f1   Thumb Code    40  usart1.o(i.USART1_NVIC_Configuration)
    USART2_Config                            0x08008a19   Thumb Code   136  usart2.o(i.USART2_Config)
    USART2_IRQHandler                        0x08008aa9   Thumb Code   408  usart2.o(i.USART2_IRQHandler)
    USART2_NVIC_Configuration                0x08008c59   Thumb Code    42  usart2.o(i.USART2_NVIC_Configuration)
    USART3_Config                            0x08008c85   Thumb Code   138  usart3.o(i.USART3_Config)
    USART3_IRQHandler                        0x08008d19   Thumb Code   214  usart3.o(i.USART3_IRQHandler)
    USART3_NVIC_Configuration                0x08008e11   Thumb Code    40  usart3.o(i.USART3_NVIC_Configuration)
    USART_ClearFlag                          0x08008e39   Thumb Code    18  stm32f10x_usart.o(i.USART_ClearFlag)
    USART_Cmd                                0x08008e4b   Thumb Code    24  stm32f10x_usart.o(i.USART_Cmd)
    USART_GetFlagStatus                      0x08008e63   Thumb Code    26  stm32f10x_usart.o(i.USART_GetFlagStatus)
    USART_GetITStatus                        0x08008e7d   Thumb Code    84  stm32f10x_usart.o(i.USART_GetITStatus)
    USART_ITConfig                           0x08008ed1   Thumb Code    74  stm32f10x_usart.o(i.USART_ITConfig)
    USART_Init                               0x08008f1d   Thumb Code   210  stm32f10x_usart.o(i.USART_Init)
    USART_ReceiveData                        0x08008ff5   Thumb Code    10  stm32f10x_usart.o(i.USART_ReceiveData)
    USART_SendData                           0x08008fff   Thumb Code     8  stm32f10x_usart.o(i.USART_SendData)
    USART_SendDatacmd                        0x08009007   Thumb Code    16  loop.o(i.USART_SendDatacmd)
    UsageFault_Handler                       0x08009017   Thumb Code     4  stm32f10x_it.o(i.UsageFault_Handler)
    WIZ_CS                                   0x0800901d   Thumb Code    32  spi2.o(i.WIZ_CS)
    WIZ_SPI_Init                             0x08009041   Thumb Code   162  spi2.o(i.WIZ_SPI_Init)
    __0printf                                0x080090ed   Thumb Code    22  printfa.o(i.__0printf)
    __1printf                                0x080090ed   Thumb Code     0  printfa.o(i.__0printf)
    __2printf                                0x080090ed   Thumb Code     0  printfa.o(i.__0printf)
    __c89printf                              0x080090ed   Thumb Code     0  printfa.o(i.__0printf)
    printf                                   0x080090ed   Thumb Code     0  printfa.o(i.__0printf)
    __0sprintf                               0x0800910d   Thumb Code    34  printfa.o(i.__0sprintf)
    __1sprintf                               0x0800910d   Thumb Code     0  printfa.o(i.__0sprintf)
    __2sprintf                               0x0800910d   Thumb Code     0  printfa.o(i.__0sprintf)
    __c89sprintf                             0x0800910d   Thumb Code     0  printfa.o(i.__0sprintf)
    sprintf                                  0x0800910d   Thumb Code     0  printfa.o(i.__0sprintf)
    __aeabi_errno_addr                       0x08009135   Thumb Code     4  errno.o(i.__aeabi_errno_addr)
    __rt_errno_addr                          0x08009135   Thumb Code     0  errno.o(i.__aeabi_errno_addr)
    __scatterload_copy                       0x0800913d   Thumb Code    14  handlers.o(i.__scatterload_copy)
    __scatterload_null                       0x0800914b   Thumb Code     2  handlers.o(i.__scatterload_null)
    __scatterload_zeroinit                   0x0800914d   Thumb Code    14  handlers.o(i.__scatterload_zeroinit)
    application                              0x08009a19   Thumb Code  5116  loop.o(i.application)
    at24c16_init                             0x0800ae39   Thumb Code    60  24c16.o(i.at24c16_init)
    at24c16_read                             0x0800ae79   Thumb Code    70  24c16.o(i.at24c16_read)
    at24c16_start                            0x0800aec1   Thumb Code    50  24c16.o(i.at24c16_start)
    at24c16_stop                             0x0800aef9   Thumb Code    40  24c16.o(i.at24c16_stop)
    at24c16_write                            0x0800af25   Thumb Code    80  24c16.o(i.at24c16_write)
    auto_dhcp                                0x0800af75   Thumb Code    88  dhcp.o(i.auto_dhcp)
    check_DHCP_Timeout                       0x0800b02d   Thumb Code   110  dhcp.o(i.check_DHCP_Timeout)
    check_DHCP_state                         0x0800b0b1   Thumb Code   328  dhcp.o(i.check_DHCP_state)
    check_leasedIP                           0x0800b219   Thumb Code    38  dhcp.o(i.check_leasedIP)
    clock                                    0x0800b259   Thumb Code    62  24c16.o(i.clock)
    close                                    0x0800b29d   Thumb Code    52  socket.o(i.close)
    connect                                  0x0800b2d1   Thumb Code   248  socket.o(i.connect)
    delay_ms                                 0x0800b3c9   Thumb Code    56  delay.o(i.delay_ms)
    delay_us                                 0x0800b405   Thumb Code    56  delay.o(i.delay_us)
    do_tcp_client                            0x0800b441   Thumb Code   604  tcp_demo.o(i.do_tcp_client)
    erase_eeprom                             0x0800b719   Thumb Code    30  24c16.o(i.erase_eeprom)
    fputc                                    0x0800b739   Thumb Code    32  usart2.o(i.fputc)
    free                                     0x0800b75d   Thumb Code    76  malloc.o(i.free)
    getGAR                                   0x0800b7ad   Thumb Code    16  w5500.o(i.getGAR)
    getIINCHIP_TxMAX                         0x0800b7bd   Thumb Code    10  w5500.o(i.getIINCHIP_TxMAX)
    getPHYStatus                             0x0800b7cd   Thumb Code    12  w5500.o(i.getPHYStatus)
    getSIPR                                  0x0800b7d9   Thumb Code    18  w5500.o(i.getSIPR)
    getSUBR                                  0x0800b7eb   Thumb Code    18  w5500.o(i.getSUBR)
    getSn_IR                                 0x0800b7fd   Thumb Code    18  w5500.o(i.getSn_IR)
    getSn_RX_RSR                             0x0800b80f   Thumb Code    84  w5500.o(i.getSn_RX_RSR)
    getSn_SR                                 0x0800b863   Thumb Code    18  w5500.o(i.getSn_SR)
    getSn_TX_FSR                             0x0800b875   Thumb Code    84  w5500.o(i.getSn_TX_FSR)
    htonl                                    0x0800b8c9   Thumb Code    12  ult.o(i.htonl)
    htons                                    0x0800b8d5   Thumb Code    12  ult.o(i.htons)
    main                                     0x0800b8e1   Thumb Code    18  main.o(i.main)
    malloc                                   0x0800b8f5   Thumb Code    92  malloc.o(i.malloc)
    ntohl                                    0x0800b961   Thumb Code    12  ult.o(i.ntohl)
    parseDHCPMSG                             0x0800b96d   Thumb Code   326  dhcp.o(i.parseDHCPMSG)
    read_1byte                               0x0800badd   Thumb Code   110  24c16.o(i.read_1byte)
    read_config                              0x0800bb51   Thumb Code   214  loop.o(i.read_config)
    recv                                     0x0800bc99   Thumb Code    66  socket.o(i.recv)
    recv_data_processing                     0x0800bcdd   Thumb Code   116  w5500.o(i.recv_data_processing)
    recvfrom                                 0x0800bd71   Thumb Code   486  socket.o(i.recvfrom)
    reset_DHCP_time                          0x0800bf71   Thumb Code    28  dhcp.o(i.reset_DHCP_time)
    send                                     0x0800bf9d   Thumb Code   224  socket.o(i.send)
    send_DHCP_DISCOVER                       0x0800c0a1   Thumb Code   680  dhcp.o(i.send_DHCP_DISCOVER)
    send_DHCP_RELEASE_DECLINE                0x0800c375   Thumb Code   648  dhcp.o(i.send_DHCP_RELEASE_DECLINE)
    send_DHCP_REQUEST                        0x0800c611   Thumb Code   956  dhcp.o(i.send_DHCP_REQUEST)
    send_data_processing                     0x0800ca01   Thumb Code   108  w5500.o(i.send_data_processing)
    sendto                                   0x0800ca6d   Thumb Code   268  socket.o(i.sendto)
    setGAR                                   0x0800cb79   Thumb Code    16  w5500.o(i.setGAR)
    setKPALVTR                               0x0800cb89   Thumb Code    22  tcp_demo.o(i.setKPALVTR)
    setSHAR                                  0x0800cb9f   Thumb Code    18  w5500.o(i.setSHAR)
    setSIPR                                  0x0800cbb1   Thumb Code    18  w5500.o(i.setSIPR)
    setSUBR                                  0x0800cbc3   Thumb Code    18  w5500.o(i.setSUBR)
    setSn_IR                                 0x0800cbd5   Thumb Code    22  w5500.o(i.setSn_IR)
    set_object_ip                            0x0800cbed   Thumb Code   168  tcp_demo.o(i.set_object_ip)
    set_w5500_ip                             0x0800cd05   Thumb Code   298  w5500_config.o(i.set_w5500_ip)
    set_w5500_mac                            0x0800cf3d   Thumb Code    46  w5500_config.o(i.set_w5500_mac)
    socket                                   0x0800cf79   Thumb Code   192  socket.o(i.socket)
    swapl                                    0x0800d03d   Thumb Code    28  ult.o(i.swapl)
    swaps                                    0x0800d059   Thumb Code    14  ult.o(i.swaps)
    sysinit                                  0x0800d069   Thumb Code   302  w5500.o(i.sysinit)
    w5500_check                              0x0800d1a1   Thumb Code   116  w5500.o(i.w5500_check)
    wiz_read_buf                             0x0800d241   Thumb Code    78  w5500.o(i.wiz_read_buf)
    wiz_write_buf                            0x0800d2a9   Thumb Code    80  w5500.o(i.wiz_write_buf)
    write_1byte                              0x0800d311   Thumb Code   122  24c16.o(i.write_1byte)
    __ctype_table                            0x0800d390   Data         129  ctype_o.o(.constdata)
    Region$$Table$$Base                      0x0800d530   Number         0  anon$$obj.o(Region$$Table)
    Region$$Table$$Limit                     0x0800d550   Number         0  anon$$obj.o(Region$$Table)
    buflen                                   0x20000000   Data           4  stm32f10x_it.o(.data)
    i                                        0x20000004   Data           4  stm32f10x_it.o(.data)
    j                                        0x20000008   Data           4  stm32f10x_it.o(.data)
    ac                                       0x2000000c   Data           4  stm32f10x_it.o(.data)
    battery                                  0x20000010   Data           4  stm32f10x_it.o(.data)
    tim3i                                    0x20000014   Data           4  stm32f10x_it.o(.data)
    tim3fquence                              0x20000018   Data           4  stm32f10x_it.o(.data)
    acc_on                                   0x2000001c   Data           1  stm32f10x_it.o(.data)
    tim3_reset                               0x2000001d   Data           1  usart2.o(.data)
    rxd_buffer_locked3                       0x20000022   Data           1  usart3.o(.data)
    usart_flg3                               0x20000023   Data           1  usart3.o(.data)
    ptr_rxd_buffer3                          0x20000024   Data           1  usart3.o(.data)
    start3                                   0x20000025   Data           1  usart3.o(.data)
    crc3                                     0x20000026   Data           1  usart3.o(.data)
    usart3_test                              0x20000027   Data           1  usart3.o(.data)
    ADC_ConvertedValue                       0x20000028   Data           2  adc.o(.data)
    ADC_Result                               0x2000002a   Data           6  adc.o(.data)
    adc_save_idx                             0x20000030   Data           2  adc.o(.data)
    result                                   0x20000034   Data          20  loop.o(.data)
    Lock_Code                                0x20000048   Data           4  loop.o(.data)
    sub_len                                  0x2000004c   Data           1  loop.o(.data)
    sub_name                                 0x2000004d   Data           1  loop.o(.data)
    reboot_sum                               0x2000004e   Data           1  loop.o(.data)
    uart_w5500_mac_config                    0x2000004f   Data           1  loop.o(.data)
    uart_w5500_port_config                   0x20000050   Data           1  loop.o(.data)
    external1                                0x20000051   Data           7  loop.o(.data)
    external3                                0x20000058   Data           7  loop.o(.data)
    interiol                                 0x2000005f   Data           7  loop.o(.data)
    status_code1                             0x20000066   Data           1  loop.o(.data)
    status_code2                             0x20000067   Data           1  loop.o(.data)
    status_code3                             0x20000068   Data           1  loop.o(.data)
    flag                                     0x20000069   Data           1  loop.o(.data)
    ee_test                                  0x2000006a   Data           1  loop.o(.data)
    read_dht11                               0x2000006b   Data           1  loop.o(.data)
    send_data                                0x2000006c   Data           1  loop.o(.data)
    Disconnect_Request                       0x2000006d   Data           2  loop.o(.data)
    temp_rh                                  0x2000006f   Data           2  loop.o(.data)
    uart2_send_read                          0x20000071   Data           1  loop.o(.data)
    uart2_send_write                         0x20000072   Data           1  loop.o(.data)
    noise_status                             0x20000073   Data           1  loop.o(.data)
    work_Acc_success                         0x20000074   Data           1  loop.o(.data)
    mqtt_send_time                           0x20000075   Data           1  loop.o(.data)
    id_name_all                              0x20000078   Data           4  loop.o(.data)
    id_name                                  0x2000007c   Data           4  loop.o(.data)
    work_dht11_status                        0x20000080   Data           1  loop.o(.data)
    work_noise_status                        0x20000081   Data           1  loop.o(.data)
    work_uart_status                         0x20000082   Data           1  loop.o(.data)
    work_Acceleration_status                 0x20000083   Data           1  loop.o(.data)
    disconnet                                0x20000084   Data           2  loop.o(.data)
    overtime                                 0x20000086   Data           2  loop.o(.data)
    mqtt_send_xin                            0x20000088   Data           1  loop.o(.data)
    overtime_reset                           0x20000089   Data           1  loop.o(.data)
    work_status                              0x2000008a   Data           1  loop.o(.data)
    network_status                           0x2000008b   Data           1  loop.o(.data)
    led_set_work                             0x2000008c   Data           1  loop.o(.data)
    led_set_network                          0x2000008d   Data           1  loop.o(.data)
    sum                                      0x2000008e   Data           1  loop.o(.data)
    external_driver                          0x2000008f   Data           1  loop.o(.data)
    external_led1                            0x20000090   Data           1  loop.o(.data)
    external_led2                            0x20000091   Data           1  loop.o(.data)
    external_led3                            0x20000092   Data           1  loop.o(.data)
    external_led4                            0x20000093   Data           1  loop.o(.data)
    external_led5                            0x20000094   Data           1  loop.o(.data)
    external_led6                            0x20000095   Data           1  loop.o(.data)
    external_led_open                        0x20000096   Data           1  loop.o(.data)
    power_status                             0x20000097   Data           1  loop.o(.data)
    battery_status                           0x20000098   Data           1  loop.o(.data)
    power_time                               0x20000099   Data           1  loop.o(.data)
    battery_time                             0x2000009a   Data           1  loop.o(.data)
    w5500_connect_success                    0x2000009b   Data           1  loop.o(.data)
    W5500_REBOOT                             0x2000009c   Data           1  loop.o(.data)
    w5500_success_crc                        0x2000009d   Data           1  loop.o(.data)
    mac                                      0x200000b4   Data           6  w5500_config.o(.data)
    local_ip                                 0x200000ba   Data           4  w5500_config.o(.data)
    subnet                                   0x200000be   Data           4  w5500_config.o(.data)
    gateway                                  0x200000c2   Data           4  w5500_config.o(.data)
    dns_server                               0x200000c6   Data           4  w5500_config.o(.data)
    local_port                               0x200000ca   Data           2  w5500_config.o(.data)
    ip_from                                  0x200000cc   Data           1  w5500_config.o(.data)
    BD_TG_ping_time                          0x200000d0   Data           4  w5500_config.o(.data)
    dhcp_ok                                  0x200000d4   Data           1  w5500_config.o(.data)
    ms                                       0x200000d8   Data           4  w5500_config.o(.data)
    ntptimer                                 0x200000dc   Data           1  w5500_config.o(.data)
    txsize                                   0x200000dd   Data           8  w5500_config.o(.data)
    rxsize                                   0x200000e5   Data           8  w5500_config.o(.data)
    SRC_MAC_ADDR                             0x200000f0   Data           4  dhcp.o(.data)
    GET_SN_MASK                              0x200000f4   Data           4  dhcp.o(.data)
    GET_GW_IP                                0x200000f8   Data           4  dhcp.o(.data)
    GET_DNS_IP                               0x200000fc   Data           4  dhcp.o(.data)
    DHCP_HOST_NAME                           0x20000100   Data           4  dhcp.o(.data)
    GET_SIP                                  0x20000104   Data           4  dhcp.o(.data)
    DHCP_SIP                                 0x20000108   Data           4  dhcp.o(.data)
    DHCP_REAL_SIP                            0x2000010c   Data           4  dhcp.o(.data)
    OLD_SIP                                  0x20000110   Data           4  dhcp.o(.data)
    dhcp_state                               0x20000114   Data           1  dhcp.o(.data)
    dhcp_retry_count                         0x20000115   Data           1  dhcp.o(.data)
    DHCP_timeout                             0x20000116   Data           1  dhcp.o(.data)
    dhcp_lease_time                          0x20000118   Data           4  dhcp.o(.data)
    dhcp_time                                0x2000011c   Data           4  dhcp.o(.data)
    next_dhcp_time                           0x20000120   Data           4  dhcp.o(.data)
    dhcp_tick_cnt                            0x20000124   Data           4  dhcp.o(.data)
    DHCP_timer                               0x20000128   Data           1  dhcp.o(.data)
    dhcp_connect                             0x20000129   Data           1  dhcp.o(.data)
    DHCP_XID                                 0x2000012c   Data           4  dhcp.o(.data)
    pRIPMSG                                  0x20000130   Data           4  dhcp.o(.data)
    test1                                    0x20000134   Data         200  bd_tg.o(.data)
    ttt                                      0x200001fc   Data         100  bd_tg.o(.data)
    BD_TG_server_ip                          0x20000264   Data           4  tcp_demo.o(.data)
    BD_TG_server_port                        0x20000268   Data           2  tcp_demo.o(.data)
    MQTT_STATE                               0x2000026c   Data           4  tcp_demo.o(.data)
    topics                                   0x20000270   Data           4  tcp_demo.o(.data)
    topics1                                  0x20000274   Data           4  tcp_demo.o(.data)
    BD_TG_ping_pak                           0x20000278   Data           2  tcp_demo.o(.data)
    data_ptr                                 0x2000027c   Data           4  tcp_demo.o(.data)
    move                                     0x20000280   Data           1  tcp_demo.o(.data)
    ms_status                                0x20000281   Data           1  tcp_demo.o(.data)
    floor_int                                0x20000282   Data           1  tcp_demo.o(.data)
    ASII_hex                                 0x20000283   Data           1  tcp_demo.o(.data)
    aaa                                      0x20000284   Data           4  tcp_demo.o(.data)
    __stdout                                 0x20000288   Data           4  stdout.o(.data)
    __microlib_freelist                      0x2000028c   Data           4  mvars.o(.data)
    __microlib_freelist_initialised          0x20000290   Data           4  mvars.o(.data)
    t2_count_ms                              0x20000298   Data          36  tim2.o(.bss)
    usart_buf3                               0x200002bc   Data         104  usart3.o(.bss)
    CpuID                                    0x20000324   Data          12  loop.o(.bss)
    usartRev1                                0x20000330   Data          30  loop.o(.bss)
    usartRev2                                0x2000034e   Data          30  loop.o(.bss)
    usartRev3                                0x2000036c   Data          30  loop.o(.bss)
    adxl_val                                 0x2000038c   Data          12  loop.o(.bss)
    mqttPacket                               0x20000398   Data          16  loop.o(.bss)
    txBuffer                                 0x200003a8   Data          40  loop.o(.bss)
    ConfigMsg                                0x200003f0   Data          34  w5500_config.o(.bss)
    RecvMsg                                  0x20000412   Data          34  w5500_config.o(.bss)
    EEPROM_MSG                               0x20000434   Data          18  w5500_config.o(.bss)
    DHCP_GET                                 0x20000446   Data          22  dhcp.o(.bss)
    EXTERN_DHCPBUF                           0x2000045c   Data        1024  dhcp.o(.bss)
    DEVID_TEST                               0x2000085c   Data          50  bd_tg.o(.bss)
    w5500_buf                                0x2000088e   Data         128  bd_tg.o(.bss)
    publish_buf                              0x2000090e   Data          64  bd_tg.o(.bss)
    buff                                     0x20000960   Data        2048  tcp_demo.o(.bss)
    test                                     0x20001160   Data         300  tcp_demo.o(.bss)
    __heap_base                              0x20001290   Data           0  startup_stm32f10x_hd.o(HEAP)
    __heap_limit                             0x20001490   Data           0  startup_stm32f10x_hd.o(HEAP)
    __initial_sp                             0x20001890   Data           0  startup_stm32f10x_hd.o(STACK)



==============================================================================

Memory Map of the image

  Image Entry point : 0x08005131

  Load Region LR_IROM1 (Base: 0x08005000, Size: 0x000087e8, Max: 0x0007afff, ABSOLUTE, COMPRESSED[0x000085d4])

    Execution Region ER_IROM1 (Exec base: 0x08005000, Load base: 0x08005000, Size: 0x00008550, Max: 0x0007afff, ABSOLUTE)

    Exec Addr    Load Addr    Size         Type   Attr      Idx    E Section Name        Object

    0x08005000   0x08005000   0x00000130   Data   RO            3    RESET               startup_stm32f10x_hd.o
    0x08005130   0x08005130   0x00000000   Code   RO         4822  * .ARM.Collect$$$$00000000  mc_w.l(entry.o)
    0x08005130   0x08005130   0x00000004   Code   RO         5156    .ARM.Collect$$$$00000001  mc_w.l(entry2.o)
    0x08005134   0x08005134   0x00000004   Code   RO         5159    .ARM.Collect$$$$00000004  mc_w.l(entry5.o)
    0x08005138   0x08005138   0x00000000   Code   RO         5161    .ARM.Collect$$$$00000008  mc_w.l(entry7b.o)
    0x08005138   0x08005138   0x00000000   Code   RO         5163    .ARM.Collect$$$$0000000A  mc_w.l(entry8b.o)
    0x08005138   0x08005138   0x00000008   Code   RO         5164    .ARM.Collect$$$$0000000B  mc_w.l(entry9a.o)
    0x08005140   0x08005140   0x00000000   Code   RO         5166    .ARM.Collect$$$$0000000D  mc_w.l(entry10a.o)
    0x08005140   0x08005140   0x00000000   Code   RO         5168    .ARM.Collect$$$$0000000F  mc_w.l(entry11a.o)
    0x08005140   0x08005140   0x00000004   Code   RO         5157    .ARM.Collect$$$$00002712  mc_w.l(entry2.o)
    0x08005144   0x08005144   0x00000024   Code   RO            4    .text               startup_stm32f10x_hd.o
    0x08005168   0x08005168   0x00000024   Code   RO         4825    .text               mc_w.l(memcpya.o)
    0x0800518c   0x0800518c   0x00000024   Code   RO         4827    .text               mc_w.l(memseta.o)
    0x080051b0   0x080051b0   0x00000024   Code   RO         4829    .text               mc_w.l(strstr.o)
    0x080051d4   0x080051d4   0x00000014   Code   RO         4833    .text               mc_w.l(strchr.o)
    0x080051e8   0x080051e8   0x0000000e   Code   RO         4835    .text               mc_w.l(strlen.o)
    0x080051f6   0x080051f6   0x0000001a   Code   RO         4837    .text               mc_w.l(memcmp.o)
    0x08005210   0x08005210   0x00000028   Code   RO         4839    .text               mc_w.l(strncat.o)
    0x08005238   0x08005238   0x00000012   Code   RO         4841    .text               mc_w.l(strcpy.o)
    0x0800524a   0x0800524a   0x0000001a   Code   RO         5140    .text               mc_w.l(atoi.o)
    0x08005264   0x08005264   0x0000014e   Code   RO         5142    .text               mf_w.l(dadd.o)
    0x080053b2   0x080053b2   0x000000e4   Code   RO         5144    .text               mf_w.l(dmul.o)
    0x08005496   0x08005496   0x00000022   Code   RO         5146    .text               mf_w.l(dflti.o)
    0x080054b8   0x080054b8   0x0000001a   Code   RO         5148    .text               mf_w.l(dfltui.o)
    0x080054d2   0x080054d2   0x00000032   Code   RO         5150    .text               mf_w.l(ffixi.o)
    0x08005504   0x08005504   0x00000032   Code   RO         5152    .text               mf_w.l(dfixui.o)
    0x08005536   0x08005536   0x00000038   Code   RO         5154    .text               mf_w.l(d2f.o)
    0x0800556e   0x0800556e   0x0000002c   Code   RO         5171    .text               mc_w.l(uidiv.o)
    0x0800559a   0x0800559a   0x00000062   Code   RO         5173    .text               mc_w.l(uldiv.o)
    0x080055fc   0x080055fc   0x0000001e   Code   RO         5175    .text               mc_w.l(llshl.o)
    0x0800561a   0x0800561a   0x00000020   Code   RO         5177    .text               mc_w.l(llushr.o)
    0x0800563a   0x0800563a   0x00000024   Code   RO         5179    .text               mc_w.l(llsshr.o)
    0x0800565e   0x0800565e   0x00000070   Code   RO         5190    .text               mc_w.l(strtol.o)
    0x080056ce   0x080056ce   0x00000000   Code   RO         5192    .text               mc_w.l(iusefp.o)
    0x080056ce   0x080056ce   0x0000006e   Code   RO         5193    .text               mf_w.l(fepilogue.o)
    0x0800573c   0x0800573c   0x000000ba   Code   RO         5195    .text               mf_w.l(depilogue.o)
    0x080057f6   0x080057f6   0x000000de   Code   RO         5197    .text               mf_w.l(ddiv.o)
    0x080058d4   0x080058d4   0x00000030   Code   RO         5199    .text               mf_w.l(dfixul.o)
    0x08005904   0x08005904   0x00000030   Code   RO         5201    .text               mf_w.l(cdrcmple.o)
    0x08005934   0x08005934   0x00000024   Code   RO         5203    .text               mc_w.l(init.o)
    0x08005958   0x08005958   0x00000008   Code   RO         5205    .text               mc_w.l(ctype_o.o)
    0x08005960   0x08005960   0x0000009e   Code   RO         5233    .text               mc_w.l(_strtoul.o)
    0x080059fe   0x080059fe   0x0000001c   Code   RO         5235    .text               mc_w.l(_chval.o)
    0x08005a1a   0x08005a1a   0x00000056   Code   RO         5245    .text               mc_w.l(__dczerorl2.o)
    0x08005a70   0x08005a70   0x0000005c   Code   RO          668    i.ADC1_GPIO_Config  adc.o
    0x08005acc   0x08005acc   0x0000000c   Code   RO          669    i.ADC1_Init         adc.o
    0x08005ad8   0x08005ad8   0x000000fc   Code   RO          670    i.ADC1_Mode_Config  adc.o
    0x08005bd4   0x08005bd4   0x00000016   Code   RO          898    i.ADC_Cmd           stm32f10x_adc.o
    0x08005bea   0x08005bea   0x00000016   Code   RO          899    i.ADC_DMACmd        stm32f10x_adc.o
    0x08005c00   0x08005c00   0x00000014   Code   RO          906    i.ADC_GetCalibrationStatus  stm32f10x_adc.o
    0x08005c14   0x08005c14   0x00000014   Code   RO          912    i.ADC_GetResetCalibrationStatus  stm32f10x_adc.o
    0x08005c28   0x08005c28   0x00000050   Code   RO          916    i.ADC_Init          stm32f10x_adc.o
    0x08005c78   0x08005c78   0x000000b8   Code   RO          920    i.ADC_RegularChannelConfig  stm32f10x_adc.o
    0x08005d30   0x08005d30   0x0000000a   Code   RO          921    i.ADC_ResetCalibration  stm32f10x_adc.o
    0x08005d3a   0x08005d3a   0x00000016   Code   RO          923    i.ADC_SoftwareStartConvCmd  stm32f10x_adc.o
    0x08005d50   0x08005d50   0x0000000a   Code   RO          925    i.ADC_StartCalibration  stm32f10x_adc.o
    0x08005d5a   0x08005d5a   0x00000002   PAD
    0x08005d5c   0x08005d5c   0x000000f4   Code   RO          629    i.ADXL345_ReadXYZ   adxl345.o
    0x08005e50   0x08005e50   0x000000a0   Code   RO          630    i.ADXL345_init      adxl345.o
    0x08005ef0   0x08005ef0   0x00000054   Code   RO          631    i.ADXL345_read_byte  adxl345.o
    0x08005f44   0x08005f44   0x0000004c   Code   RO          632    i.ADXL345_write_byte  adxl345.o
    0x08005f90   0x08005f90   0x0000021c   Code   RO         4704    i.BD_TG_DevLink     bd_tg.o
    0x080061ac   0x080061ac   0x0000009c   Code   RO         4705    i.BD_TG_Publish     bd_tg.o
    0x08006248   0x08006248   0x000003c0   Code   RO         4706    i.BD_TG_RevPro      bd_tg.o
    0x08006608   0x08006608   0x00000110   Code   RO         4707    i.BD_TG_Subscribe   bd_tg.o
    0x08006718   0x08006718   0x00000004   Code   RO          126    i.BusFault_Handler  stm32f10x_it.o
    0x0800671c   0x0800671c   0x00000098   Code   RO         4184    i.DHT11_GetValue    dht11.o
    0x080067b4   0x080067b4   0x00000058   Code   RO         4185    i.DHT11_ReadData    dht11.o
    0x0800680c   0x0800680c   0x00000018   Code   RO         1583    i.DMA_Cmd           stm32f10x_dma.o
    0x08006824   0x08006824   0x0000014c   Code   RO         1584    i.DMA_DeInit        stm32f10x_dma.o
    0x08006970   0x08006970   0x0000003c   Code   RO         1589    i.DMA_Init          stm32f10x_dma.o
    0x080069ac   0x080069ac   0x00000002   Code   RO          127    i.DebugMon_Handler  stm32f10x_it.o
    0x080069ae   0x080069ae   0x00000002   PAD
    0x080069b0   0x080069b0   0x00000034   Code   RO          128    i.EXTI0_IRQHandler  stm32f10x_it.o
    0x080069e4   0x080069e4   0x00000034   Code   RO          129    i.EXTI1_IRQHandler  stm32f10x_it.o
    0x08006a18   0x08006a18   0x0000000c   Code   RO         1654    i.EXTI_ClearITPendingBit  stm32f10x_exti.o
    0x08006a24   0x08006a24   0x0000000c   Code   RO          709    i.EXTI_ENABLE       exti.o
    0x08006a30   0x08006a30   0x00000028   Code   RO         1658    i.EXTI_GetITStatus  stm32f10x_exti.o
    0x08006a58   0x08006a58   0x00000094   Code   RO         1659    i.EXTI_Init         stm32f10x_exti.o
    0x08006aec   0x08006aec   0x00000070   Code   RO          710    i.EXTI_PA0_Config   exti.o
    0x08006b5c   0x08006b5c   0x00000070   Code   RO          711    i.EXTI_PA1_Config   exti.o
    0x08006bcc   0x08006bcc   0x00000240   Code   RO          448    i.GPIO_Configuration  gpio.o
    0x08006e0c   0x08006e0c   0x00000040   Code   RO         2004    i.GPIO_EXTILineConfig  stm32f10x_gpio.o
    0x08006e4c   0x08006e4c   0x00000116   Code   RO         2007    i.GPIO_Init         stm32f10x_gpio.o
    0x08006f62   0x08006f62   0x00000002   PAD
    0x08006f64   0x08006f64   0x00000090   Code   RO         2009    i.GPIO_PinRemapConfig  stm32f10x_gpio.o
    0x08006ff4   0x08006ff4   0x00000012   Code   RO         2011    i.GPIO_ReadInputDataBit  stm32f10x_gpio.o
    0x08007006   0x08007006   0x00000004   Code   RO         2014    i.GPIO_ResetBits    stm32f10x_gpio.o
    0x0800700a   0x0800700a   0x00000004   Code   RO         2015    i.GPIO_SetBits      stm32f10x_gpio.o
    0x0800700e   0x0800700e   0x00000010   Code   RO         2016    i.GPIO_StructInit   stm32f10x_gpio.o
    0x0800701e   0x0800701e   0x00000002   PAD
    0x08007020   0x08007020   0x0000005c   Code   RO          736    i.GetLockCode       loop.o
    0x0800707c   0x0800707c   0x00000004   Code   RO          130    i.HardFault_Handler  stm32f10x_it.o
    0x08007080   0x08007080   0x0000000a   Code   RO         3823    i.IINCHIP_CSoff     w5500.o
    0x0800708a   0x0800708a   0x0000000a   Code   RO         3824    i.IINCHIP_CSon      w5500.o
    0x08007094   0x08007094   0x00000032   Code   RO         3825    i.IINCHIP_READ      w5500.o
    0x080070c6   0x080070c6   0x0000000c   Code   RO         3826    i.IINCHIP_SpiSendData  w5500.o
    0x080070d2   0x080070d2   0x00000032   Code   RO         3827    i.IINCHIP_WRITE     w5500.o
    0x08007104   0x08007104   0x00000010   Code   RO         2319    i.IWDG_Enable       stm32f10x_iwdg.o
    0x08007114   0x08007114   0x00000008   Code   RO          253    i.IWDG_Feed         iwdg.o
    0x0800711c   0x0800711c   0x00000024   Code   RO          254    i.IWDG_Init         iwdg.o
    0x08007140   0x08007140   0x00000010   Code   RO         2321    i.IWDG_ReloadCounter  stm32f10x_iwdg.o
    0x08007150   0x08007150   0x0000000c   Code   RO         2322    i.IWDG_SetPrescaler  stm32f10x_iwdg.o
    0x0800715c   0x0800715c   0x0000000c   Code   RO         2323    i.IWDG_SetReload    stm32f10x_iwdg.o
    0x08007168   0x08007168   0x0000000c   Code   RO         2324    i.IWDG_WriteAccessCmd  stm32f10x_iwdg.o
    0x08007174   0x08007174   0x000000b0   Code   RO          737    i.Initialization_configuration  loop.o
    0x08007224   0x08007224   0x0000001c   Code   RO         4504    i.MQTT_DeleteBuffer  mqttkit.o
    0x08007240   0x08007240   0x0000002e   Code   RO         4505    i.MQTT_DumpLength   mqttkit.o
    0x0800726e   0x0800726e   0x00000002   PAD
    0x08007270   0x08007270   0x0000006c   Code   RO         4506    i.MQTT_NewBuffer    mqttkit.o
    0x080072dc   0x080072dc   0x0000008c   Code   RO         4507    i.MQTT_PacketCmdResp  mqttkit.o
    0x08007368   0x08007368   0x0000029c   Code   RO         4508    i.MQTT_PacketConnect  mqttkit.o
    0x08007604   0x08007604   0x0000014c   Code   RO         4511    i.MQTT_PacketPublish  mqttkit.o
    0x08007750   0x08007750   0x00000048   Code   RO         4512    i.MQTT_PacketPublishAck  mqttkit.o
    0x08007798   0x08007798   0x00000048   Code   RO         4513    i.MQTT_PacketPublishComp  mqttkit.o
    0x080077e0   0x080077e0   0x00000048   Code   RO         4514    i.MQTT_PacketPublishRec  mqttkit.o
    0x08007828   0x08007828   0x00000048   Code   RO         4515    i.MQTT_PacketPublishRel  mqttkit.o
    0x08007870   0x08007870   0x000000fc   Code   RO         4517    i.MQTT_PacketSubscribe  mqttkit.o
    0x0800796c   0x0800796c   0x000000ec   Code   RO         4518    i.MQTT_PacketUnSubscribe  mqttkit.o
    0x08007a58   0x08007a58   0x00000046   Code   RO         4519    i.MQTT_ReadLength   mqttkit.o
    0x08007a9e   0x08007a9e   0x0000008a   Code   RO         4520    i.MQTT_UnPacketCmd  mqttkit.o
    0x08007b28   0x08007b28   0x0000001e   Code   RO         4521    i.MQTT_UnPacketConnectAck  mqttkit.o
    0x08007b46   0x08007b46   0x00000002   PAD
    0x08007b48   0x08007b48   0x00000190   Code   RO         4522    i.MQTT_UnPacketPublish  mqttkit.o
    0x08007cd8   0x08007cd8   0x0000001e   Code   RO         4523    i.MQTT_UnPacketPublishAck  mqttkit.o
    0x08007cf6   0x08007cf6   0x0000001e   Code   RO         4524    i.MQTT_UnPacketPublishComp  mqttkit.o
    0x08007d14   0x08007d14   0x0000001e   Code   RO         4525    i.MQTT_UnPacketPublishRec  mqttkit.o
    0x08007d32   0x08007d32   0x00000024   Code   RO         4526    i.MQTT_UnPacketPublishRel  mqttkit.o
    0x08007d56   0x08007d56   0x00000002   PAD
    0x08007d58   0x08007d58   0x00000074   Code   RO         4527    i.MQTT_UnPacketRecv  mqttkit.o
    0x08007dcc   0x08007dcc   0x00000034   Code   RO         4528    i.MQTT_UnPacketSubscribe  mqttkit.o
    0x08007e00   0x08007e00   0x00000012   Code   RO         4529    i.MQTT_UnPacketUnSubscribe  mqttkit.o
    0x08007e12   0x08007e12   0x00000002   PAD
    0x08007e14   0x08007e14   0x0000006c   Code   RO         4708    i.MQTT_UnSubscribe  bd_tg.o
    0x08007e80   0x08007e80   0x00000004   Code   RO          131    i.MemManage_Handler  stm32f10x_it.o
    0x08007e84   0x08007e84   0x00000002   Code   RO          132    i.NMI_Handler       stm32f10x_it.o
    0x08007e86   0x08007e86   0x00000002   PAD
    0x08007e88   0x08007e88   0x00000070   Code   RO          856    i.NVIC_Init         misc.o
    0x08007ef8   0x08007ef8   0x00000014   Code   RO          857    i.NVIC_PriorityGroupConfig  misc.o
    0x08007f0c   0x08007f0c   0x00000002   Code   RO          133    i.PendSV_Handler    stm32f10x_it.o
    0x08007f0e   0x08007f0e   0x00000002   PAD
    0x08007f10   0x08007f10   0x00000048   Code   RO          738    i.Power_check       loop.o
    0x08007f58   0x08007f58   0x00000018   Code   RO         2421    i.RCC_ADCCLKConfig  stm32f10x_rcc.o
    0x08007f70   0x08007f70   0x00000020   Code   RO         2422    i.RCC_AHBPeriphClockCmd  stm32f10x_rcc.o
    0x08007f90   0x08007f90   0x00000020   Code   RO         2423    i.RCC_APB1PeriphClockCmd  stm32f10x_rcc.o
    0x08007fb0   0x08007fb0   0x00000020   Code   RO         2424    i.RCC_APB1PeriphResetCmd  stm32f10x_rcc.o
    0x08007fd0   0x08007fd0   0x00000020   Code   RO         2425    i.RCC_APB2PeriphClockCmd  stm32f10x_rcc.o
    0x08007ff0   0x08007ff0   0x00000020   Code   RO         2426    i.RCC_APB2PeriphResetCmd  stm32f10x_rcc.o
    0x08008010   0x08008010   0x000000d4   Code   RO         2433    i.RCC_GetClocksFreq  stm32f10x_rcc.o
    0x080080e4   0x080080e4   0x00000028   Code   RO          396    i.Reset_W5500       spi2.o
    0x0800810c   0x0800810c   0x00000038   Code   RO          397    i.SPI2_SendByte     spi2.o
    0x08008144   0x08008144   0x00000018   Code   RO         2902    i.SPI_Cmd           stm32f10x_spi.o
    0x0800815c   0x0800815c   0x00000012   Code   RO         2910    i.SPI_I2S_GetFlagStatus  stm32f10x_spi.o
    0x0800816e   0x0800816e   0x00000006   Code   RO         2913    i.SPI_I2S_ReceiveData  stm32f10x_spi.o
    0x08008174   0x08008174   0x00000004   Code   RO         2914    i.SPI_I2S_SendData  stm32f10x_spi.o
    0x08008178   0x08008178   0x0000003c   Code   RO         2915    i.SPI_Init          stm32f10x_spi.o
    0x080081b4   0x080081b4   0x000000b4   Code   RO          633    i.SPI_init          adxl345.o
    0x08008268   0x08008268   0x00000002   Code   RO          134    i.SVC_Handler       stm32f10x_it.o
    0x0800826a   0x0800826a   0x00000008   Code   RO          822    i.SetSysClock       system_stm32f10x.o
    0x08008272   0x08008272   0x00000002   PAD
    0x08008274   0x08008274   0x000000e0   Code   RO          823    i.SetSysClockTo72   system_stm32f10x.o
    0x08008354   0x08008354   0x00000030   Code   RO          739    i.SoftReset         loop.o
    0x08008384   0x08008384   0x00000002   Code   RO          135    i.SysTick_Handler   stm32f10x_it.o
    0x08008386   0x08008386   0x00000002   PAD
    0x08008388   0x08008388   0x00000060   Code   RO          825    i.SystemInit        system_stm32f10x.o
    0x080083e8   0x080083e8   0x00000040   Code   RO          370    i.Systick_Init      delay.o
    0x08008428   0x08008428   0x00000052   Code   RO          334    i.TIM2_Configuration  tim2.o
    0x0800847a   0x0800847a   0x00000002   PAD
    0x0800847c   0x0800847c   0x00000034   Code   RO          136    i.TIM2_IRQHandler   stm32f10x_it.o
    0x080084b0   0x080084b0   0x0000002a   Code   RO          335    i.TIM2_NVIC_Configuration  tim2.o
    0x080084da   0x080084da   0x00000002   PAD
    0x080084dc   0x080084dc   0x00000054   Code   RO          336    i.TIM3_Configuration  tim2.o
    0x08008530   0x08008530   0x00000054   Code   RO          137    i.TIM3_IRQHandler   stm32f10x_it.o
    0x08008584   0x08008584   0x0000002a   Code   RO          337    i.TIM3_NVIC_Configuration  tim2.o
    0x080085ae   0x080085ae   0x00000006   Code   RO         3051    i.TIM_ClearFlag     stm32f10x_tim.o
    0x080085b4   0x080085b4   0x00000006   Code   RO         3052    i.TIM_ClearITPendingBit  stm32f10x_tim.o
    0x080085ba   0x080085ba   0x00000018   Code   RO         3057    i.TIM_Cmd           stm32f10x_tim.o
    0x080085d2   0x080085d2   0x00000002   PAD
    0x080085d4   0x080085d4   0x000001e8   Code   RO         3062    i.TIM_DeInit        stm32f10x_tim.o
    0x080087bc   0x080087bc   0x00000022   Code   RO         3078    i.TIM_GetITStatus   stm32f10x_tim.o
    0x080087de   0x080087de   0x00000012   Code   RO         3082    i.TIM_ITConfig      stm32f10x_tim.o
    0x080087f0   0x080087f0   0x000000a4   Code   RO         3128    i.TIM_TimeBaseInit  stm32f10x_tim.o
    0x08008894   0x08008894   0x0000008c   Code   RO          586    i.USART1_Config     usart1.o
    0x08008920   0x08008920   0x000000d0   Code   RO          587    i.USART1_IRQHandler  usart1.o
    0x080089f0   0x080089f0   0x00000028   Code   RO          588    i.USART1_NVIC_Configuration  usart1.o
    0x08008a18   0x08008a18   0x00000090   Code   RO          274    i.USART2_Config     usart2.o
    0x08008aa8   0x08008aa8   0x000001b0   Code   RO          275    i.USART2_IRQHandler  usart2.o
    0x08008c58   0x08008c58   0x0000002a   Code   RO          276    i.USART2_NVIC_Configuration  usart2.o
    0x08008c82   0x08008c82   0x00000002   PAD
    0x08008c84   0x08008c84   0x00000094   Code   RO          539    i.USART3_Config     usart3.o
    0x08008d18   0x08008d18   0x000000f8   Code   RO          540    i.USART3_IRQHandler  usart3.o
    0x08008e10   0x08008e10   0x00000028   Code   RO          541    i.USART3_NVIC_Configuration  usart3.o
    0x08008e38   0x08008e38   0x00000012   Code   RO         3589    i.USART_ClearFlag   stm32f10x_usart.o
    0x08008e4a   0x08008e4a   0x00000018   Code   RO         3593    i.USART_Cmd         stm32f10x_usart.o
    0x08008e62   0x08008e62   0x0000001a   Code   RO         3596    i.USART_GetFlagStatus  stm32f10x_usart.o
    0x08008e7c   0x08008e7c   0x00000054   Code   RO         3597    i.USART_GetITStatus  stm32f10x_usart.o
    0x08008ed0   0x08008ed0   0x0000004a   Code   RO         3599    i.USART_ITConfig    stm32f10x_usart.o
    0x08008f1a   0x08008f1a   0x00000002   PAD
    0x08008f1c   0x08008f1c   0x000000d8   Code   RO         3600    i.USART_Init        stm32f10x_usart.o
    0x08008ff4   0x08008ff4   0x0000000a   Code   RO         3607    i.USART_ReceiveData  stm32f10x_usart.o
    0x08008ffe   0x08008ffe   0x00000008   Code   RO         3610    i.USART_SendData    stm32f10x_usart.o
    0x08009006   0x08009006   0x00000010   Code   RO          740    i.USART_SendDatacmd  loop.o
    0x08009016   0x08009016   0x00000004   Code   RO          138    i.UsageFault_Handler  stm32f10x_it.o
    0x0800901a   0x0800901a   0x00000002   PAD
    0x0800901c   0x0800901c   0x00000024   Code   RO          398    i.WIZ_CS            spi2.o
    0x08009040   0x08009040   0x000000ac   Code   RO          399    i.WIZ_SPI_Init      spi2.o
    0x080090ec   0x080090ec   0x00000020   Code   RO         5084    i.__0printf         mc_w.l(printfa.o)
    0x0800910c   0x0800910c   0x00000028   Code   RO         5086    i.__0sprintf        mc_w.l(printfa.o)
    0x08009134   0x08009134   0x00000008   Code   RO         5183    i.__aeabi_errno_addr  mc_w.l(errno.o)
    0x0800913c   0x0800913c   0x0000000e   Code   RO         5239    i.__scatterload_copy  mc_w.l(handlers.o)
    0x0800914a   0x0800914a   0x00000002   Code   RO         5240    i.__scatterload_null  mc_w.l(handlers.o)
    0x0800914c   0x0800914c   0x0000000e   Code   RO         5241    i.__scatterload_zeroinit  mc_w.l(handlers.o)
    0x0800915a   0x0800915a   0x00000002   PAD
    0x0800915c   0x0800915c   0x00000184   Code   RO         5091    i._fp_digits        mc_w.l(printfa.o)
    0x080092e0   0x080092e0   0x000006dc   Code   RO         5092    i._printf_core      mc_w.l(printfa.o)
    0x080099bc   0x080099bc   0x00000024   Code   RO         5093    i._printf_post_padding  mc_w.l(printfa.o)
    0x080099e0   0x080099e0   0x0000002e   Code   RO         5094    i._printf_pre_padding  mc_w.l(printfa.o)
    0x08009a0e   0x08009a0e   0x0000000a   Code   RO         5096    i._sputc            mc_w.l(printfa.o)
    0x08009a18   0x08009a18   0x00001420   Code   RO          741    i.application       loop.o
    0x0800ae38   0x0800ae38   0x00000040   Code   RO          460    i.at24c16_init      24c16.o
    0x0800ae78   0x0800ae78   0x00000046   Code   RO          461    i.at24c16_read      24c16.o
    0x0800aebe   0x0800aebe   0x00000002   PAD
    0x0800aec0   0x0800aec0   0x00000038   Code   RO          462    i.at24c16_start     24c16.o
    0x0800aef8   0x0800aef8   0x0000002c   Code   RO          463    i.at24c16_stop      24c16.o
    0x0800af24   0x0800af24   0x00000050   Code   RO          464    i.at24c16_write     24c16.o
    0x0800af74   0x0800af74   0x000000b8   Code   RO         4207    i.auto_dhcp         dhcp.o
    0x0800b02c   0x0800b02c   0x00000084   Code   RO         4208    i.check_DHCP_Timeout  dhcp.o
    0x0800b0b0   0x0800b0b0   0x00000168   Code   RO         4209    i.check_DHCP_state  dhcp.o
    0x0800b218   0x0800b218   0x00000040   Code   RO         4210    i.check_leasedIP    dhcp.o
    0x0800b258   0x0800b258   0x00000044   Code   RO          465    i.clock             24c16.o
    0x0800b29c   0x0800b29c   0x00000034   Code   RO         4069    i.close             socket.o
    0x0800b2d0   0x0800b2d0   0x000000f8   Code   RO         4070    i.connect           socket.o
    0x0800b3c8   0x0800b3c8   0x0000003c   Code   RO          371    i.delay_ms          delay.o
    0x0800b404   0x0800b404   0x0000003c   Code   RO          372    i.delay_us          delay.o
    0x0800b440   0x0800b440   0x000002d8   Code   RO         4761    i.do_tcp_client     tcp_demo.o
    0x0800b718   0x0800b718   0x0000001e   Code   RO          467    i.erase_eeprom      24c16.o
    0x0800b736   0x0800b736   0x00000002   PAD
    0x0800b738   0x0800b738   0x00000024   Code   RO          278    i.fputc             usart2.o
    0x0800b75c   0x0800b75c   0x00000050   Code   RO         5112    i.free              mc_w.l(malloc.o)
    0x0800b7ac   0x0800b7ac   0x00000010   Code   RO         3829    i.getGAR            w5500.o
    0x0800b7bc   0x0800b7bc   0x00000010   Code   RO         3832    i.getIINCHIP_TxMAX  w5500.o
    0x0800b7cc   0x0800b7cc   0x0000000c   Code   RO         3835    i.getPHYStatus      w5500.o
    0x0800b7d8   0x0800b7d8   0x00000012   Code   RO         3837    i.getSIPR           w5500.o
    0x0800b7ea   0x0800b7ea   0x00000012   Code   RO         3838    i.getSUBR           w5500.o
    0x0800b7fc   0x0800b7fc   0x00000012   Code   RO         3839    i.getSn_IR          w5500.o
    0x0800b80e   0x0800b80e   0x00000054   Code   RO         3840    i.getSn_RX_RSR      w5500.o
    0x0800b862   0x0800b862   0x00000012   Code   RO         3841    i.getSn_SR          w5500.o
    0x0800b874   0x0800b874   0x00000054   Code   RO         3842    i.getSn_TX_FSR      w5500.o
    0x0800b8c8   0x0800b8c8   0x0000000c   Code   RO         4297    i.htonl             ult.o
    0x0800b8d4   0x0800b8d4   0x0000000c   Code   RO         4298    i.htons             ult.o
    0x0800b8e0   0x0800b8e0   0x00000012   Code   RO           10    i.main              main.o
    0x0800b8f2   0x0800b8f2   0x00000002   PAD
    0x0800b8f4   0x0800b8f4   0x0000006c   Code   RO         5113    i.malloc            mc_w.l(malloc.o)
    0x0800b960   0x0800b960   0x0000000c   Code   RO         4304    i.ntohl             ult.o
    0x0800b96c   0x0800b96c   0x00000170   Code   RO         4212    i.parseDHCPMSG      dhcp.o
    0x0800badc   0x0800badc   0x00000074   Code   RO          468    i.read_1byte        24c16.o
    0x0800bb50   0x0800bb50   0x00000148   Code   RO          742    i.read_config       loop.o
    0x0800bc98   0x0800bc98   0x00000042   Code   RO         4073    i.recv              socket.o
    0x0800bcda   0x0800bcda   0x00000002   PAD
    0x0800bcdc   0x0800bcdc   0x00000094   Code   RO         3845    i.recv_data_processing  w5500.o
    0x0800bd70   0x0800bd70   0x00000200   Code   RO         4074    i.recvfrom          socket.o
    0x0800bf70   0x0800bf70   0x0000002c   Code   RO         4213    i.reset_DHCP_time   dhcp.o
    0x0800bf9c   0x0800bf9c   0x00000104   Code   RO         4075    i.send              socket.o
    0x0800c0a0   0x0800c0a0   0x000002d4   Code   RO         4214    i.send_DHCP_DISCOVER  dhcp.o
    0x0800c374   0x0800c374   0x0000029c   Code   RO         4215    i.send_DHCP_RELEASE_DECLINE  dhcp.o
    0x0800c610   0x0800c610   0x000003f0   Code   RO         4216    i.send_DHCP_REQUEST  dhcp.o
    0x0800ca00   0x0800ca00   0x0000006c   Code   RO         3846    i.send_data_processing  w5500.o
    0x0800ca6c   0x0800ca6c   0x0000010c   Code   RO         4077    i.sendto            socket.o
    0x0800cb78   0x0800cb78   0x00000010   Code   RO         3847    i.setGAR            w5500.o
    0x0800cb88   0x0800cb88   0x00000016   Code   RO         4763    i.setKPALVTR        tcp_demo.o
    0x0800cb9e   0x0800cb9e   0x00000012   Code   RO         3851    i.setSHAR           w5500.o
    0x0800cbb0   0x0800cbb0   0x00000012   Code   RO         3852    i.setSIPR           w5500.o
    0x0800cbc2   0x0800cbc2   0x00000012   Code   RO         3853    i.setSUBR           w5500.o
    0x0800cbd4   0x0800cbd4   0x00000016   Code   RO         3854    i.setSn_IR          w5500.o
    0x0800cbea   0x0800cbea   0x00000002   PAD
    0x0800cbec   0x0800cbec   0x00000118   Code   RO         4764    i.set_object_ip     tcp_demo.o
    0x0800cd04   0x0800cd04   0x00000238   Code   RO         4144    i.set_w5500_ip      w5500_config.o
    0x0800cf3c   0x0800cf3c   0x0000003c   Code   RO         4145    i.set_w5500_mac     w5500_config.o
    0x0800cf78   0x0800cf78   0x000000c4   Code   RO         4078    i.socket            socket.o
    0x0800d03c   0x0800d03c   0x0000001c   Code   RO         4307    i.swapl             ult.o
    0x0800d058   0x0800d058   0x0000000e   Code   RO         4308    i.swaps             ult.o
    0x0800d066   0x0800d066   0x00000002   PAD
    0x0800d068   0x0800d068   0x00000138   Code   RO         3858    i.sysinit           w5500.o
    0x0800d1a0   0x0800d1a0   0x000000a0   Code   RO         3859    i.w5500_check       w5500.o
    0x0800d240   0x0800d240   0x00000068   Code   RO         3860    i.wiz_read_buf      w5500.o
    0x0800d2a8   0x0800d2a8   0x00000068   Code   RO         3861    i.wiz_write_buf     w5500.o
    0x0800d310   0x0800d310   0x00000080   Code   RO          469    i.write_1byte       24c16.o
    0x0800d390   0x0800d390   0x00000081   Data   RO         5206    .constdata          mc_w.l(ctype_o.o)
    0x0800d411   0x0800d411   0x00000003   PAD
    0x0800d414   0x0800d414   0x00000004   Data   RO         5207    .constdata          mc_w.l(ctype_o.o)
    0x0800d418   0x0800d418   0x00000005   Data   RO         4218    .conststring        dhcp.o
    0x0800d41d   0x0800d41d   0x00000003   PAD
    0x0800d420   0x0800d420   0x0000010d   Data   RO         4766    .conststring        tcp_demo.o
    0x0800d52d   0x0800d52d   0x00000003   PAD
    0x0800d530   0x0800d530   0x00000020   Data   RO         5237    Region$$Table       anon$$obj.o


    Execution Region RW_IRAM1 (Exec base: 0x20000000, Load base: 0x0800d550, Size: 0x00001890, Max: 0x0000c000, ABSOLUTE, COMPRESSED[0x00000084])

    Exec Addr    Load Addr    Size         Type   Attr      Idx    E Section Name        Object

    0x20000000   COMPRESSED   0x0000001d   Data   RW          140    .data               stm32f10x_it.o
    0x2000001d   COMPRESSED   0x00000001   Data   RW          280    .data               usart2.o
    0x2000001e   COMPRESSED   0x00000004   Data   RW          373    .data               delay.o
    0x20000022   COMPRESSED   0x00000006   Data   RW          545    .data               usart3.o
    0x20000028   COMPRESSED   0x0000000a   Data   RW          674    .data               adc.o
    0x20000032   COMPRESSED   0x00000002   PAD
    0x20000034   COMPRESSED   0x0000006a   Data   RW          744    .data               loop.o
    0x2000009e   COMPRESSED   0x00000014   Data   RW         2453    .data               stm32f10x_rcc.o
    0x200000b2   COMPRESSED   0x00000002   Data   RW         4079    .data               socket.o
    0x200000b4   COMPRESSED   0x00000039   Data   RW         4147    .data               w5500_config.o
    0x200000ed   COMPRESSED   0x00000003   PAD
    0x200000f0   COMPRESSED   0x00000044   Data   RW         4219    .data               dhcp.o
    0x20000134   COMPRESSED   0x0000012e   Data   RW         4710    .data               bd_tg.o
    0x20000262   COMPRESSED   0x00000002   PAD
    0x20000264   COMPRESSED   0x00000024   Data   RW         4767    .data               tcp_demo.o
    0x20000288   COMPRESSED   0x00000004   Data   RW         5170    .data               mc_w.l(stdout.o)
    0x2000028c   COMPRESSED   0x00000004   Data   RW         5181    .data               mc_w.l(mvars.o)
    0x20000290   COMPRESSED   0x00000004   Data   RW         5182    .data               mc_w.l(mvars.o)
    0x20000294   COMPRESSED   0x00000004   Data   RW         5186    .data               mc_w.l(errno.o)
    0x20000298        -       0x00000024   Zero   RW          338    .bss                tim2.o
    0x200002bc        -       0x00000068   Zero   RW          544    .bss                usart3.o
    0x20000324        -       0x000000ac   Zero   RW          743    .bss                loop.o
    0x200003d0        -       0x00000020   Zero   RW         3862    .bss                w5500.o
    0x200003f0        -       0x00000056   Zero   RW         4146    .bss                w5500_config.o
    0x20000446        -       0x00000416   Zero   RW         4217    .bss                dhcp.o
    0x2000085c        -       0x00000104   Zero   RW         4709    .bss                bd_tg.o
    0x20000960        -       0x0000092c   Zero   RW         4765    .bss                tcp_demo.o
    0x2000128c   COMPRESSED   0x00000004   PAD
    0x20001290        -       0x00000200   Zero   RW            2    HEAP                startup_stm32f10x_hd.o
    0x20001490        -       0x00000400   Zero   RW            1    STACK               startup_stm32f10x_hd.o


==============================================================================

Image component sizes


      Code (inc. data)   RO Data    RW Data    ZI Data      Debug   Object Name

       656         32          0          0          0       5979   24c16.o
       356         24          0         10          0       2365   adc.o
       744         36          0          0          0       3029   adxl345.o
      2036        904          0        302        260       7016   bd_tg.o
       184         16          0          4          0       1733   delay.o
      3552        356          5         68       1046      10718   dhcp.o
       240         10          0          0          0       1742   dht11.o
       236         12          0          0          0       1662   exti.o
       576         16          0          0          0        869   gpio.o
        44          0          0          0          0       1004   iwdg.o
      5884        844          0        106        172      28861   loop.o
        18          0          0          0          0     282667   main.o
       132         22          0          0          0       1551   misc.o
      3048         62          0          0          0      21446   mqttkit.o
      1602         66          0          2          0       6116   socket.o
       304         26          0          0          0       3142   spi2.o
        36          8        304          0       1536        868   startup_stm32f10x_hd.o
       390         10          0          0          0       7469   stm32f10x_adc.o
       416          8          0          0          0       3446   stm32f10x_dma.o
       200         18          0          0          0       2136   stm32f10x_exti.o
       528         10          0          0          0       5698   stm32f10x_gpio.o
       266         46          0         29          0       8497   stm32f10x_it.o
        68         30          0          0          0       2514   stm32f10x_iwdg.o
       396         56          0         20          0       6755   stm32f10x_rcc.o
       112          0          0          0          0       3878   stm32f10x_spi.o
       740        106          0          0          0       4935   stm32f10x_tim.o
       460          6          0          0          0       6795   stm32f10x_usart.o
       328         30          0          0          0       2001   system_stm32f10x.o
      1030        236        269         36       2348       3939   tcp_demo.o
       250          6          0          0         36       2688   tim2.o
        78          0          0          0          0     209784   ult.o
       388         22          0          0          0       1820   usart1.o
       654         36          0          1          0       2737   usart2.o
       436         44          0          6        104       2847   usart3.o
      1444        142          0          0         32      14930   w5500.o
       628        284          0         57         86       3352   w5500_config.o

    ----------------------------------------------------------------------
     28508       3524        616        648       5624     676989   Object Totals
         0          0         32          0          0          0   (incl. Generated)
        48          0          6          7          4          0   (incl. Padding)

    ----------------------------------------------------------------------

      Code (inc. data)   RO Data    RW Data    ZI Data      Debug   Library Member Name

        86          0          0          0          0          0   __dczerorl2.o
        28          0          0          0          0         68   _chval.o
       158          0          0          0          0         92   _strtoul.o
        26          0          0          0          0         80   atoi.o
         8          4        133          0          0         68   ctype_o.o
         0          0          0          0          0          0   entry.o
         0          0          0          0          0          0   entry10a.o
         0          0          0          0          0          0   entry11a.o
         8          4          0          0          0          0   entry2.o
         4          0          0          0          0          0   entry5.o
         0          0          0          0          0          0   entry7b.o
         0          0          0          0          0          0   entry8b.o
         8          4          0          0          0          0   entry9a.o
         8          4          0          4          0         68   errno.o
        30          0          0          0          0          0   handlers.o
        36          8          0          0          0         68   init.o
         0          0          0          0          0          0   iusefp.o
        30          0          0          0          0         68   llshl.o
        36          0          0          0          0         68   llsshr.o
        32          0          0          0          0         68   llushr.o
       188         20          0          0          0        160   malloc.o
        26          0          0          0          0         80   memcmp.o
        36          0          0          0          0         68   memcpya.o
        36          0          0          0          0        108   memseta.o
         0          0          0          8          0          0   mvars.o
      2308         96          0          0          0        604   printfa.o
         0          0          0          4          0          0   stdout.o
        20          0          0          0          0         68   strchr.o
        18          0          0          0          0         68   strcpy.o
        14          0          0          0          0         68   strlen.o
        40          0          0          0          0         76   strncat.o
        36          0          0          0          0         80   strstr.o
       112          0          0          0          0         88   strtol.o
        44          0          0          0          0         80   uidiv.o
        98          0          0          0          0         92   uldiv.o
        48          0          0          0          0         68   cdrcmple.o
        56          0          0          0          0         88   d2f.o
       334          0          0          0          0        148   dadd.o
       222          0          0          0          0        100   ddiv.o
       186          0          0          0          0        176   depilogue.o
        50          0          0          0          0         76   dfixui.o
        48          0          0          0          0         68   dfixul.o
        34          0          0          0          0         76   dflti.o
        26          0          0          0          0         76   dfltui.o
       228          0          0          0          0         96   dmul.o
       110          0          0          0          0        168   fepilogue.o
        50          0          0          0          0         68   ffixi.o

    ----------------------------------------------------------------------
      4868        140        136         16          0       3496   Library Totals
         2          0          3          0          0          0   (incl. Padding)

    ----------------------------------------------------------------------

      Code (inc. data)   RO Data    RW Data    ZI Data      Debug   Library Name

      3474        140        133         16          0       2288   mc_w.l
      1392          0          0          0          0       1208   mf_w.l

    ----------------------------------------------------------------------
      4868        140        136         16          0       3496   Library Totals

    ----------------------------------------------------------------------

==============================================================================


      Code (inc. data)   RO Data    RW Data    ZI Data      Debug   

     33376       3664        752        664       5624     668289   Grand Totals
     33376       3664        752        132       5624     668289   ELF Image Totals (compressed)
     33376       3664        752        132          0          0   ROM Totals

==============================================================================

    Total RO  Size (Code + RO Data)                34128 (  33.33kB)
    Total RW  Size (RW Data + ZI Data)              6288 (   6.14kB)
    Total ROM Size (Code + RO Data + RW Data)      34260 (  33.46kB)

==============================================================================

