Component: ARM Compiler 5.06 update 1 (build 61) Tool: armlink [4d35a8]

==============================================================================

Section Cross References

    startup_stm32f10x_hd.o(RESET) refers to startup_stm32f10x_hd.o(STACK) for __initial_sp
    startup_stm32f10x_hd.o(RESET) refers to startup_stm32f10x_hd.o(.text) for Reset_Handler
    startup_stm32f10x_hd.o(RESET) refers to stm32f10x_it.o(i.NMI_Handler) for NMI_Handler
    startup_stm32f10x_hd.o(RESET) refers to stm32f10x_it.o(i.HardFault_Handler) for HardFault_Handler
    startup_stm32f10x_hd.o(RESET) refers to stm32f10x_it.o(i.MemManage_Handler) for MemManage_Handler
    startup_stm32f10x_hd.o(RESET) refers to stm32f10x_it.o(i.BusFault_Handler) for BusFault_Handler
    startup_stm32f10x_hd.o(RESET) refers to stm32f10x_it.o(i.UsageFault_Handler) for UsageFault_Handler
    startup_stm32f10x_hd.o(RESET) refers to stm32f10x_it.o(i.SVC_Handler) for SVC_Handler
    startup_stm32f10x_hd.o(RESET) refers to stm32f10x_it.o(i.DebugMon_Handler) for DebugMon_Handler
    startup_stm32f10x_hd.o(RESET) refers to stm32f10x_it.o(i.PendSV_Handler) for PendSV_Handler
    startup_stm32f10x_hd.o(RESET) refers to stm32f10x_it.o(i.SysTick_Handler) for SysTick_Handler
    startup_stm32f10x_hd.o(RESET) refers to stm32f10x_it.o(i.EXTI0_IRQHandler) for EXTI0_IRQHandler
    startup_stm32f10x_hd.o(RESET) refers to stm32f10x_it.o(i.EXTI1_IRQHandler) for EXTI1_IRQHandler
    startup_stm32f10x_hd.o(RESET) refers to stm32f10x_it.o(i.EXTI9_5_IRQHandler) for EXTI9_5_IRQHandler
    startup_stm32f10x_hd.o(RESET) refers to stm32f10x_it.o(i.TIM2_IRQHandler) for TIM2_IRQHandler
    startup_stm32f10x_hd.o(RESET) refers to stm32f10x_it.o(i.TIM3_IRQHandler) for TIM3_IRQHandler
    startup_stm32f10x_hd.o(RESET) refers to stm32f10x_it.o(i.TIM4_IRQHandler) for TIM4_IRQHandler
    startup_stm32f10x_hd.o(RESET) refers to usart2.o(i.USART2_IRQHandler) for USART2_IRQHandler
    startup_stm32f10x_hd.o(RESET) refers to stm32f10x_it.o(i.EXTI15_10_IRQHandler) for EXTI15_10_IRQHandler
    startup_stm32f10x_hd.o(.text) refers to system_stm32f10x.o(i.SystemInit) for SystemInit
    startup_stm32f10x_hd.o(.text) refers to entry.o(.ARM.Collect$$$$00000000) for __main
    main.o(i.main) refers to delay.o(i.Systick_Init) for Systick_Init
    main.o(i.main) refers to loop.o(i.Initialization_configuration) for Initialization_configuration
    main.o(i.main) refers to loop.o(i.application) for application
    stm32f10x_it.o(i.EXTI0_IRQHandler) refers to stm32f10x_exti.o(i.EXTI_GetITStatus) for EXTI_GetITStatus
    stm32f10x_it.o(i.EXTI0_IRQHandler) refers to stm32f10x_exti.o(i.EXTI_ClearITPendingBit) for EXTI_ClearITPendingBit
    stm32f10x_it.o(i.EXTI0_IRQHandler) refers to stm32f10x_it.o(.data) for battery
    stm32f10x_it.o(i.EXTI0_IRQHandler) refers to loop.o(.data) for battery_status
    stm32f10x_it.o(i.EXTI15_10_IRQHandler) refers to stm32f10x_exti.o(i.EXTI_GetITStatus) for EXTI_GetITStatus
    stm32f10x_it.o(i.EXTI15_10_IRQHandler) refers to stm32f10x_exti.o(i.EXTI_ClearITPendingBit) for EXTI_ClearITPendingBit
    stm32f10x_it.o(i.EXTI15_10_IRQHandler) refers to stm32f10x_gpio.o(i.GPIO_ReadInputDataBit) for GPIO_ReadInputDataBit
    stm32f10x_it.o(i.EXTI15_10_IRQHandler) refers to stm32f10x_it.o(.data) for door
    stm32f10x_it.o(i.EXTI1_IRQHandler) refers to stm32f10x_exti.o(i.EXTI_GetITStatus) for EXTI_GetITStatus
    stm32f10x_it.o(i.EXTI1_IRQHandler) refers to stm32f10x_exti.o(i.EXTI_ClearITPendingBit) for EXTI_ClearITPendingBit
    stm32f10x_it.o(i.EXTI1_IRQHandler) refers to stm32f10x_it.o(.data) for ac
    stm32f10x_it.o(i.EXTI1_IRQHandler) refers to loop.o(.data) for power_status
    stm32f10x_it.o(i.EXTI9_5_IRQHandler) refers to stm32f10x_exti.o(i.EXTI_GetITStatus) for EXTI_GetITStatus
    stm32f10x_it.o(i.EXTI9_5_IRQHandler) refers to stm32f10x_exti.o(i.EXTI_ClearITPendingBit) for EXTI_ClearITPendingBit
    stm32f10x_it.o(i.EXTI9_5_IRQHandler) refers to stm32f10x_gpio.o(i.GPIO_ReadInputDataBit) for GPIO_ReadInputDataBit
    stm32f10x_it.o(i.EXTI9_5_IRQHandler) refers to printfa.o(i.__0printf) for __2printf
    stm32f10x_it.o(i.EXTI9_5_IRQHandler) refers to stm32f10x_it.o(.data) for up_bed
    stm32f10x_it.o(i.EXTI9_5_IRQHandler) refers to loop.o(.data) for bed_ready
    stm32f10x_it.o(i.TIM2_IRQHandler) refers to stm32f10x_tim.o(i.TIM_GetITStatus) for TIM_GetITStatus
    stm32f10x_it.o(i.TIM2_IRQHandler) refers to stm32f10x_tim.o(i.TIM_ClearITPendingBit) for TIM_ClearITPendingBit
    stm32f10x_it.o(i.TIM2_IRQHandler) refers to tim2.o(.bss) for t2_count_ms
    stm32f10x_it.o(i.TIM3_IRQHandler) refers to stm32f10x_tim.o(i.TIM_GetITStatus) for TIM_GetITStatus
    stm32f10x_it.o(i.TIM3_IRQHandler) refers to stm32f10x_tim.o(i.TIM_ClearITPendingBit) for TIM_ClearITPendingBit
    stm32f10x_it.o(i.TIM3_IRQHandler) refers to loop.o(i.SoftReset) for SoftReset
    stm32f10x_it.o(i.TIM3_IRQHandler) refers to stm32f10x_it.o(.data) for tim3i
[...]
    .data                                    0x20000158   Section       68  dhcp.o(.data)
    .data                                    0x2000019c   Section      314  bd_tg.o(.data)
    pkt_id                                   0x200002d4   Data           2  bd_tg.o(.data)
    .data                                    0x200002d8   Section       46  tcp_demo.o(.data)
    .data                                    0x20000308   Section        4  stdout.o(.data)
    .data                                    0x2000030c   Section        4  mvars.o(.data)
    .data                                    0x20000310   Section        4  mvars.o(.data)
    .data                                    0x20000314   Section        4  errno.o(.data)
    _errno                                   0x20000314   Data           4  errno.o(.data)
    .bss                                     0x20000318   Section       64  usart2.o(.bss)
    .bss                                     0x20000358   Section      116  tim2.o(.bss)
    .bss                                     0x200003cc   Section       92  loop.o(.bss)
    .bss                                     0x20000428   Section       32  w5500.o(.bss)
    SSIZE                                    0x20000428   Data          16  w5500.o(.bss)
    RSIZE                                    0x20000438   Data          16  w5500.o(.bss)
    .bss                                     0x20000448   Section       86  w5500_config.o(.bss)
    .bss                                     0x2000049e   Section     1046  dhcp.o(.bss)
    .bss                                     0x200008b4   Section      208  bd_tg.o(.bss)
    mqttPacket                               0x20000974   Data          16  bd_tg.o(.bss)
    .bss                                     0x20000984   Section      556  tcp_demo.o(.bss)
    HEAP                                     0x20000bb0   Section      512  startup_stm32f10x_hd.o(HEAP)
    STACK                                    0x20000db0   Section     1024  startup_stm32f10x_hd.o(STACK)

    Global Symbols

    Symbol Name                              Value     Ov Type        Size  Object(Section)

    BuildAttributes$$THM_ISAv4$P$D$K$B$S$PE$A:L22UL41UL21$X:L11$S22US41US21$IEEE1$IW$USESV6$~STKCKD$USESV7$~SHL$OTIME$ROPI$EBA8$MICROLIB$REQ8$PRES8$EABIv2 0x00000000   Number         0  anon$$obj.o ABSOLUTE
    __ARM_use_no_argv                        0x00000000   Number         0  main.o ABSOLUTE
    _printf_a                                0x00000000   Number         0  stubs.o ABSOLUTE
    _printf_c                                0x00000000   Number         0  stubs.o ABSOLUTE
    _printf_charcount                        0x00000000   Number         0  stubs.o ABSOLUTE
    _printf_d                                0x00000000   Number         0  stubs.o ABSOLUTE
    _printf_e                                0x00000000   Number         0  stubs.o ABSOLUTE
    _printf_f                                0x00000000   Number         0  stubs.o ABSOLUTE
    _printf_flags                            0x00000000   Number         0  stubs.o ABSOLUTE
    _printf_fp_dec                           0x00000000   Number         0  stubs.o ABSOLUTE
    _printf_fp_hex                           0x00000000   Number         0  stubs.o ABSOLUTE
    _printf_g                                0x00000000   Number         0  stubs.o ABSOLUTE
    _printf_i                                0x00000000   Number         0  stubs.o ABSOLUTE
    _printf_int_dec                          0x00000000   Number         0  stubs.o ABSOLUTE
    _printf_l                                0x00000000   Number         0  stubs.o ABSOLUTE
    _printf_lc                               0x00000000   Number         0  stubs.o ABSOLUTE
    _printf_ll                               0x00000000   Number         0  stubs.o ABSOLUTE
    _printf_lld                              0x00000000   Number         0  stubs.o ABSOLUTE
    _printf_lli                              0x00000000   Number         0  stubs.o ABSOLUTE
    _printf_llo                              0x00000000   Number         0  stubs.o ABSOLUTE
    _printf_llu                              0x00000000   Number         0  stubs.o ABSOLUTE
    _printf_llx                              0x00000000   Number         0  stubs.o ABSOLUTE
    _printf_longlong_dec                     0x00000000   Number         0  stubs.o ABSOLUTE
    _printf_longlong_hex                     0x00000000   Number         0  stubs.o ABSOLUTE
    _printf_longlong_oct                     0x00000000   Number         0  stubs.o ABSOLUTE
    _printf_ls                               0x00000000   Number         0  stubs.o ABSOLUTE
    _printf_mbtowc                           0x00000000   Number         0  stubs.o ABSOLUTE
    _printf_n                                0x00000000   Number         0  stubs.o ABSOLUTE
    _printf_o                                0x00000000   Number         0  stubs.o ABSOLUTE
    _printf_p                                0x00000000   Number         0  stubs.o ABSOLUTE
    _printf_percent                          0x00000000   Number         0  stubs.o ABSOLUTE
    _printf_pre_padding                      0x00000000   Number         0  stubs.o ABSOLUTE
    _printf_return_value                     0x00000000   Number         0  stubs.o ABSOLUTE
    _printf_s                                0x00000000   Number         0  stubs.o ABSOLUTE
    _printf_sizespec                         0x00000000   Number         0  stubs.o ABSOLUTE
    _printf_str                              0x00000000   Number         0  stubs.o ABSOLUTE
    _printf_truncate_signed                  0x00000000   Number         0  stubs.o ABSOLUTE
    _printf_truncate_unsigned                0x00000000   Number         0  stubs.o ABSOLUTE
    _printf_u                                0x00000000   Number         0  stubs.o ABSOLUTE
    _printf_wc                               0x00000000   Number         0  stubs.o ABSOLUTE
    _printf_wctomb                           0x00000000   Number         0  stubs.o ABSOLUTE
    _printf_widthprec                        0x00000000   Number         0  stubs.o ABSOLUTE
    _printf_x                                0x00000000   Number         0  stubs.o ABSOLUTE
    __cpp_initialize__aeabi_                  - Undefined Weak Reference
    __cxa_finalize                            - Undefined Weak Reference
    _clock_init                               - Undefined Weak Reference
    _microlib_exit                            - Undefined Weak Reference
    __Vectors_Size                           0x00000130   Number         0  startup_stm32f10x_hd.o ABSOLUTE
    __Vectors                                0x08005000   Data           4  startup_stm32f10x_hd.o(RESET)
    __Vectors_End                            0x08005130   Data           0  startup_stm32f10x_hd.o(RESET)
    __main                                   0x08005131   Thumb Code     0  entry.o(.ARM.Collect$$$$00000000)
    _main_stk                                0x08005131   Thumb Code     0  entry2.o(.ARM.Collect$$$$00000001)
    _main_scatterload                        0x08005135   Thumb Code     0  entry5.o(.ARM.Collect$$$$00000004)
    __main_after_scatterload                 0x08005139   Thumb Code     0  entry5.o(.ARM.Collect$$$$00000004)
    _main_clock                              0x08005139   Thumb Code     0  entry7b.o(.ARM.Collect$$$$00000008)
    _main_cpp_init                           0x08005139   Thumb Code     0  entry8b.o(.ARM.Collect$$$$0000000A)
    _main_init                               0x08005139   Thumb Code     0  entry9a.o(.ARM.Collect$$$$0000000B)
    __rt_final_cpp                           0x08005141   Thumb Code     0  entry10a.o(.ARM.Collect$$$$0000000D)
    __rt_final_exit                          0x08005141   Thumb Code     0  entry11a.o(.ARM.Collect$$$$0000000F)
    Reset_Handler                            0x08005145   Thumb Code     8  startup_stm32f10x_hd.o(.text)
    ADC1_2_IRQHandler                        0x0800515f   Thumb Code     0  startup_stm32f10x_hd.o(.text)
    ADC3_IRQHandler                          0x0800515f   Thumb Code     0  startup_stm32f10x_hd.o(.text)
    CAN1_RX1_IRQHandler                      0x0800515f   Thumb Code     0  startup_stm32f10x_hd.o(.text)
    CAN1_SCE_IRQHandler                      0x0800515f   Thumb Code     0  startup_stm32f10x_hd.o(.text)
    DMA1_Channel1_IRQHandler                 0x0800515f   Thumb Code     0  startup_stm32f10x_hd.o(.text)
    DMA1_Channel2_IRQHandler                 0x0800515f   Thumb Code     0  startup_stm32f10x_hd.o(.text)
    DMA1_Channel3_IRQHandler                 0x0800515f   Thumb Code     0  startup_stm32f10x_hd.o(.text)
    DMA1_Channel4_IRQHandler                 0x0800515f   Thumb Code     0  startup_stm32f10x_hd.o(.text)
    DMA1_Channel5_IRQHandler                 0x0800515f   Thumb Code     0  startup_stm32f10x_hd.o(.text)
    DMA1_Channel6_IRQHandler                 0x0800515f   Thumb Code     0  startup_stm32f10x_hd.o(.text)
    DMA1_Channel7_IRQHandler                 0x0800515f   Thumb Code     0  startup_stm32f10x_hd.o(.text)
    DMA2_Channel1_IRQHandler                 0x0800515f   Thumb Code     0  startup_stm32f10x_hd.o(.text)
    DMA2_Channel2_IRQHandler                 0x0800515f   Thumb Code     0  startup_stm32f10x_hd.o(.text)
    DMA2_Channel3_IRQHandler                 0x0800515f   Thumb Code     0  startup_stm32f10x_hd.o(.text)
    DMA2_Channel4_5_IRQHandler               0x0800515f   Thumb Code     0  startup_stm32f10x_hd.o(.text)
    EXTI2_IRQHandler                         0x0800515f   Thumb Code     0  startup_stm32f10x_hd.o(.text)
    EXTI3_IRQHandler                         0x0800515f   Thumb Code     0  startup_stm32f10x_hd.o(.text)
    EXTI4_IRQHandler                         0x0800515f   Thumb Code     0  startup_stm32f10x_hd.o(.text)
    FLASH_IRQHandler                         0x0800515f   Thumb Code     0  startup_stm32f10x_hd.o(.text)
    FSMC_IRQHandler                          0x0800515f   Thumb Code     0  startup_stm32f10x_hd.o(.text)
    I2C1_ER_IRQHandler                       0x0800515f   Thumb Code     0  startup_stm32f10x_hd.o(.text)
    I2C1_EV_IRQHandler                       0x0800515f   Thumb Code     0  startup_stm32f10x_hd.o(.text)
    I2C2_ER_IRQHandler                       0x0800515f   Thumb Code     0  startup_stm32f10x_hd.o(.text)
    I2C2_EV_IRQHandler                       0x0800515f   Thumb Code     0  startup_stm32f10x_hd.o(.text)
    PVD_IRQHandler                           0x0800515f   Thumb Code     0  startup_stm32f10x_hd.o(.text)
    RCC_IRQHandler                           0x0800515f   Thumb Code     0  startup_stm32f10x_hd.o(.text)
    RTCAlarm_IRQHandler                      0x0800515f   Thumb Code     0  startup_stm32f10x_hd.o(.text)
    RTC_IRQHandler                           0x0800515f   Thumb Code     0  startup_stm32f10x_hd.o(.text)
    SDIO_IRQHandler                          0x0800515f   Thumb Code     0  startup_stm32f10x_hd.o(.text)
    SPI1_IRQHandler                          0x0800515f   Thumb Code     0  startup_stm32f10x_hd.o(.text)
    SPI2_IRQHandler                          0x0800515f   Thumb Code     0  startup_stm32f10x_hd.o(.text)
    SPI3_IRQHandler                          0x0800515f   Thumb Code     0  startup_stm32f10x_hd.o(.text)
    TAMPER_IRQHandler                        0x0800515f   Thumb Code     0  startup_stm32f10x_hd.o(.text)
    TIM1_BRK_IRQHandler                      0x0800515f   Thumb Code     0  startup_stm32f10x_hd.o(.text)
    TIM1_CC_IRQHandler                       0x0800515f   Thumb Code     0  startup_stm32f10x_hd.o(.text)
    TIM1_TRG_COM_IRQHandler                  0x0800515f   Thumb Code     0  startup_stm32f10x_hd.o(.text)
    TIM1_UP_IRQHandler                       0x0800515f   Thumb Code     0  startup_stm32f10x_hd.o(.text)
    TIM5_IRQHandler                          0x0800515f   Thumb Code     0  startup_stm32f10x_hd.o(.text)
    TIM6_IRQHandler                          0x0800515f   Thumb Code     0  startup_stm32f10x_hd.o(.text)
    TIM7_IRQHandler                          0x0800515f   Thumb Code     0  startup_stm32f10x_hd.o(.text)
    TIM8_BRK_IRQHandler                      0x0800515f   Thumb Code     0  startup_stm32f10x_hd.o(.text)
    TIM8_CC_IRQHandler                       0x0800515f   Thumb Code     0  startup_stm32f10x_hd.o(.text)
    TIM8_TRG_COM_IRQHandler                  0x0800515f   Thumb Code     0  startup_stm32f10x_hd.o(.text)
    TIM8_UP_IRQHandler                       0x0800515f   Thumb Code     0  startup_stm32f10x_hd.o(.text)
    UART4_IRQHandler                         0x0800515f   Thumb Code     0  startup_stm32f10x_hd.o(.text)
    UART5_IRQHandler                         0x0800515f   Thumb Code     0  startup_stm32f10x_hd.o(.text)
    USART1_IRQHandler                        0x0800515f   Thumb Code     0  startup_stm32f10x_hd.o(.text)
    USART3_IRQHandler                        0x0800515f   Thumb Code     0  startup_stm32f10x_hd.o(.text)
    USBWakeUp_IRQHandler                     0x0800515f   Thumb Code     0  startup_stm32f10x_hd.o(.text)
    USB_HP_CAN1_TX_IRQHandler                0x0800515f   Thumb Code     0  startup_stm32f10x_hd.o(.text)
    USB_LP_CAN1_RX0_IRQHandler               0x0800515f   Thumb Code     0  startup_stm32f10x_hd.o(.text)
    WWDG_IRQHandler                          0x0800515f   Thumb Code     0  startup_stm32f10x_hd.o(.text)
    __aeabi_memcpy                           0x08005169   Thumb Code    36  memcpya.o(.text)
    __aeabi_memcpy4                          0x08005169   Thumb Code     0  memcpya.o(.text)
    __aeabi_memcpy8                          0x08005169   Thumb Code     0  memcpya.o(.text)
    __aeabi_memset                           0x0800518d   Thumb Code    14  memseta.o(.text)
    __aeabi_memset4                          0x0800518d   Thumb Code     0  memseta.o(.text)
    __aeabi_memset8                          0x0800518d   Thumb Code     0  memseta.o(.text)
    __aeabi_memclr                           0x0800519b   Thumb Code     4  memseta.o(.text)
    __aeabi_memclr4                          0x0800519b   Thumb Code     0  memseta.o(.text)
    __aeabi_memclr8                          0x0800519b   Thumb Code     0  memseta.o(.text)
    _memset$wrapper                          0x0800519f   Thumb Code    18  memseta.o(.text)
    strstr                                   0x080051b1   Thumb Code    36  strstr.o(.text)
    strchr                                   0x080051d5   Thumb Code    20  strchr.o(.text)
    strlen                                   0x080051e9   Thumb Code    14  strlen.o(.text)
    memcmp                                   0x080051f7   Thumb Code    26  memcmp.o(.text)
    strncat                                  0x08005211   Thumb Code    40  strncat.o(.text)
    strcpy                                   0x08005239   Thumb Code    18  strcpy.o(.text)
    atoi                                     0x0800524b   Thumb Code    26  atoi.o(.text)
    __aeabi_i2f                              0x08005265   Thumb Code    18  fflti.o(.text)
    __aeabi_ui2f                             0x08005277   Thumb Code    10  ffltui.o(.text)
    __aeabi_f2iz                             0x08005281   Thumb Code    50  ffixi.o(.text)
    __aeabi_f2uiz                            0x080052b3   Thumb Code    40  ffixui.o(.text)
    __aeabi_cfcmpeq                          0x080052dd   Thumb Code     0  cfcmple.o(.text)
    __aeabi_cfcmple                          0x080052dd   Thumb Code    20  cfcmple.o(.text)
    __aeabi_cfrcmple                         0x080052f1   Thumb Code    20  cfrcmple.o(.text)
    __aeabi_uidiv                            0x08005305   Thumb Code     0  uidiv.o(.text)
    __aeabi_uidivmod                         0x08005305   Thumb Code    44  uidiv.o(.text)
    __aeabi_uldivmod                         0x08005331   Thumb Code    98  uldiv.o(.text)
    strtol                                   0x08005393   Thumb Code   112  strtol.o(.text)
    __I$use$fp                               0x08005403   Thumb Code     0  iusefp.o(.text)
    _float_round                             0x08005403   Thumb Code    18  fepilogue.o(.text)
    _float_epilogue                          0x08005415   Thumb Code    92  fepilogue.o(.text)
    __aeabi_dadd                             0x08005471   Thumb Code   322  dadd.o(.text)
    __aeabi_dsub                             0x080055b3   Thumb Code     6  dadd.o(.text)
    __aeabi_drsub                            0x080055b9   Thumb Code     6  dadd.o(.text)
    __aeabi_dmul                             0x080055bf   Thumb Code   228  dmul.o(.text)
    __aeabi_ddiv                             0x080056a3   Thumb Code   222  ddiv.o(.text)
    __aeabi_d2ulz                            0x08005781   Thumb Code    48  dfixul.o(.text)
    __aeabi_cdrcmple                         0x080057b1   Thumb Code    48  cdrcmple.o(.text)
    __scatterload                            0x080057e1   Thumb Code    28  init.o(.text)
    __scatterload_rt2                        0x080057e1   Thumb Code     0  init.o(.text)
    __aeabi_llsl                             0x08005805   Thumb Code    30  llshl.o(.text)
    _ll_shift_l                              0x08005805   Thumb Code     0  llshl.o(.text)
    __aeabi_llsr                             0x08005823   Thumb Code    32  llushr.o(.text)
    _ll_ushift_r                             0x08005823   Thumb Code     0  llushr.o(.text)
    __aeabi_lasr                             0x08005843   Thumb Code    36  llsshr.o(.text)
    _ll_sshift_r                             0x08005843   Thumb Code     0  llsshr.o(.text)
    __rt_ctype_table                         0x08005869   Thumb Code     4  ctype_o.o(.text)
    _strtoul                                 0x08005871   Thumb Code   158  _strtoul.o(.text)
    _double_round                            0x0800590f   Thumb Code    30  depilogue.o(.text)
    _double_epilogue                         0x0800592d   Thumb Code   156  depilogue.o(.text)
    _chval                                   0x080059c9   Thumb Code    28  _chval.o(.text)
    __decompress                             0x080059e5   Thumb Code     0  __dczerorl2.o(.text)
    __decompress1                            0x080059e5   Thumb Code    86  __dczerorl2.o(.text)
    ADXL345_ReadXYZ                          0x08005a3b   Thumb Code   156  adxl345.o(i.ADXL345_ReadXYZ)
    ADXL345_init                             0x08005ad7   Thumb Code    48  adxl345.o(i.ADXL345_init)
    ADXL345_read_byte                        0x08005b09   Thumb Code    74  adxl345.o(i.ADXL345_read_byte)
    ADXL345_write_byte                       0x08005b5d   Thumb Code    68  adxl345.o(i.ADXL345_write_byte)
    BD_TG_DevLink                            0x08005ba9   Thumb Code   236  bd_tg.o(i.BD_TG_DevLink)
    BD_TG_Publish                            0x08005dc5   Thumb Code    72  bd_tg.o(i.BD_TG_Publish)
    BD_TG_RevPro                             0x08005e21   Thumb Code   560  bd_tg.o(i.BD_TG_RevPro)
    BD_TG_Subscribe                          0x080061d1   Thumb Code   158  bd_tg.o(i.BD_TG_Subscribe)
    BusFault_Handler                         0x080062e1   Thumb Code     4  stm32f10x_it.o(i.BusFault_Handler)
    DHT11_GetValue                           0x080062e5   Thumb Code   146  dht11.o(i.DHT11_GetValue)
    DHT11_ReadData                           0x0800637d   Thumb Code    84  dht11.o(i.DHT11_ReadData)
    DebugMon_Handler                         0x080063d5   Thumb Code     2  stm32f10x_it.o(i.DebugMon_Handler)
    EXTI0_IRQHandler                         0x080063d9   Thumb Code    38  stm32f10x_it.o(i.EXTI0_IRQHandler)
    EXTI15_10_IRQHandler                     0x0800640d   Thumb Code    36  stm32f10x_it.o(i.EXTI15_10_IRQHandler)
    EXTI1_IRQHandler                         0x08006439   Thumb Code    38  stm32f10x_it.o(i.EXTI1_IRQHandler)
    EXTI9_5_IRQHandler                       0x0800646d   Thumb Code   316  stm32f10x_it.o(i.EXTI9_5_IRQHandler)
    EXTI_ClearITPendingBit                   0x080065dd   Thumb Code     6  stm32f10x_exti.o(i.EXTI_ClearITPendingBit)
    EXTI_ENABLE                              0x080065e9   Thumb Code    16  exti.o(i.EXTI_ENABLE)
    EXTI_GetITStatus                         0x080065f9   Thumb Code    34  stm32f10x_exti.o(i.EXTI_GetITStatus)
    EXTI_Init                                0x08006621   Thumb Code   142  stm32f10x_exti.o(i.EXTI_Init)
    EXTI_PA0_Config                          0x080066b5   Thumb Code   106  exti.o(i.EXTI_PA0_Config)
    EXTI_PA1_Config                          0x08006725   Thumb Code   106  exti.o(i.EXTI_PA1_Config)
    EXTI_PB6_9_Config                        0x08006795   Thumb Code   166  exti.o(i.EXTI_PB6_9_Config)
    GPIO_Configuration                       0x08006841   Thumb Code   552  gpio.o(i.GPIO_Configuration)
    GPIO_EXTILineConfig                      0x08006a79   Thumb Code    60  stm32f10x_gpio.o(i.GPIO_EXTILineConfig)
    GPIO_Init                                0x08006ab9   Thumb Code   278  stm32f10x_gpio.o(i.GPIO_Init)
    GPIO_PinRemapConfig                      0x08006bd1   Thumb Code   138  stm32f10x_gpio.o(i.GPIO_PinRemapConfig)
    GPIO_ReadInputDataBit                    0x08006c61   Thumb Code    18  stm32f10x_gpio.o(i.GPIO_ReadInputDataBit)
    GPIO_ResetBits                           0x08006c73   Thumb Code     4  stm32f10x_gpio.o(i.GPIO_ResetBits)
    GPIO_SetBits                             0x08006c77   Thumb Code     4  stm32f10x_gpio.o(i.GPIO_SetBits)
    GPIO_StructInit                          0x08006c7b   Thumb Code    16  stm32f10x_gpio.o(i.GPIO_StructInit)
    GetLockCode                              0x08006c8d   Thumb Code    62  loop.o(i.GetLockCode)
    HardFault_Handler                        0x08006ce9   Thumb Code     4  stm32f10x_it.o(i.HardFault_Handler)
    HexToChar                                0x08006ced   Thumb Code    52  tcp_demo.o(i.HexToChar)
    IINCHIP_CSoff                            0x08006d21   Thumb Code    10  w5500.o(i.IINCHIP_CSoff)
    IINCHIP_CSon                             0x08006d2b   Thumb Code    10  w5500.o(i.IINCHIP_CSon)
    IINCHIP_READ                             0x08006d35   Thumb Code    50  w5500.o(i.IINCHIP_READ)
    IINCHIP_SpiSendData                      0x08006d67   Thumb Code    12  w5500.o(i.IINCHIP_SpiSendData)
    IINCHIP_WRITE                            0x08006d73   Thumb Code    50  w5500.o(i.IINCHIP_WRITE)
    IWDG_Enable                              0x08006da5   Thumb Code    10  stm32f10x_iwdg.o(i.IWDG_Enable)
    IWDG_Feed                                0x08006db5   Thumb Code     8  iwdg.o(i.IWDG_Feed)
    IWDG_Init                                0x08006dbd   Thumb Code    36  iwdg.o(i.IWDG_Init)
    IWDG_ReloadCounter                       0x08006de1   Thumb Code    10  stm32f10x_iwdg.o(i.IWDG_ReloadCounter)
    IWDG_SetPrescaler                        0x08006df1   Thumb Code     6  stm32f10x_iwdg.o(i.IWDG_SetPrescaler)
    IWDG_SetReload                           0x08006dfd   Thumb Code     6  stm32f10x_iwdg.o(i.IWDG_SetReload)
    IWDG_WriteAccessCmd                      0x08006e09   Thumb Code     6  stm32f10x_iwdg.o(i.IWDG_WriteAccessCmd)
    Initialization_configuration             0x08006e15   Thumb Code   152  loop.o(i.Initialization_configuration)
    MQTT_DeleteBuffer                        0x08006ed1   Thumb Code    28  mqttkit.o(i.MQTT_DeleteBuffer)
    MQTT_DumpLength                          0x08006eed   Thumb Code    46  mqttkit.o(i.MQTT_DumpLength)
    MQTT_NewBuffer                           0x08006f1b   Thumb Code    88  mqttkit.o(i.MQTT_NewBuffer)
    MQTT_PacketCmdResp                       0x08006f75   Thumb Code   132  mqttkit.o(i.MQTT_PacketCmdResp)
    MQTT_PacketConnect                       0x08007001   Thumb Code   662  mqttkit.o(i.MQTT_PacketConnect)
    MQTT_PacketPublish                       0x0800729d   Thumb Code   310  mqttkit.o(i.MQTT_PacketPublish)
    MQTT_PacketPublishAck                    0x080073d3   Thumb Code    72  mqttkit.o(i.MQTT_PacketPublishAck)
    MQTT_PacketPublishComp                   0x0800741b   Thumb Code    72  mqttkit.o(i.MQTT_PacketPublishComp)
    MQTT_PacketPublishRec                    0x08007463   Thumb Code    72  mqttkit.o(i.MQTT_PacketPublishRec)
    MQTT_PacketPublishRel                    0x080074ab   Thumb Code    72  mqttkit.o(i.MQTT_PacketPublishRel)
    MQTT_PacketSubscribe                     0x080074f3   Thumb Code   252  mqttkit.o(i.MQTT_PacketSubscribe)
    MQTT_PacketUnSubscribe                   0x080075ef   Thumb Code   236  mqttkit.o(i.MQTT_PacketUnSubscribe)
    MQTT_ReadLength                          0x080076db   Thumb Code    70  mqttkit.o(i.MQTT_ReadLength)
    MQTT_UnPacketCmd                         0x08007721   Thumb Code   138  mqttkit.o(i.MQTT_UnPacketCmd)
    MQTT_UnPacketConnectAck                  0x080077ab   Thumb Code    30  mqttkit.o(i.MQTT_UnPacketConnectAck)
    MQTT_UnPacketPublish                     0x080077c9   Thumb Code   390  mqttkit.o(i.MQTT_UnPacketPublish)
    MQTT_UnPacketPublishAck                  0x08007959   Thumb Code    30  mqttkit.o(i.MQTT_UnPacketPublishAck)
    MQTT_UnPacketPublishComp                 0x08007977   Thumb Code    30  mqttkit.o(i.MQTT_UnPacketPublishComp)
    MQTT_UnPacketPublishRec                  0x08007995   Thumb Code    30  mqttkit.o(i.MQTT_UnPacketPublishRec)
    MQTT_UnPacketPublishRel                  0x080079b3   Thumb Code    36  mqttkit.o(i.MQTT_UnPacketPublishRel)
    MQTT_UnPacketRecv                        0x080079d9   Thumb Code   106  mqttkit.o(i.MQTT_UnPacketRecv)
    MQTT_UnPacketSubscribe                   0x08007a4d   Thumb Code    52  mqttkit.o(i.MQTT_UnPacketSubscribe)
    MQTT_UnPacketUnSubscribe                 0x08007a81   Thumb Code    18  mqttkit.o(i.MQTT_UnPacketUnSubscribe)
    MQTT_UnSubscribe                         0x08007a95   Thumb Code    86  bd_tg.o(i.MQTT_UnSubscribe)
    MemManage_Handler                        0x08007b01   Thumb Code     4  stm32f10x_it.o(i.MemManage_Handler)
    NMI_Handler                              0x08007b05   Thumb Code     2  stm32f10x_it.o(i.NMI_Handler)
    NVIC_Init                                0x08007b09   Thumb Code   100  misc.o(i.NVIC_Init)
    NVIC_PriorityGroupConfig                 0x08007b79   Thumb Code    10  misc.o(i.NVIC_PriorityGroupConfig)
    PendSV_Handler                           0x08007b8d   Thumb Code     2  stm32f10x_it.o(i.PendSV_Handler)
    Power_check                              0x08007b91   Thumb Code    74  loop.o(i.Power_check)
    RCC_APB1PeriphClockCmd                   0x08007bed   Thumb Code    26  stm32f10x_rcc.o(i.RCC_APB1PeriphClockCmd)
    RCC_APB1PeriphResetCmd                   0x08007c0d   Thumb Code    26  stm32f10x_rcc.o(i.RCC_APB1PeriphResetCmd)
    RCC_APB2PeriphClockCmd                   0x08007c2d   Thumb Code    26  stm32f10x_rcc.o(i.RCC_APB2PeriphClockCmd)
    RCC_APB2PeriphResetCmd                   0x08007c4d   Thumb Code    26  stm32f10x_rcc.o(i.RCC_APB2PeriphResetCmd)
    RCC_GetClocksFreq                        0x08007c6d   Thumb Code   192  stm32f10x_rcc.o(i.RCC_GetClocksFreq)
    Reset_W5500                              0x08007d41   Thumb Code    34  spi2.o(i.Reset_W5500)
    SPI2_SendByte                            0x08007d69   Thumb Code    50  spi2.o(i.SPI2_SendByte)
    SPI_Cmd                                  0x08007da1   Thumb Code    24  stm32f10x_spi.o(i.SPI_Cmd)
    SPI_I2S_GetFlagStatus                    0x08007db9   Thumb Code    18  stm32f10x_spi.o(i.SPI_I2S_GetFlagStatus)
    SPI_I2S_ReceiveData                      0x08007dcb   Thumb Code     6  stm32f10x_spi.o(i.SPI_I2S_ReceiveData)
    SPI_I2S_SendData                         0x08007dd1   Thumb Code     4  stm32f10x_spi.o(i.SPI_I2S_SendData)
    SPI_Init                                 0x08007dd5   Thumb Code    60  stm32f10x_spi.o(i.SPI_Init)
    SPI_init                                 0x08007e11   Thumb Code   168  adxl345.o(i.SPI_init)
    SVC_Handler                              0x08007ec5   Thumb Code     2  stm32f10x_it.o(i.SVC_Handler)
    SoftReset                                0x08007fb1   Thumb Code    38  loop.o(i.SoftReset)
    SysTick_Handler                          0x08007fe1   Thumb Code     2  stm32f10x_it.o(i.SysTick_Handler)
    SystemInit                               0x08007fe5   Thumb Code    76  system_stm32f10x.o(i.SystemInit)
    Systick_Init                             0x08008045   Thumb Code    56  delay.o(i.Systick_Init)
    TIM2_Configuration                       0x08008085   Thumb Code    82  tim2.o(i.TIM2_Configuration)
    TIM2_IRQHandler                          0x080080d9   Thumb Code    46  stm32f10x_it.o(i.TIM2_IRQHandler)
    TIM2_NVIC_Configuration                  0x0800810d   Thumb Code    42  tim2.o(i.TIM2_NVIC_Configuration)
    TIM3_Configuration                       0x08008139   Thumb Code    78  tim2.o(i.TIM3_Configuration)
    TIM3_IRQHandler                          0x0800818d   Thumb Code    72  stm32f10x_it.o(i.TIM3_IRQHandler)
    TIM3_NVIC_Configuration                  0x080081e1   Thumb Code    42  tim2.o(i.TIM3_NVIC_Configuration)
    TIM4_Configuration                       0x0800820d   Thumb Code    78  tim2.o(i.TIM4_Configuration)
    TIM4_IRQHandler                          0x08008261   Thumb Code   132  stm32f10x_it.o(i.TIM4_IRQHandler)
    TIM4_NVIC_Configuration                  0x08008305   Thumb Code    42  tim2.o(i.TIM4_NVIC_Configuration)
    TIM_ClearFlag                            0x0800832f   Thumb Code     6  stm32f10x_tim.o(i.TIM_ClearFlag)
    TIM_ClearITPendingBit                    0x08008335   Thumb Code     6  stm32f10x_tim.o(i.TIM_ClearITPendingBit)
    TIM_Cmd                                  0x0800833b   Thumb Code    24  stm32f10x_tim.o(i.TIM_Cmd)
    TIM_DeInit                               0x08008355   Thumb Code   424  stm32f10x_tim.o(i.TIM_DeInit)
    TIM_GetITStatus                          0x0800853d   Thumb Code    34  stm32f10x_tim.o(i.TIM_GetITStatus)
    TIM_ITConfig                             0x0800855f   Thumb Code    18  stm32f10x_tim.o(i.TIM_ITConfig)
    TIM_TimeBaseInit                         0x08008571   Thumb Code   122  stm32f10x_tim.o(i.TIM_TimeBaseInit)
    USART2_Config                            0x08008615   Thumb Code   136  usart2.o(i.USART2_Config)
    USART2_IRQHandler                        0x080086a5   Thumb Code   428  usart2.o(i.USART2_IRQHandler)
    USART2_NVIC_Configuration                0x08008881   Thumb Code    42  usart2.o(i.USART2_NVIC_Configuration)
    USART_ClearFlag                          0x080088ab   Thumb Code    18  stm32f10x_usart.o(i.USART_ClearFlag)
    USART_Cmd                                0x080088bd   Thumb Code    24  stm32f10x_usart.o(i.USART_Cmd)
    USART_GetFlagStatus                      0x080088d5   Thumb Code    26  stm32f10x_usart.o(i.USART_GetFlagStatus)
    USART_GetITStatus                        0x080088ef   Thumb Code    84  stm32f10x_usart.o(i.USART_GetITStatus)
    USART_ITConfig                           0x08008943   Thumb Code    74  stm32f10x_usart.o(i.USART_ITConfig)
    USART_Init                               0x0800898d   Thumb Code   210  stm32f10x_usart.o(i.USART_Init)
    USART_ReceiveData                        0x08008a65   Thumb Code    10  stm32f10x_usart.o(i.USART_ReceiveData)
    USART_SendData                           0x08008a6f   Thumb Code     8  stm32f10x_usart.o(i.USART_SendData)
    UsageFault_Handler                       0x08008a77   Thumb Code     4  stm32f10x_it.o(i.UsageFault_Handler)
    WIZ_CS                                   0x08008a7d   Thumb Code    32  spi2.o(i.WIZ_CS)
    WIZ_SPI_Init                             0x08008aa1   Thumb Code   160  spi2.o(i.WIZ_SPI_Init)
    __0printf                                0x08008b49   Thumb Code    22  printfa.o(i.__0printf)
    __1printf                                0x08008b49   Thumb Code     0  printfa.o(i.__0printf)
    __2printf                                0x08008b49   Thumb Code     0  printfa.o(i.__0printf)
    __c89printf                              0x08008b49   Thumb Code     0  printfa.o(i.__0printf)
    printf                                   0x08008b49   Thumb Code     0  printfa.o(i.__0printf)
    __0sprintf                               0x08008b69   Thumb Code    34  printfa.o(i.__0sprintf)
    __1sprintf                               0x08008b69   Thumb Code     0  printfa.o(i.__0sprintf)
    __2sprintf                               0x08008b69   Thumb Code     0  printfa.o(i.__0sprintf)
    __c89sprintf                             0x08008b69   Thumb Code     0  printfa.o(i.__0sprintf)
    sprintf                                  0x08008b69   Thumb Code     0  printfa.o(i.__0sprintf)
    __aeabi_errno_addr                       0x08008b91   Thumb Code     4  errno.o(i.__aeabi_errno_addr)
    __rt_errno_addr                          0x08008b91   Thumb Code     0  errno.o(i.__aeabi_errno_addr)
    __scatterload_copy                       0x08008b99   Thumb Code    14  handlers.o(i.__scatterload_copy)
    __scatterload_null                       0x08008ba7   Thumb Code     2  handlers.o(i.__scatterload_null)
    __scatterload_zeroinit                   0x08008ba9   Thumb Code    14  handlers.o(i.__scatterload_zeroinit)
    application                              0x08009455   Thumb Code  5330  loop.o(i.application)
    at24c16_init                             0x0800a94d   Thumb Code    56  24c16.o(i.at24c16_init)
    at24c16_read                             0x0800a98d   Thumb Code    70  24c16.o(i.at24c16_read)
    at24c16_start                            0x0800a9d5   Thumb Code    42  24c16.o(i.at24c16_start)
    at24c16_stop                             0x0800aa09   Thumb Code    34  24c16.o(i.at24c16_stop)
    at24c16_write                            0x0800aa35   Thumb Code    80  24c16.o(i.at24c16_write)
    auto_dhcp                                0x0800aa85   Thumb Code    88  dhcp.o(i.auto_dhcp)
    check_DHCP_Timeout                       0x0800ab3d   Thumb Code   110  dhcp.o(i.check_DHCP_Timeout)
    check_DHCP_state                         0x0800abc1   Thumb Code   328  dhcp.o(i.check_DHCP_state)
    check_leasedIP                           0x0800ad29   Thumb Code    38  dhcp.o(i.check_leasedIP)
    clock                                    0x0800ad69   Thumb Code    56  24c16.o(i.clock)
    close                                    0x0800ada9   Thumb Code    52  socket.o(i.close)
    connect                                  0x0800addd   Thumb Code   248  socket.o(i.connect)
    delay_ms                                 0x0800aed5   Thumb Code    56  delay.o(i.delay_ms)
    delay_us                                 0x0800af11   Thumb Code    56  delay.o(i.delay_us)
    do_tcp_client                            0x0800af4d   Thumb Code   832  tcp_demo.o(i.do_tcp_client)
    erase_eeprom                             0x0800b395   Thumb Code    30  24c16.o(i.erase_eeprom)
    fputc                                    0x0800b3b5   Thumb Code    32  usart2.o(i.fputc)
    free                                     0x0800b3d9   Thumb Code    76  malloc.o(i.free)
    getGAR                                   0x0800b429   Thumb Code    16  w5500.o(i.getGAR)
    getIINCHIP_TxMAX                         0x0800b439   Thumb Code    10  w5500.o(i.getIINCHIP_TxMAX)
    getPHYStatus                             0x0800b449   Thumb Code    12  w5500.o(i.getPHYStatus)
    getSIPR                                  0x0800b455   Thumb Code    18  w5500.o(i.getSIPR)
    getSUBR                                  0x0800b467   Thumb Code    18  w5500.o(i.getSUBR)
    getSn_IR                                 0x0800b479   Thumb Code    18  w5500.o(i.getSn_IR)
    getSn_RX_RSR                             0x0800b48b   Thumb Code    84  w5500.o(i.getSn_RX_RSR)
    getSn_SR                                 0x0800b4df   Thumb Code    18  w5500.o(i.getSn_SR)
    getSn_TX_FSR                             0x0800b4f1   Thumb Code    84  w5500.o(i.getSn_TX_FSR)
    htonl                                    0x0800b545   Thumb Code    12  ult.o(i.htonl)
    htons                                    0x0800b551   Thumb Code    12  ult.o(i.htons)
    input3_status                            0x0800b55d   Thumb Code    54  input.o(i.input3_status)
    input4_status                            0x0800b5a5   Thumb Code    50  input.o(i.input4_status)
    input5_status                            0x0800b5e9   Thumb Code    52  input.o(i.input5_status)
    input6_status                            0x0800b62d   Thumb Code    52  input.o(i.input6_status)
    input_gpio                               0x0800b671   Thumb Code   172  input.o(i.input_gpio)
    main                                     0x0800b721   Thumb Code    18  main.o(i.main)
    malloc                                   0x0800b735   Thumb Code    92  malloc.o(i.malloc)
    ntohl                                    0x0800b7a1   Thumb Code    12  ult.o(i.ntohl)
    parseDHCPMSG                             0x0800b7ad   Thumb Code   326  dhcp.o(i.parseDHCPMSG)
    read_1byte                               0x0800b91d   Thumb Code   100  24c16.o(i.read_1byte)
    read_config                              0x0800b989   Thumb Code   572  loop.o(i.read_config)
    recv                                     0x0800bcc1   Thumb Code    66  socket.o(i.recv)
    recv_data_processing                     0x0800bd05   Thumb Code   116  w5500.o(i.recv_data_processing)
    recvfrom                                 0x0800bd99   Thumb Code   486  socket.o(i.recvfrom)
    reset_DHCP_time                          0x0800bf99   Thumb Code    28  dhcp.o(i.reset_DHCP_time)
    send                                     0x0800bfc5   Thumb Code   224  socket.o(i.send)
    send_DHCP_DISCOVER                       0x0800c0c9   Thumb Code   680  dhcp.o(i.send_DHCP_DISCOVER)
    send_DHCP_RELEASE_DECLINE                0x0800c39d   Thumb Code   648  dhcp.o(i.send_DHCP_RELEASE_DECLINE)
    send_DHCP_REQUEST                        0x0800c639   Thumb Code   956  dhcp.o(i.send_DHCP_REQUEST)
    send_data_processing                     0x0800ca29   Thumb Code   108  w5500.o(i.send_data_processing)
    sendto                                   0x0800ca95   Thumb Code   268  socket.o(i.sendto)
    setGAR                                   0x0800cba1   Thumb Code    16  w5500.o(i.setGAR)
    setKPALVTR                               0x0800cbb1   Thumb Code    22  tcp_demo.o(i.setKPALVTR)
    setSHAR                                  0x0800cbc7   Thumb Code    18  w5500.o(i.setSHAR)
    setSIPR                                  0x0800cbd9   Thumb Code    18  w5500.o(i.setSIPR)
    setSUBR                                  0x0800cbeb   Thumb Code    18  w5500.o(i.setSUBR)
    setSn_IR                                 0x0800cbfd   Thumb Code    22  w5500.o(i.setSn_IR)
    set_object_ip                            0x0800cc15   Thumb Code   154  tcp_demo.o(i.set_object_ip)
    set_w5500_ip                             0x0800cd15   Thumb Code   298  w5500_config.o(i.set_w5500_ip)
    set_w5500_mac                            0x0800cf4d   Thumb Code   170  w5500_config.o(i.set_w5500_mac)
    socket                                   0x0800d071   Thumb Code   192  socket.o(i.socket)
    swapl                                    0x0800d135   Thumb Code    28  ult.o(i.swapl)
    swaps                                    0x0800d151   Thumb Code    14  ult.o(i.swaps)
    sysinit                                  0x0800d161   Thumb Code   302  w5500.o(i.sysinit)
    w5500_check                              0x0800d299   Thumb Code   116  w5500.o(i.w5500_check)
    wiz_read_buf                             0x0800d339   Thumb Code    78  w5500.o(i.wiz_read_buf)
    wiz_write_buf                            0x0800d3a1   Thumb Code    80  w5500.o(i.wiz_write_buf)
    write_1byte                              0x0800d409   Thumb Code   112  24c16.o(i.write_1byte)
    __ctype_table                            0x0800d480   Data         129  ctype_o.o(.constdata)
    Region$$Table$$Base                      0x0800d62c   Number         0  anon$$obj.o(Region$$Table)
    Region$$Table$$Limit                     0x0800d64c   Number         0  anon$$obj.o(Region$$Table)
    up_bed                                   0x20000000   Data           1  stm32f10x_it.o(.data)
    bed_status                               0x20000001   Data           1  stm32f10x_it.o(.data)
    down_bed                                 0x20000002   Data           1  stm32f10x_it.o(.data)
    ac                                       0x20000004   Data           4  stm32f10x_it.o(.data)
    battery                                  0x20000008   Data           4  stm32f10x_it.o(.data)
    tim3i                                    0x2000000c   Data           4  stm32f10x_it.o(.data)
    tim3fquence                              0x20000010   Data           4  stm32f10x_it.o(.data)
    elevator_status                          0x20000014   Data           1  stm32f10x_it.o(.data)
    acc_on                                   0x20000015   Data           1  stm32f10x_it.o(.data)
    door                                     0x20000016   Data           1  stm32f10x_it.o(.data)
    rxd_buffer_locked                        0x20000017   Data           1  usart2.o(.data)
    usart_flg                                0x20000018   Data           1  usart2.o(.data)
    ptr_rxd_buffer                           0x20000019   Data           1  usart2.o(.data)
    start                                    0x2000001a   Data           1  usart2.o(.data)
    crc                                      0x2000001b   Data           1  usart2.o(.data)
    tim3_reset                               0x2000001c   Data           1  usart2.o(.data)
    input1_time                              0x20000022   Data           1  input.o(.data)
    input2_time                              0x20000023   Data           1  input.o(.data)
    input3_time                              0x20000024   Data           1  input.o(.data)
    input4_time                              0x20000025   Data           1  input.o(.data)
    input5_time                              0x20000026   Data           1  input.o(.data)
    input6_time                              0x20000027   Data           1  input.o(.data)
    input1_value                             0x20000028   Data           1  input.o(.data)
    input2_value                             0x20000029   Data           1  input.o(.data)
    input3_value                             0x2000002a   Data           1  input.o(.data)
    input4_value                             0x2000002b   Data           1  input.o(.data)
    input5_value                             0x2000002c   Data           1  input.o(.data)
    input6_value                             0x2000002d   Data           1  input.o(.data)
    id_name                                  0x20000030   Data           4  loop.o(.data)
    result                                   0x20000034   Data          20  loop.o(.data)
    publish_rev_head                         0x20000048   Data           2  loop.o(.data)
    send_version                             0x2000004a   Data           1  loop.o(.data)
    id_length                                0x2000004b   Data           1  loop.o(.data)
    pubilish_id_32                           0x2000004c   Data           4  loop.o(.data)
    publish_rev                              0x20000050   Data           2  loop.o(.data)
    publish_cmd                              0x20000052   Data           1  loop.o(.data)
    publish_version                          0x20000053   Data           1  loop.o(.data)
    ip_config                                0x20000054   Data           1  loop.o(.data)
    printf_version                           0x20000055   Data           1  loop.o(.data)
    id_name_all                              0x20000058   Data           4  loop.o(.data)
    Lock_Code                                0x2000005c   Data           4  loop.o(.data)
    x                                        0x20000060   Data           6  loop.o(.data)
    y                                        0x20000066   Data           6  loop.o(.data)
    z                                        0x2000006c   Data           6  loop.o(.data)
    flag                                     0x20000072   Data           1  loop.o(.data)
    power                                    0x20000073   Data           1  loop.o(.data)
    bed_ready                                0x20000074   Data           1  loop.o(.data)
    mqtt_sensor_send                         0x20000075   Data           1  loop.o(.data)
    door_close_times                         0x20000076   Data           1  loop.o(.data)
    door_close_times_sum                     0x20000077   Data           1  loop.o(.data)
    w5500_success_crc                        0x20000078   Data           1  loop.o(.data)
    door_close_times_sum1                    0x20000079   Data           1  loop.o(.data)
    door_close_times_sum2                    0x2000007a   Data           1  loop.o(.data)
    ee_test                                  0x2000007b   Data           1  loop.o(.data)
    read_dht11                               0x2000007c   Data           1  loop.o(.data)
    send_data                                0x2000007d   Data           1  loop.o(.data)
    Disconnect_Request                       0x2000007e   Data           2  loop.o(.data)
    domain_ip                                0x20000080   Data           4  loop.o(.data)
    temp_rh                                  0x20000084   Data           2  loop.o(.data)
    uart2_send_read                          0x20000086   Data           1  loop.o(.data)
    floor                                    0x20000088   ARM Code       4  loop.o(.data)
    door_open_over_time_sum                  0x2000008c   Data           1  loop.o(.data)
    uart2_send_write                         0x2000008d   Data           1  loop.o(.data)
    uart_config                              0x2000008e   Data           1  loop.o(.data)
    w5500_connect                            0x20000090   Data           4  loop.o(.data)
    uart_w5500_ip_config                     0x20000094   Data           1  loop.o(.data)
    uart_w5500_mac_config                    0x20000095   Data           1  loop.o(.data)
    uart_w5500_subnet_config                 0x20000096   Data           1  loop.o(.data)
    uart_w5500_gateway_config                0x20000097   Data           1  loop.o(.data)
    uart_w5500_dns_config                    0x20000098   Data           1  loop.o(.data)
    uart_w5500_port_config                   0x20000099   Data           1  loop.o(.data)
    AccelerationX                            0x2000009c   Data           4  loop.o(.data)
    AccelerationY                            0x200000a0   Data           4  loop.o(.data)
    AccelerationZ                            0x200000a4   Data           4  loop.o(.data)
    adxl345_number                           0x200000a8   Data           1  loop.o(.data)
    reboot_sum                               0x200000a9   Data           1  loop.o(.data)
    work_ACCadd                              0x200000aa   Data           1  loop.o(.data)
    work_Acc_success                         0x200000ab   Data           1  loop.o(.data)
    work_dht11_status                        0x200000ac   Data           1  loop.o(.data)
    work_noise_status                        0x200000ad   Data           1  loop.o(.data)
    work_uart_status                         0x200000ae   Data           1  loop.o(.data)
    work_Acceleration_status                 0x200000af   Data           1  loop.o(.data)
    disconnet                                0x200000b0   Data           2  loop.o(.data)
    overtime                                 0x200000b2   Data           2  loop.o(.data)
    overtime_reset                           0x200000b4   Data           1  loop.o(.data)
    test_while                               0x200000b5   Data           1  loop.o(.data)
    work_status                              0x200000b6   Data           1  loop.o(.data)
    network_status                           0x200000b7   Data           1  loop.o(.data)
    led_set_work                             0x200000b8   Data           1  loop.o(.data)
    led_set_network                          0x200000b9   Data           1  loop.o(.data)
    sum                                      0x200000ba   Data           1  loop.o(.data)
    temperature                              0x200000bc   Data           4  loop.o(.data)
    humidity                                 0x200000c0   Data           4  loop.o(.data)
    external_driver                          0x200000c4   Data           1  loop.o(.data)
    external_led1                            0x200000c5   Data           1  loop.o(.data)
    external_led2                            0x200000c6   Data           1  loop.o(.data)
    external_led3                            0x200000c7   Data           1  loop.o(.data)
    external_led4                            0x200000c8   Data           1  loop.o(.data)
    publish_crc                              0x200000c9   Data           1  loop.o(.data)
    external_led_open                        0x200000ca   Data           1  loop.o(.data)
    input1_printf                            0x200000cb   Data           1  loop.o(.data)
    input2_printf                            0x200000cc   Data           1  loop.o(.data)
    input3_printf                            0x200000cd   Data           1  loop.o(.data)
    input4_printf                            0x200000ce   Data           1  loop.o(.data)
    input5_printf                            0x200000cf   Data           1  loop.o(.data)
    input6_printf                            0x200000d0   Data           1  loop.o(.data)
    input2_up                                0x200000d1   Data           1  loop.o(.data)
    input1_up                                0x200000d2   Data           1  loop.o(.data)
    door_not_close                           0x200000d3   Data           1  loop.o(.data)
    door_mqtt_status                         0x200000d4   Data           1  loop.o(.data)
    door_not_close_printf                    0x200000d5   Data           1  loop.o(.data)
    pingceng                                 0x200000d6   Data           1  loop.o(.data)
    driver_start                             0x200000d7   Data           1  loop.o(.data)
    driver_status                            0x200000d8   Data           1  loop.o(.data)
    driver1_status                           0x200000d9   Data           1  loop.o(.data)
    driver2_status                           0x200000da   Data           1  loop.o(.data)
    mqtt_send_time                           0x200000db   Data           1  loop.o(.data)
    rc                                       0x200000dc   Data           4  loop.o(.data)
    test_time                                0x200000e0   Data           4  loop.o(.data)
    test_time1                               0x200000e4   Data           4  loop.o(.data)
    battery_status                           0x200000e8   Data           1  loop.o(.data)
    power_time                               0x200000e9   Data           1  loop.o(.data)
    power_status                             0x200000ea   Data           1  loop.o(.data)
    battery_time                             0x200000eb   Data           1  loop.o(.data)
    domain_name                              0x200000ec   Data          18  loop.o(.data)
    w5500_connect_success                    0x200000fe   Data           1  loop.o(.data)
    W5500_REBOOT                             0x200000ff   Data           1  loop.o(.data)
    door_open_times                          0x20000100   Data           1  loop.o(.data)
    door_over_time_alway                     0x20000101   Data           1  loop.o(.data)
    door_printf_mqtt                         0x20000102   Data           1  loop.o(.data)
    pingceng_printf_mqtt                     0x20000103   Data           1  loop.o(.data)
    pingceng_error                           0x20000104   Data           1  loop.o(.data)
    mac                                      0x2000011c   Data           6  w5500_config.o(.data)
    local_ip                                 0x20000122   Data           4  w5500_config.o(.data)
    subnet                                   0x20000126   Data           4  w5500_config.o(.data)
    gateway                                  0x2000012a   Data           4  w5500_config.o(.data)
    dns_server                               0x2000012e   Data           4  w5500_config.o(.data)
    local_port                               0x20000132   Data           2  w5500_config.o(.data)
    ip_from                                  0x20000134   Data           1  w5500_config.o(.data)
    BD_TG_ping_time                          0x20000138   Data           4  w5500_config.o(.data)
    dhcp_ok                                  0x2000013c   Data           1  w5500_config.o(.data)
    ms                                       0x20000140   Data           4  w5500_config.o(.data)
    ntptimer                                 0x20000144   Data           1  w5500_config.o(.data)
    txsize                                   0x20000145   Data           8  w5500_config.o(.data)
    rxsize                                   0x2000014d   Data           8  w5500_config.o(.data)
    SRC_MAC_ADDR                             0x20000158   Data           4  dhcp.o(.data)
    GET_SN_MASK                              0x2000015c   Data           4  dhcp.o(.data)
    GET_GW_IP                                0x20000160   Data           4  dhcp.o(.data)
    GET_DNS_IP                               0x20000164   Data           4  dhcp.o(.data)
    DHCP_HOST_NAME                           0x20000168   Data           4  dhcp.o(.data)
    GET_SIP                                  0x2000016c   Data           4  dhcp.o(.data)
    DHCP_SIP                                 0x20000170   Data           4  dhcp.o(.data)
    DHCP_REAL_SIP                            0x20000174   Data           4  dhcp.o(.data)
    OLD_SIP                                  0x20000178   Data           4  dhcp.o(.data)
    dhcp_state                               0x2000017c   Data           1  dhcp.o(.data)
    dhcp_retry_count                         0x2000017d   Data           1  dhcp.o(.data)
    DHCP_timeout                             0x2000017e   Data           1  dhcp.o(.data)
    dhcp_lease_time                          0x20000180   Data           4  dhcp.o(.data)
    dhcp_time                                0x20000184   Data           4  dhcp.o(.data)
    next_dhcp_time                           0x20000188   Data           4  dhcp.o(.data)
    dhcp_tick_cnt                            0x2000018c   Data           4  dhcp.o(.data)
    DHCP_timer                               0x20000190   Data           1  dhcp.o(.data)
    dhcp_connect                             0x20000191   Data           1  dhcp.o(.data)
    DHCP_XID                                 0x20000194   Data           4  dhcp.o(.data)
    pRIPMSG                                  0x20000198   Data           4  dhcp.o(.data)
    DEVID_TEST                               0x2000019c   Data           2  bd_tg.o(.data)
    sub_flag                                 0x2000019e   Data           1  bd_tg.o(.data)
    sub_rev_length                           0x2000019f   Data           1  bd_tg.o(.data)
    DEVID_TEST_U16                           0x200001a0   Data           2  bd_tg.o(.data)
    DEVID1                                   0x200001a4   Data           4  bd_tg.o(.data)
    test1                                    0x200001a8   Data         200  bd_tg.o(.data)
    ttt                                      0x20000270   Data         100  bd_tg.o(.data)
    BD_TG_server_ip                          0x200002d8   Data           4  tcp_demo.o(.data)
    BD_TG_server_port                        0x200002dc   Data           2  tcp_demo.o(.data)
    MQTT_STATE                               0x200002e0   Data           4  tcp_demo.o(.data)
    topics                                   0x200002e4   Data           8  tcp_demo.o(.data)
    topics2                                  0x200002ec   Data           4  tcp_demo.o(.data)
    topics1                                  0x200002f0   Data           4  tcp_demo.o(.data)
    topics3                                  0x200002f4   Data           4  tcp_demo.o(.data)
    BD_TG_ping_pak                           0x200002f8   Data           2  tcp_demo.o(.data)
    data_ptr                                 0x200002fc   Data           4  tcp_demo.o(.data)
    door_close_times_mqtt                    0x20000300   Data           4  tcp_demo.o(.data)
    ASII_hex                                 0x20000304   Data           1  tcp_demo.o(.data)
    tpye                                     0x20000305   Data           1  tcp_demo.o(.data)
    __stdout                                 0x20000308   Data           4  stdout.o(.data)
    __microlib_freelist                      0x2000030c   Data           4  mvars.o(.data)
    __microlib_freelist_initialised          0x20000310   Data           4  mvars.o(.data)
    usart_buf                                0x20000318   Data          64  usart2.o(.bss)
    t2_count_ms                              0x20000358   Data          88  tim2.o(.bss)
    t4_count_ms                              0x200003b0   Data          28  tim2.o(.bss)
    pubilish_id                              0x200003cc   Data          10  loop.o(.bss)
    CpuID                                    0x200003d8   Data          12  loop.o(.bss)
    adxl_val                                 0x200003e4   Data          12  loop.o(.bss)
    mqttPacket                               0x200003f0   Data          16  loop.o(.bss)
    txBuffer                                 0x20000400   Data          40  loop.o(.bss)
    ConfigMsg                                0x20000448   Data          34  w5500_config.o(.bss)
    RecvMsg                                  0x2000046a   Data          34  w5500_config.o(.bss)
    EEPROM_MSG                               0x2000048c   Data          18  w5500_config.o(.bss)
    DHCP_GET                                 0x2000049e   Data          22  dhcp.o(.bss)
    EXTERN_DHCPBUF                           0x200004b4   Data        1024  dhcp.o(.bss)
    w5500_buf                                0x200008b4   Data         128  bd_tg.o(.bss)
    publish_buf                              0x20000934   Data          64  bd_tg.o(.bss)
    buff                                     0x20000984   Data         256  tcp_demo.o(.bss)
    test                                     0x20000a84   Data         300  tcp_demo.o(.bss)
    __heap_base                              0x20000bb0   Data           0  startup_stm32f10x_hd.o(HEAP)
    __heap_limit                             0x20000db0   Data           0  startup_stm32f10x_hd.o(HEAP)
    __initial_sp                             0x200011b0   Data           0  startup_stm32f10x_hd.o(STACK)



==============================================================================

Memory Map of the image

  Image Entry point : 0x08005131

  Load Region LR_IROM1 (Base: 0x08005000, Size: 0x00008964, Max: 0x0007afff, ABSOLUTE, COMPRESSED[0x000086f0])

    Execution Region ER_IROM1 (Base: 0x08005000, Size: 0x0000864c, Max: 0x0007afff, ABSOLUTE)

    Base Addr    Size         Type   Attr      Idx    E Section Name        Object

    0x08005000   0x00000130   Data   RO            3    RESET               startup_stm32f10x_hd.o
    0x08005130   0x00000000   Code   RO         4779  * .ARM.Collect$$$$00000000  mc_w.l(entry.o)
    0x08005130   0x00000004   Code   RO         5111    .ARM.Collect$$$$00000001  mc_w.l(entry2.o)
    0x08005134   0x00000004   Code   RO         5114    .ARM.Collect$$$$00000004  mc_w.l(entry5.o)
    0x08005138   0x00000000   Code   RO         5116    .ARM.Collect$$$$00000008  mc_w.l(entry7b.o)
    0x08005138   0x00000000   Code   RO         5118    .ARM.Collect$$$$0000000A  mc_w.l(entry8b.o)
    0x08005138   0x00000008   Code   RO         5119    .ARM.Collect$$$$0000000B  mc_w.l(entry9a.o)
    0x08005140   0x00000000   Code   RO         5121    .ARM.Collect$$$$0000000D  mc_w.l(entry10a.o)
    0x08005140   0x00000000   Code   RO         5123    .ARM.Collect$$$$0000000F  mc_w.l(entry11a.o)
    0x08005140   0x00000004   Code   RO         5112    .ARM.Collect$$$$00002712  mc_w.l(entry2.o)
    0x08005144   0x00000024   Code   RO            4    .text               startup_stm32f10x_hd.o
    0x08005168   0x00000024   Code   RO         4782    .text               mc_w.l(memcpya.o)
    0x0800518c   0x00000024   Code   RO         4784    .text               mc_w.l(memseta.o)
    0x080051b0   0x00000024   Code   RO         4786    .text               mc_w.l(strstr.o)
    0x080051d4   0x00000014   Code   RO         4790    .text               mc_w.l(strchr.o)
    0x080051e8   0x0000000e   Code   RO         4792    .text               mc_w.l(strlen.o)
    0x080051f6   0x0000001a   Code   RO         4794    .text               mc_w.l(memcmp.o)
    0x08005210   0x00000028   Code   RO         4796    .text               mc_w.l(strncat.o)
    0x08005238   0x00000012   Code   RO         4798    .text               mc_w.l(strcpy.o)
    0x0800524a   0x0000001a   Code   RO         5097    .text               mc_w.l(atoi.o)
    0x08005264   0x00000012   Code   RO         5099    .text               mf_w.l(fflti.o)
    0x08005276   0x0000000a   Code   RO         5101    .text               mf_w.l(ffltui.o)
    0x08005280   0x00000032   Code   RO         5103    .text               mf_w.l(ffixi.o)
    0x080052b2   0x00000028   Code   RO         5105    .text               mf_w.l(ffixui.o)
    0x080052da   0x00000002   PAD
    0x080052dc   0x00000014   Code   RO         5107    .text               mf_w.l(cfcmple.o)
    0x080052f0   0x00000014   Code   RO         5109    .text               mf_w.l(cfrcmple.o)
    0x08005304   0x0000002c   Code   RO         5126    .text               mc_w.l(uidiv.o)
    0x08005330   0x00000062   Code   RO         5128    .text               mc_w.l(uldiv.o)
    0x08005392   0x00000070   Code   RO         5139    .text               mc_w.l(strtol.o)
    0x08005402   0x00000000   Code   RO         5141    .text               mc_w.l(iusefp.o)
    0x08005402   0x0000006e   Code   RO         5142    .text               mf_w.l(fepilogue.o)
    0x08005470   0x0000014e   Code   RO         5144    .text               mf_w.l(dadd.o)
    0x080055be   0x000000e4   Code   RO         5146    .text               mf_w.l(dmul.o)
    0x080056a2   0x000000de   Code   RO         5148    .text               mf_w.l(ddiv.o)
    0x08005780   0x00000030   Code   RO         5150    .text               mf_w.l(dfixul.o)
    0x080057b0   0x00000030   Code   RO         5152    .text               mf_w.l(cdrcmple.o)
    0x080057e0   0x00000024   Code   RO         5154    .text               mc_w.l(init.o)
    0x08005804   0x0000001e   Code   RO         5156    .text               mc_w.l(llshl.o)
    0x08005822   0x00000020   Code   RO         5158    .text               mc_w.l(llushr.o)
    0x08005842   0x00000024   Code   RO         5160    .text               mc_w.l(llsshr.o)
    0x08005866   0x00000002   PAD
    0x08005868   0x00000008   Code   RO         5162    .text               mc_w.l(ctype_o.o)
    0x08005870   0x0000009e   Code   RO         5190    .text               mc_w.l(_strtoul.o)
    0x0800590e   0x000000ba   Code   RO         5192    .text               mf_w.l(depilogue.o)
    0x080059c8   0x0000001c   Code   RO         5194    .text               mc_w.l(_chval.o)
    0x080059e4   0x00000056   Code   RO         5204    .text               mc_w.l(__dczerorl2.o)
    0x08005a3a   0x0000009c   Code   RO          571    i.ADXL345_ReadXYZ   adxl345.o
    0x08005ad6   0x00000030   Code   RO          572    i.ADXL345_init      adxl345.o
    0x08005b06   0x00000002   PAD
    0x08005b08   0x00000054   Code   RO          573    i.ADXL345_read_byte  adxl345.o
    0x08005b5c   0x0000004c   Code   RO          574    i.ADXL345_write_byte  adxl345.o
    0x08005ba8   0x0000021c   Code   RO         4653    i.BD_TG_DevLink     bd_tg.o
    0x08005dc4   0x0000005c   Code   RO         4654    i.BD_TG_Publish     bd_tg.o
    0x08005e20   0x000003b0   Code   RO         4655    i.BD_TG_RevPro      bd_tg.o
    0x080061d0   0x00000110   Code   RO         4656    i.BD_TG_Subscribe   bd_tg.o
    0x080062e0   0x00000004   Code   RO          116    i.BusFault_Handler  stm32f10x_it.o
    0x080062e4   0x00000098   Code   RO         4133    i.DHT11_GetValue    dht11.o
    0x0800637c   0x00000058   Code   RO         4134    i.DHT11_ReadData    dht11.o
    0x080063d4   0x00000002   Code   RO          117    i.DebugMon_Handler  stm32f10x_it.o
    0x080063d6   0x00000002   PAD
    0x080063d8   0x00000034   Code   RO          118    i.EXTI0_IRQHandler  stm32f10x_it.o
    0x0800640c   0x0000002c   Code   RO          119    i.EXTI15_10_IRQHandler  stm32f10x_it.o
    0x08006438   0x00000034   Code   RO          120    i.EXTI1_IRQHandler  stm32f10x_it.o
    0x0800646c   0x00000170   Code   RO          121    i.EXTI9_5_IRQHandler  stm32f10x_it.o
    0x080065dc   0x0000000c   Code   RO         1602    i.EXTI_ClearITPendingBit  stm32f10x_exti.o
    0x080065e8   0x00000010   Code   RO          610    i.EXTI_ENABLE       exti.o
    0x080065f8   0x00000028   Code   RO         1606    i.EXTI_GetITStatus  stm32f10x_exti.o
    0x08006620   0x00000094   Code   RO         1607    i.EXTI_Init         stm32f10x_exti.o
    0x080066b4   0x00000070   Code   RO          611    i.EXTI_PA0_Config   exti.o
    0x08006724   0x00000070   Code   RO          612    i.EXTI_PA1_Config   exti.o
    0x08006794   0x000000ac   Code   RO          613    i.EXTI_PB6_9_Config  exti.o
    0x08006840   0x00000238   Code   RO          480    i.GPIO_Configuration  gpio.o
    0x08006a78   0x00000040   Code   RO         1952    i.GPIO_EXTILineConfig  stm32f10x_gpio.o
    0x08006ab8   0x00000116   Code   RO         1955    i.GPIO_Init         stm32f10x_gpio.o
    0x08006bce   0x00000002   PAD
    0x08006bd0   0x00000090   Code   RO         1957    i.GPIO_PinRemapConfig  stm32f10x_gpio.o
    0x08006c60   0x00000012   Code   RO         1959    i.GPIO_ReadInputDataBit  stm32f10x_gpio.o
    0x08006c72   0x00000004   Code   RO         1962    i.GPIO_ResetBits    stm32f10x_gpio.o
    0x08006c76   0x00000004   Code   RO         1963    i.GPIO_SetBits      stm32f10x_gpio.o
    0x08006c7a   0x00000010   Code   RO         1964    i.GPIO_StructInit   stm32f10x_gpio.o
    0x08006c8a   0x00000002   PAD
    0x08006c8c   0x0000005c   Code   RO          685    i.GetLockCode       loop.o
    0x08006ce8   0x00000004   Code   RO          122    i.HardFault_Handler  stm32f10x_it.o
    0x08006cec   0x00000034   Code   RO         4709    i.HexToChar         tcp_demo.o
    0x08006d20   0x0000000a   Code   RO         3771    i.IINCHIP_CSoff     w5500.o
    0x08006d2a   0x0000000a   Code   RO         3772    i.IINCHIP_CSon      w5500.o
    0x08006d34   0x00000032   Code   RO         3773    i.IINCHIP_READ      w5500.o
    0x08006d66   0x0000000c   Code   RO         3774    i.IINCHIP_SpiSendData  w5500.o
    0x08006d72   0x00000032   Code   RO         3775    i.IINCHIP_WRITE     w5500.o
    0x08006da4   0x00000010   Code   RO         2267    i.IWDG_Enable       stm32f10x_iwdg.o
    0x08006db4   0x00000008   Code   RO          269    i.IWDG_Feed         iwdg.o
    0x08006dbc   0x00000024   Code   RO          270    i.IWDG_Init         iwdg.o
    0x08006de0   0x00000010   Code   RO         2269    i.IWDG_ReloadCounter  stm32f10x_iwdg.o
    0x08006df0   0x0000000c   Code   RO         2270    i.IWDG_SetPrescaler  stm32f10x_iwdg.o
    0x08006dfc   0x0000000c   Code   RO         2271    i.IWDG_SetReload    stm32f10x_iwdg.o
    0x08006e08   0x0000000c   Code   RO         2272    i.IWDG_WriteAccessCmd  stm32f10x_iwdg.o
    0x08006e14   0x000000bc   Code   RO          686    i.Initialization_configuration  loop.o
    0x08006ed0   0x0000001c   Code   RO         4453    i.MQTT_DeleteBuffer  mqttkit.o
    0x08006eec   0x0000002e   Code   RO         4454    i.MQTT_DumpLength   mqttkit.o
    0x08006f1a   0x00000058   Code   RO         4455    i.MQTT_NewBuffer    mqttkit.o
    0x08006f72   0x00000002   PAD
    0x08006f74   0x0000008c   Code   RO         4456    i.MQTT_PacketCmdResp  mqttkit.o
    0x08007000   0x0000029c   Code   RO         4457    i.MQTT_PacketConnect  mqttkit.o
    0x0800729c   0x00000136   Code   RO         4460    i.MQTT_PacketPublish  mqttkit.o
    0x080073d2   0x00000048   Code   RO         4461    i.MQTT_PacketPublishAck  mqttkit.o
    0x0800741a   0x00000048   Code   RO         4462    i.MQTT_PacketPublishComp  mqttkit.o
    0x08007462   0x00000048   Code   RO         4463    i.MQTT_PacketPublishRec  mqttkit.o
    0x080074aa   0x00000048   Code   RO         4464    i.MQTT_PacketPublishRel  mqttkit.o
    0x080074f2   0x000000fc   Code   RO         4466    i.MQTT_PacketSubscribe  mqttkit.o
    0x080075ee   0x000000ec   Code   RO         4467    i.MQTT_PacketUnSubscribe  mqttkit.o
    0x080076da   0x00000046   Code   RO         4468    i.MQTT_ReadLength   mqttkit.o
    0x08007720   0x0000008a   Code   RO         4469    i.MQTT_UnPacketCmd  mqttkit.o
    0x080077aa   0x0000001e   Code   RO         4470    i.MQTT_UnPacketConnectAck  mqttkit.o
    0x080077c8   0x00000190   Code   RO         4471    i.MQTT_UnPacketPublish  mqttkit.o
    0x08007958   0x0000001e   Code   RO         4472    i.MQTT_UnPacketPublishAck  mqttkit.o
    0x08007976   0x0000001e   Code   RO         4473    i.MQTT_UnPacketPublishComp  mqttkit.o
    0x08007994   0x0000001e   Code   RO         4474    i.MQTT_UnPacketPublishRec  mqttkit.o
    0x080079b2   0x00000024   Code   RO         4475    i.MQTT_UnPacketPublishRel  mqttkit.o
    0x080079d6   0x00000002   PAD
    0x080079d8   0x00000074   Code   RO         4476    i.MQTT_UnPacketRecv  mqttkit.o
    0x08007a4c   0x00000034   Code   RO         4477    i.MQTT_UnPacketSubscribe  mqttkit.o
    0x08007a80   0x00000012   Code   RO         4478    i.MQTT_UnPacketUnSubscribe  mqttkit.o
    0x08007a92   0x00000002   PAD
    0x08007a94   0x0000006c   Code   RO         4657    i.MQTT_UnSubscribe  bd_tg.o
    0x08007b00   0x00000004   Code   RO          123    i.MemManage_Handler  stm32f10x_it.o
    0x08007b04   0x00000002   Code   RO          124    i.NMI_Handler       stm32f10x_it.o
    0x08007b06   0x00000002   PAD
    0x08007b08   0x00000070   Code   RO          804    i.NVIC_Init         misc.o
    0x08007b78   0x00000014   Code   RO          805    i.NVIC_PriorityGroupConfig  misc.o
    0x08007b8c   0x00000002   Code   RO          125    i.PendSV_Handler    stm32f10x_it.o
    0x08007b8e   0x00000002   PAD
    0x08007b90   0x0000005c   Code   RO          687    i.Power_check       loop.o
    0x08007bec   0x00000020   Code   RO         2371    i.RCC_APB1PeriphClockCmd  stm32f10x_rcc.o
    0x08007c0c   0x00000020   Code   RO         2372    i.RCC_APB1PeriphResetCmd  stm32f10x_rcc.o
    0x08007c2c   0x00000020   Code   RO         2373    i.RCC_APB2PeriphClockCmd  stm32f10x_rcc.o
    0x08007c4c   0x00000020   Code   RO         2374    i.RCC_APB2PeriphResetCmd  stm32f10x_rcc.o
    0x08007c6c   0x000000d4   Code   RO         2381    i.RCC_GetClocksFreq  stm32f10x_rcc.o
    0x08007d40   0x00000028   Code   RO          428    i.Reset_W5500       spi2.o
    0x08007d68   0x00000038   Code   RO          429    i.SPI2_SendByte     spi2.o
    0x08007da0   0x00000018   Code   RO         2850    i.SPI_Cmd           stm32f10x_spi.o
    0x08007db8   0x00000012   Code   RO         2858    i.SPI_I2S_GetFlagStatus  stm32f10x_spi.o
    0x08007dca   0x00000006   Code   RO         2861    i.SPI_I2S_ReceiveData  stm32f10x_spi.o
    0x08007dd0   0x00000004   Code   RO         2862    i.SPI_I2S_SendData  stm32f10x_spi.o
    0x08007dd4   0x0000003c   Code   RO         2863    i.SPI_Init          stm32f10x_spi.o
    0x08007e10   0x000000b4   Code   RO          575    i.SPI_init          adxl345.o
    0x08007ec4   0x00000002   Code   RO          126    i.SVC_Handler       stm32f10x_it.o
    0x08007ec6   0x00000008   Code   RO          770    i.SetSysClock       system_stm32f10x.o
    0x08007ece   0x00000002   PAD
    0x08007ed0   0x000000e0   Code   RO          771    i.SetSysClockTo72   system_stm32f10x.o
    0x08007fb0   0x00000030   Code   RO          688    i.SoftReset         loop.o
    0x08007fe0   0x00000002   Code   RO          127    i.SysTick_Handler   stm32f10x_it.o
    0x08007fe2   0x00000002   PAD
    0x08007fe4   0x00000060   Code   RO          773    i.SystemInit        system_stm32f10x.o
    0x08008044   0x00000040   Code   RO          402    i.Systick_Init      delay.o
    0x08008084   0x00000052   Code   RO          354    i.TIM2_Configuration  tim2.o
    0x080080d6   0x00000002   PAD
    0x080080d8   0x00000034   Code   RO          128    i.TIM2_IRQHandler   stm32f10x_it.o
    0x0800810c   0x0000002a   Code   RO          355    i.TIM2_NVIC_Configuration  tim2.o
    0x08008136   0x00000002   PAD
    0x08008138   0x00000054   Code   RO          356    i.TIM3_Configuration  tim2.o
    0x0800818c   0x00000054   Code   RO          129    i.TIM3_IRQHandler   stm32f10x_it.o
    0x080081e0   0x0000002a   Code   RO          357    i.TIM3_NVIC_Configuration  tim2.o
    0x0800820a   0x00000002   PAD
    0x0800820c   0x00000054   Code   RO          358    i.TIM4_Configuration  tim2.o
    0x08008260   0x000000a4   Code   RO          130    i.TIM4_IRQHandler   stm32f10x_it.o
    0x08008304   0x0000002a   Code   RO          359    i.TIM4_NVIC_Configuration  tim2.o
    0x0800832e   0x00000006   Code   RO         2999    i.TIM_ClearFlag     stm32f10x_tim.o
    0x08008334   0x00000006   Code   RO         3000    i.TIM_ClearITPendingBit  stm32f10x_tim.o
    0x0800833a   0x00000018   Code   RO         3005    i.TIM_Cmd           stm32f10x_tim.o
    0x08008352   0x00000002   PAD
    0x08008354   0x000001e8   Code   RO         3010    i.TIM_DeInit        stm32f10x_tim.o
    0x0800853c   0x00000022   Code   RO         3026    i.TIM_GetITStatus   stm32f10x_tim.o
    0x0800855e   0x00000012   Code   RO         3030    i.TIM_ITConfig      stm32f10x_tim.o
    0x08008570   0x000000a4   Code   RO         3076    i.TIM_TimeBaseInit  stm32f10x_tim.o
    0x08008614   0x00000090   Code   RO          290    i.USART2_Config     usart2.o
    0x080086a4   0x000001dc   Code   RO          291    i.USART2_IRQHandler  usart2.o
    0x08008880   0x0000002a   Code   RO          292    i.USART2_NVIC_Configuration  usart2.o
    0x080088aa   0x00000012   Code   RO         3537    i.USART_ClearFlag   stm32f10x_usart.o
    0x080088bc   0x00000018   Code   RO         3541    i.USART_Cmd         stm32f10x_usart.o
    0x080088d4   0x0000001a   Code   RO         3544    i.USART_GetFlagStatus  stm32f10x_usart.o
    0x080088ee   0x00000054   Code   RO         3545    i.USART_GetITStatus  stm32f10x_usart.o
    0x08008942   0x0000004a   Code   RO         3547    i.USART_ITConfig    stm32f10x_usart.o
    0x0800898c   0x000000d8   Code   RO         3548    i.USART_Init        stm32f10x_usart.o
    0x08008a64   0x0000000a   Code   RO         3555    i.USART_ReceiveData  stm32f10x_usart.o
    0x08008a6e   0x00000008   Code   RO         3558    i.USART_SendData    stm32f10x_usart.o
    0x08008a76   0x00000004   Code   RO          131    i.UsageFault_Handler  stm32f10x_it.o
    0x08008a7a   0x00000002   PAD
    0x08008a7c   0x00000024   Code   RO          430    i.WIZ_CS            spi2.o
    0x08008aa0   0x000000a8   Code   RO          431    i.WIZ_SPI_Init      spi2.o
    0x08008b48   0x00000020   Code   RO         5041    i.__0printf         mc_w.l(printfa.o)
    0x08008b68   0x00000028   Code   RO         5043    i.__0sprintf        mc_w.l(printfa.o)
    0x08008b90   0x00000008   Code   RO         5132    i.__aeabi_errno_addr  mc_w.l(errno.o)
    0x08008b98   0x0000000e   Code   RO         5198    i.__scatterload_copy  mc_w.l(handlers.o)
    0x08008ba6   0x00000002   Code   RO         5199    i.__scatterload_null  mc_w.l(handlers.o)
    0x08008ba8   0x0000000e   Code   RO         5200    i.__scatterload_zeroinit  mc_w.l(handlers.o)
    0x08008bb6   0x00000002   PAD
    0x08008bb8   0x00000164   Code   RO         5048    i._fp_digits        mc_w.l(printfa.o)
    0x08008d1c   0x000006dc   Code   RO         5049    i._printf_core      mc_w.l(printfa.o)
    0x080093f8   0x00000024   Code   RO         5050    i._printf_post_padding  mc_w.l(printfa.o)
    0x0800941c   0x0000002e   Code   RO         5051    i._printf_pre_padding  mc_w.l(printfa.o)
    0x0800944a   0x0000000a   Code   RO         5053    i._sputc            mc_w.l(printfa.o)
    0x08009454   0x000014f8   Code   RO          690    i.application       loop.o
    0x0800a94c   0x00000040   Code   RO          492    i.at24c16_init      24c16.o
    0x0800a98c   0x00000046   Code   RO          493    i.at24c16_read      24c16.o
    0x0800a9d2   0x00000002   PAD
    0x0800a9d4   0x00000034   Code   RO          494    i.at24c16_start     24c16.o
    0x0800aa08   0x0000002c   Code   RO          495    i.at24c16_stop      24c16.o
    0x0800aa34   0x00000050   Code   RO          496    i.at24c16_write     24c16.o
    0x0800aa84   0x000000b8   Code   RO         4156    i.auto_dhcp         dhcp.o
    0x0800ab3c   0x00000084   Code   RO         4157    i.check_DHCP_Timeout  dhcp.o
    0x0800abc0   0x00000168   Code   RO         4158    i.check_DHCP_state  dhcp.o
    0x0800ad28   0x00000040   Code   RO         4159    i.check_leasedIP    dhcp.o
    0x0800ad68   0x00000040   Code   RO          497    i.clock             24c16.o
    0x0800ada8   0x00000034   Code   RO         4018    i.close             socket.o
    0x0800addc   0x000000f8   Code   RO         4019    i.connect           socket.o
    0x0800aed4   0x0000003c   Code   RO          403    i.delay_ms          delay.o
    0x0800af10   0x0000003c   Code   RO          404    i.delay_us          delay.o
    0x0800af4c   0x00000448   Code   RO         4710    i.do_tcp_client     tcp_demo.o
    0x0800b394   0x0000001e   Code   RO          499    i.erase_eeprom      24c16.o
    0x0800b3b2   0x00000002   PAD
    0x0800b3b4   0x00000024   Code   RO          294    i.fputc             usart2.o
    0x0800b3d8   0x00000050   Code   RO         5069    i.free              mc_w.l(malloc.o)
    0x0800b428   0x00000010   Code   RO         3777    i.getGAR            w5500.o
    0x0800b438   0x00000010   Code   RO         3780    i.getIINCHIP_TxMAX  w5500.o
    0x0800b448   0x0000000c   Code   RO         3783    i.getPHYStatus      w5500.o
    0x0800b454   0x00000012   Code   RO         3785    i.getSIPR           w5500.o
    0x0800b466   0x00000012   Code   RO         3786    i.getSUBR           w5500.o
    0x0800b478   0x00000012   Code   RO         3787    i.getSn_IR          w5500.o
    0x0800b48a   0x00000054   Code   RO         3788    i.getSn_RX_RSR      w5500.o
    0x0800b4de   0x00000012   Code   RO         3789    i.getSn_SR          w5500.o
    0x0800b4f0   0x00000054   Code   RO         3790    i.getSn_TX_FSR      w5500.o
    0x0800b544   0x0000000c   Code   RO         4246    i.htonl             ult.o
    0x0800b550   0x0000000c   Code   RO         4247    i.htons             ult.o
    0x0800b55c   0x00000048   Code   RO          643    i.input3_status     input.o
    0x0800b5a4   0x00000044   Code   RO          644    i.input4_status     input.o
    0x0800b5e8   0x00000044   Code   RO          645    i.input5_status     input.o
    0x0800b62c   0x00000044   Code   RO          646    i.input6_status     input.o
    0x0800b670   0x000000b0   Code   RO          647    i.input_gpio        input.o
    0x0800b720   0x00000012   Code   RO           10    i.main              main.o
    0x0800b732   0x00000002   PAD
    0x0800b734   0x0000006c   Code   RO         5070    i.malloc            mc_w.l(malloc.o)
    0x0800b7a0   0x0000000c   Code   RO         4253    i.ntohl             ult.o
    0x0800b7ac   0x00000170   Code   RO         4161    i.parseDHCPMSG      dhcp.o
    0x0800b91c   0x0000006c   Code   RO          500    i.read_1byte        24c16.o
    0x0800b988   0x00000338   Code   RO          691    i.read_config       loop.o
    0x0800bcc0   0x00000042   Code   RO         4022    i.recv              socket.o
    0x0800bd02   0x00000002   PAD
    0x0800bd04   0x00000094   Code   RO         3793    i.recv_data_processing  w5500.o
    0x0800bd98   0x00000200   Code   RO         4023    i.recvfrom          socket.o
    0x0800bf98   0x0000002c   Code   RO         4162    i.reset_DHCP_time   dhcp.o
    0x0800bfc4   0x00000104   Code   RO         4024    i.send              socket.o
    0x0800c0c8   0x000002d4   Code   RO         4163    i.send_DHCP_DISCOVER  dhcp.o
    0x0800c39c   0x0000029c   Code   RO         4164    i.send_DHCP_RELEASE_DECLINE  dhcp.o
    0x0800c638   0x000003f0   Code   RO         4165    i.send_DHCP_REQUEST  dhcp.o
    0x0800ca28   0x0000006c   Code   RO         3794    i.send_data_processing  w5500.o
    0x0800ca94   0x0000010c   Code   RO         4026    i.sendto            socket.o
    0x0800cba0   0x00000010   Code   RO         3795    i.setGAR            w5500.o
    0x0800cbb0   0x00000016   Code   RO         4712    i.setKPALVTR        tcp_demo.o
    0x0800cbc6   0x00000012   Code   RO         3799    i.setSHAR           w5500.o
    0x0800cbd8   0x00000012   Code   RO         3800    i.setSIPR           w5500.o
    0x0800cbea   0x00000012   Code   RO         3801    i.setSUBR           w5500.o
    0x0800cbfc   0x00000016   Code   RO         3802    i.setSn_IR          w5500.o
    0x0800cc12   0x00000002   PAD
    0x0800cc14   0x00000100   Code   RO         4713    i.set_object_ip     tcp_demo.o
    0x0800cd14   0x00000238   Code   RO         4093    i.set_w5500_ip      w5500_config.o
    0x0800cf4c   0x00000124   Code   RO         4094    i.set_w5500_mac     w5500_config.o
    0x0800d070   0x000000c4   Code   RO         4027    i.socket            socket.o
    0x0800d134   0x0000001c   Code   RO         4256    i.swapl             ult.o
    0x0800d150   0x0000000e   Code   RO         4257    i.swaps             ult.o
    0x0800d15e   0x00000002   PAD
    0x0800d160   0x00000138   Code   RO         3806    i.sysinit           w5500.o
    0x0800d298   0x000000a0   Code   RO         3807    i.w5500_check       w5500.o
    0x0800d338   0x00000068   Code   RO         3808    i.wiz_read_buf      w5500.o
    0x0800d3a0   0x00000068   Code   RO         3809    i.wiz_write_buf     w5500.o
    0x0800d408   0x00000078   Code   RO          501    i.write_1byte       24c16.o
    0x0800d480   0x00000081   Data   RO         5163    .constdata          mc_w.l(ctype_o.o)
    0x0800d501   0x00000003   PAD
    0x0800d504   0x00000004   Data   RO         5164    .constdata          mc_w.l(ctype_o.o)
    0x0800d508   0x00000041   Data   RO         4096    .conststring        w5500_config.o
    0x0800d549   0x00000003   PAD
    0x0800d54c   0x00000005   Data   RO         4167    .conststring        dhcp.o
    0x0800d551   0x00000003   PAD
    0x0800d554   0x000000d5   Data   RO         4715    .conststring        tcp_demo.o
    0x0800d629   0x00000003   PAD
    0x0800d62c   0x00000020   Data   RO         5196    Region$$Table       anon$$obj.o


    Execution Region RW_IRAM1 (Base: 0x20000000, Size: 0x000011b0, Max: 0x0000c000, ABSOLUTE, COMPRESSED[0x000000a4])

    Base Addr    Size         Type   Attr      Idx    E Section Name        Object

    0x20000000   0x00000017   Data   RW          132    .data               stm32f10x_it.o
    0x20000017   0x00000006   Data   RW          297    .data               usart2.o
    0x2000001d   0x00000001   PAD
    0x2000001e   0x00000004   Data   RW          405    .data               delay.o
    0x20000022   0x0000000c   Data   RW          648    .data               input.o
    0x2000002e   0x00000002   PAD
    0x20000030   0x000000d5   Data   RW          693    .data               loop.o
    0x20000105   0x00000014   Data   RW         2401    .data               stm32f10x_rcc.o
    0x20000119   0x00000001   PAD
    0x2000011a   0x00000002   Data   RW         4028    .data               socket.o
    0x2000011c   0x00000039   Data   RW         4097    .data               w5500_config.o
    0x20000155   0x00000003   PAD
    0x20000158   0x00000044   Data   RW         4168    .data               dhcp.o
    0x2000019c   0x0000013a   Data   RW         4659    .data               bd_tg.o
    0x200002d6   0x00000002   PAD
    0x200002d8   0x0000002e   Data   RW         4716    .data               tcp_demo.o
    0x20000306   0x00000002   PAD
    0x20000308   0x00000004   Data   RW         5125    .data               mc_w.l(stdout.o)
    0x2000030c   0x00000004   Data   RW         5130    .data               mc_w.l(mvars.o)
    0x20000310   0x00000004   Data   RW         5131    .data               mc_w.l(mvars.o)
    0x20000314   0x00000004   Data   RW         5135    .data               mc_w.l(errno.o)
    0x20000318   0x00000040   Zero   RW          296    .bss                usart2.o
    0x20000358   0x00000074   Zero   RW          360    .bss                tim2.o
    0x200003cc   0x0000005c   Zero   RW          692    .bss                loop.o
    0x20000428   0x00000020   Zero   RW         3810    .bss                w5500.o
    0x20000448   0x00000056   Zero   RW         4095    .bss                w5500_config.o
    0x2000049e   0x00000416   Zero   RW         4166    .bss                dhcp.o
    0x200008b4   0x000000d0   Zero   RW         4658    .bss                bd_tg.o
    0x20000984   0x0000022c   Zero   RW         4714    .bss                tcp_demo.o
    0x20000bb0   0x00000200   Zero   RW            2    HEAP                startup_stm32f10x_hd.o
    0x20000db0   0x00000400   Zero   RW            1    STACK               startup_stm32f10x_hd.o


==============================================================================

Image component sizes


      Code (inc. data)   RO Data    RW Data    ZI Data      Debug   Object Name

       632         52          0          0          0       5767   24c16.o
       544         30          0          0          0       2845   adxl345.o
      1956        864          0        314        208       6835   bd_tg.o
       184         16          0          4          0       1653   delay.o
      3552        356          5         68       1046      10466   dhcp.o
       240         10          0          0          0       1674   dht11.o
       412         18          0          0          0       2246   exti.o
       568         16          0          0          0        829   gpio.o
       452         72          0         12          0       3117   input.o
        44          0          0          0          0        960   iwdg.o
      6612       1164          0        213         92      30191   loop.o
        18          0          0          0          0     262323   main.o
       132         22          0          0          0       1487   misc.o
      3006         34          0          0          0      20866   mqttkit.o
      1602         66          0          2          0       5924   socket.o
       300         24          0          0          0       3038   spi2.o
        36          8        304          0       1536        852   startup_stm32f10x_hd.o
       200         18          0          0          0       2048   stm32f10x_exti.o
       528         10          0          0          0       5518   stm32f10x_gpio.o
       842        138          0         23          0      10200   stm32f10x_it.o
        68         30          0          0          0       2410   stm32f10x_iwdg.o
       340         44          0         20          0       5480   stm32f10x_rcc.o
       112          0          0          0          0       3746   stm32f10x_spi.o
       740        106          0          0          0       4755   stm32f10x_tim.o
       460          6          0          0          0       6595   stm32f10x_usart.o
       328         30          0          0          0       1913   system_stm32f10x.o
      1426        366        213         46        556       4989   tcp_demo.o
       376         12          0          0        116       3615   tim2.o
        78          0          0          0          0     209624   ult.o
       698         60          0          6         64       3304   usart2.o
      1444        142          0          0         32      14374   w5500.o
       860        392         65         57         86       3214   w5500_config.o

    ----------------------------------------------------------------------
     28834       4106        628        776       3736     642858   Object Totals
         0          0         32          0          0          0   (incl. Generated)
        44          0          9         11          0          0   (incl. Padding)

    ----------------------------------------------------------------------

      Code (inc. data)   RO Data    RW Data    ZI Data      Debug   Library Member Name

        86          0          0          0          0          0   __dczerorl2.o
        28          0          0          0          0         68   _chval.o
       158          0          0          0          0         92   _strtoul.o
        26          0          0          0          0         80   atoi.o
         8          4        133          0          0         68   ctype_o.o
         0          0          0          0          0          0   entry.o
         0          0          0          0          0          0   entry10a.o
         0          0          0          0          0          0   entry11a.o
         8          4          0          0          0          0   entry2.o
         4          0          0          0          0          0   entry5.o
         0          0          0          0          0          0   entry7b.o
         0          0          0          0          0          0   entry8b.o
         8          4          0          0          0          0   entry9a.o
         8          4          0          4          0         68   errno.o
        30          0          0          0          0          0   handlers.o
        36          8          0          0          0         68   init.o
         0          0          0          0          0          0   iusefp.o
        30          0          0          0          0         68   llshl.o
        36          0          0          0          0         68   llsshr.o
        32          0          0          0          0         68   llushr.o
       188         20          0          0          0        160   malloc.o
        26          0          0          0          0         80   memcmp.o
        36          0          0          0          0         68   memcpya.o
        36          0          0          0          0        108   memseta.o
         0          0          0          8          0          0   mvars.o
      2276         96          0          0          0        596   printfa.o
         0          0          0          4          0          0   stdout.o
        20          0          0          0          0         68   strchr.o
        18          0          0          0          0         68   strcpy.o
        14          0          0          0          0         68   strlen.o
        40          0          0          0          0         76   strncat.o
        36          0          0          0          0         80   strstr.o
       112          0          0          0          0         88   strtol.o
        44          0          0          0          0         80   uidiv.o
        98          0          0          0          0         92   uldiv.o
        48          0          0          0          0         68   cdrcmple.o
        20          0          0          0          0         68   cfcmple.o
        20          0          0          0          0         68   cfrcmple.o
       334          0          0          0          0        148   dadd.o
       222          0          0          0          0        100   ddiv.o
       186          0          0          0          0        176   depilogue.o
        48          0          0          0          0         68   dfixul.o
       228          0          0          0          0         96   dmul.o
       110          0          0          0          0        168   fepilogue.o
        50          0          0          0          0         68   ffixi.o
        40          0          0          0          0         68   ffixui.o
        18          0          0          0          0         68   fflti.o
        10          0          0          0          0         68   ffltui.o

    ----------------------------------------------------------------------
      4782        140        136         16          0       3512   Library Totals
         6          0          3          0          0          0   (incl. Padding)

    ----------------------------------------------------------------------

      Code (inc. data)   RO Data    RW Data    ZI Data      Debug   Library Name

      3442        140        133         16          0       2280   mc_w.l
      1334          0          0          0          0       1232   mf_w.l

    ----------------------------------------------------------------------
      4782        140        136         16          0       3512   Library Totals

    ----------------------------------------------------------------------

==============================================================================


      Code (inc. data)   RO Data    RW Data    ZI Data      Debug   

     33616       4246        764        792       3736     634746   Grand Totals
     33616       4246        764        164       3736     634746   ELF Image Totals (compressed)
     33616       4246        764        164          0          0   ROM Totals

==============================================================================

    Total RO  Size (Code + RO Data)                34380 (  33.57kB)
    Total RW  Size (RW Data + ZI Data)              4528 (   4.42kB)
    Total ROM Size (Code + RO Data + RW Data)      34544 (  33.73kB)

==============================================================================

