Component: ARM Compiler 5.06 update 6 (build 750) Tool: armlink [4d35ed]

==============================================================================

Section Cross References

    startup_stm32f10x_hd.o(RESET) refers to startup_stm32f10x_hd.o(STACK) for __initial_sp
    startup_stm32f10x_hd.o(RESET) refers to startup_stm32f10x_hd.o(.text) for Reset_Handler
    startup_stm32f10x_hd.o(RESET) refers to stm32f10x_it.o(i.NMI_Handler) for NMI_Handler
    startup_stm32f10x_hd.o(RESET) refers to stm32f10x_it.o(i.HardFault_Handler) for HardFault_Handler
    startup_stm32f10x_hd.o(RESET) refers to stm32f10x_it.o(i.MemManage_Handler) for MemManage_Handler
    startup_stm32f10x_hd.o(RESET) refers to stm32f10x_it.o(i.BusFault_Handler) for BusFault_Handler
    startup_stm32f10x_hd.o(RESET) refers to stm32f10x_it.o(i.UsageFault_Handler) for UsageFault_Handler
    startup_stm32f10x_hd.o(RESET) refers to stm32f10x_it.o(i.SVC_Handler) for SVC_Handler
    startup_stm32f10x_hd.o(RESET) refers to stm32f10x_it.o(i.DebugMon_Handler) for DebugMon_Handler
    startup_stm32f10x_hd.o(RESET) refers to stm32f10x_it.o(i.PendSV_Handler) for PendSV_Handler
    startup_stm32f10x_hd.o(RESET) refers to stm32f10x_it.o(i.SysTick_Handler) for SysTick_Handler
    startup_stm32f10x_hd.o(RESET) refers to stm32f10x_it.o(i.EXTI0_IRQHandler) for EXTI0_IRQHandler
    startup_stm32f10x_hd.o(RESET) refers to stm32f10x_it.o(i.EXTI1_IRQHandler) for EXTI1_IRQHandler
    startup_stm32f10x_hd.o(RESET) refers to stm32f10x_it.o(i.EXTI9_5_IRQHandler) for EXTI9_5_IRQHandler
    startup_stm32f10x_hd.o(RESET) refers to stm32f10x_it.o(i.TIM2_IRQHandler) for TIM2_IRQHandler
    startup_stm32f10x_hd.o(RESET) refers to stm32f10x_it.o(i.TIM3_IRQHandler) for TIM3_IRQHandler
    startup_stm32f10x_hd.o(RESET) refers to stm32f10x_it.o(i.TIM4_IRQHandler) for TIM4_IRQHandler
    startup_stm32f10x_hd.o(RESET) refers to usart2.o(i.USART2_IRQHandler) for USART2_IRQHandler
    startup_stm32f10x_hd.o(RESET) refers to stm32f10x_it.o(i.EXTI15_10_IRQHandler) for EXTI15_10_IRQHandler
    startup_stm32f10x_hd.o(.text) refers to system_stm32f10x.o(i.SystemInit) for SystemInit
    startup_stm32f10x_hd.o(.text) refers to entry.o(.ARM.Collect$$$$00000000) for __main
    main.o(i.main) refers to delay.o(i.Systick_Init) for Systick_Init
    main.o(i.main) refers to loop.o(i.Initialization_configuration) for Initialization_configuration
    main.o(i.main) refers to loop.o(i.application) for application
    stm32f10x_it.o(i.EXTI0_IRQHandler) refers to stm32f10x_exti.o(i.EXTI_GetITStatus) for EXTI_GetITStatus
    stm32f10x_it.o(i.EXTI0_IRQHandler) refers to stm32f10x_exti.o(i.EXTI_ClearITPendingBit) for EXTI_ClearITPendingBit
    stm32f10x_it.o(i.EXTI0_IRQHandler) refers to stm32f10x_it.o(.data) for battery
    stm32f10x_it.o(i.EXTI0_IRQHandler) refers to loop.o(.data) for battery_status
    stm32f10x_it.o(i.EXTI15_10_IRQHandler) refers to stm32f10x_exti.o(i.EXTI_GetITStatus) for EXTI_GetITStatus
    stm32f10x_it.o(i.EXTI15_10_IRQHandler) refers to stm32f10x_exti.o(i.EXTI_ClearITPendingBit) for EXTI_ClearITPendingBit
    stm32f10x_it.o(i.EXTI15_10_IRQHandler) refers to stm32f10x_gpio.o(i.GPIO_ReadInputDataBit) for GPIO_ReadInputDataBit
    stm32f10x_it.o(i.EXTI15_10_IRQHandler) refers to stm32f10x_it.o(.data) for door
    stm32f10x_it.o(i.EXTI1_IRQHandler) refers to stm32f10x_exti.o(i.EXTI_GetITStatus) for EXTI_GetITStatus
    stm32f10x_it.o(i.EXTI1_IRQHandler) refers to stm32f10x_exti.o(i.EXTI_ClearITPendingBit) for EXTI_ClearITPendingBit
    stm32f10x_it.o(i.EXTI1_IRQHandler) refers to stm32f10x_it.o(.data) for ac
    stm32f10x_it.o(i.EXTI1_IRQHandler) refers to loop.o(.data) for power_status
    stm32f10x_it.o(i.EXTI9_5_IRQHandler) refers to stm32f10x_exti.o(i.EXTI_GetITStatus) for EXTI_GetITStatus
    stm32f10x_it.o(i.EXTI9_5_IRQHandler) refers to stm32f10x_exti.o(i.EXTI_ClearITPendingBit) for EXTI_ClearITPendingBit
    stm32f10x_it.o(i.EXTI9_5_IRQHandler) refers to stm32f10x_gpio.o(i.GPIO_ReadInputDataBit) for GPIO_ReadInputDataBit
    stm32f10x_it.o(i.EXTI9_5_IRQHandler) refers to printfa.o(i.__0printf) for __2printf
    stm32f10x_it.o(i.EXTI9_5_IRQHandler) refers to stm32f10x_it.o(.data) for up_bed
    stm32f10x_it.o(i.EXTI9_5_IRQHandler) refers to loop.o(.data) for bed_ready
    stm32f10x_it.o(i.TIM2_IRQHandler) refers to stm32f10x_tim.o(i.TIM_GetITStatus) for TIM_GetITStatus
    stm32f10x_it.o(i.TIM2_IRQHandler) refers to stm32f10x_tim.o(i.TIM_ClearITPendingBit) for TIM_ClearITPendingBit
    stm32f10x_it.o(i.TIM2_IRQHandler) refers to tim2.o(.bss) for t2_count_ms
    stm32f10x_it.o(i.TIM3_IRQHandler) refers to stm32f10x_tim.o(i.TIM_GetITStatus) for TIM_GetITStatus
    stm32f10x_it.o(i.TIM3_IRQHandler) refers to stm32f10x_tim.o(i.TIM_ClearITPendingBit) for TIM_ClearITPendingBit
    stm32f10x_it.o(i.TIM3_IRQHandler) refers to loop.o(i.SoftReset) for SoftReset
    stm32f10x_it.o(i.TIM3_IRQHandler) refers to stm32f10x_it.o(.data) for tim3i
[...]
    _printf_longlong_oct                     0x00000000   Number         0  stubs.o ABSOLUTE
    _printf_ls                               0x00000000   Number         0  stubs.o ABSOLUTE
    _printf_mbtowc                           0x00000000   Number         0  stubs.o ABSOLUTE
    _printf_n                                0x00000000   Number         0  stubs.o ABSOLUTE
    _printf_o                                0x00000000   Number         0  stubs.o ABSOLUTE
    _printf_p                                0x00000000   Number         0  stubs.o ABSOLUTE
    _printf_percent                          0x00000000   Number         0  stubs.o ABSOLUTE
    _printf_pre_padding                      0x00000000   Number         0  stubs.o ABSOLUTE
    _printf_return_value                     0x00000000   Number         0  stubs.o ABSOLUTE
    _printf_s                                0x00000000   Number         0  stubs.o ABSOLUTE
    _printf_sizespec                         0x00000000   Number         0  stubs.o ABSOLUTE
    _printf_str                              0x00000000   Number         0  stubs.o ABSOLUTE
    _printf_truncate_signed                  0x00000000   Number         0  stubs.o ABSOLUTE
    _printf_truncate_unsigned                0x00000000   Number         0  stubs.o ABSOLUTE
    _printf_u                                0x00000000   Number         0  stubs.o ABSOLUTE
    _printf_wc                               0x00000000   Number         0  stubs.o ABSOLUTE
    _printf_wctomb                           0x00000000   Number         0  stubs.o ABSOLUTE
    _printf_widthprec                        0x00000000   Number         0  stubs.o ABSOLUTE
    _printf_x                                0x00000000   Number         0  stubs.o ABSOLUTE
    __cpp_initialize__aeabi_                  - Undefined Weak Reference
    __cxa_finalize                            - Undefined Weak Reference
    _clock_init                               - Undefined Weak Reference
    _microlib_exit                            - Undefined Weak Reference
    __Vectors_Size                           0x00000130   Number         0  startup_stm32f10x_hd.o ABSOLUTE
    __Vectors                                0x08005000   Data           4  startup_stm32f10x_hd.o(RESET)
    __Vectors_End                            0x08005130   Data           0  startup_stm32f10x_hd.o(RESET)
    __main                                   0x08005131   Thumb Code     0  entry.o(.ARM.Collect$$$$00000000)
    _main_stk                                0x08005131   Thumb Code     0  entry2.o(.ARM.Collect$$$$00000001)
    _main_scatterload                        0x08005135   Thumb Code     0  entry5.o(.ARM.Collect$$$$00000004)
    __main_after_scatterload                 0x08005139   Thumb Code     0  entry5.o(.ARM.Collect$$$$00000004)
    _main_clock                              0x08005139   Thumb Code     0  entry7b.o(.ARM.Collect$$$$00000008)
    _main_cpp_init                           0x08005139   Thumb Code     0  entry8b.o(.ARM.Collect$$$$0000000A)
    _main_init                               0x08005139   Thumb Code     0  entry9a.o(.ARM.Collect$$$$0000000B)
    __rt_final_cpp                           0x08005141   Thumb Code     0  entry10a.o(.ARM.Collect$$$$0000000D)
    __rt_final_exit                          0x08005141   Thumb Code     0  entry11a.o(.ARM.Collect$$$$0000000F)
    Reset_Handler                            0x08005145   Thumb Code     8  startup_stm32f10x_hd.o(.text)
    ADC1_2_IRQHandler                        0x0800515f   Thumb Code     0  startup_stm32f10x_hd.o(.text)
    ADC3_IRQHandler                          0x0800515f   Thumb Code     0  startup_stm32f10x_hd.o(.text)
    CAN1_RX1_IRQHandler                      0x0800515f   Thumb Code     0  startup_stm32f10x_hd.o(.text)
    CAN1_SCE_IRQHandler                      0x0800515f   Thumb Code     0  startup_stm32f10x_hd.o(.text)
    DMA1_Channel1_IRQHandler                 0x0800515f   Thumb Code     0  startup_stm32f10x_hd.o(.text)
    DMA1_Channel2_IRQHandler                 0x0800515f   Thumb Code     0  startup_stm32f10x_hd.o(.text)
    DMA1_Channel3_IRQHandler                 0x0800515f   Thumb Code     0  startup_stm32f10x_hd.o(.text)
    DMA1_Channel4_IRQHandler                 0x0800515f   Thumb Code     0  startup_stm32f10x_hd.o(.text)
    DMA1_Channel5_IRQHandler                 0x0800515f   Thumb Code     0  startup_stm32f10x_hd.o(.text)
    DMA1_Channel6_IRQHandler                 0x0800515f   Thumb Code     0  startup_stm32f10x_hd.o(.text)
    DMA1_Channel7_IRQHandler                 0x0800515f   Thumb Code     0  startup_stm32f10x_hd.o(.text)
    DMA2_Channel1_IRQHandler                 0x0800515f   Thumb Code     0  startup_stm32f10x_hd.o(.text)
    DMA2_Channel2_IRQHandler                 0x0800515f   Thumb Code     0  startup_stm32f10x_hd.o(.text)
    DMA2_Channel3_IRQHandler                 0x0800515f   Thumb Code     0  startup_stm32f10x_hd.o(.text)
    DMA2_Channel4_5_IRQHandler               0x0800515f   Thumb Code     0  startup_stm32f10x_hd.o(.text)
    EXTI2_IRQHandler                         0x0800515f   Thumb Code     0  startup_stm32f10x_hd.o(.text)
    EXTI3_IRQHandler                         0x0800515f   Thumb Code     0  startup_stm32f10x_hd.o(.text)
    EXTI4_IRQHandler                         0x0800515f   Thumb Code     0  startup_stm32f10x_hd.o(.text)
    FLASH_IRQHandler                         0x0800515f   Thumb Code     0  startup_stm32f10x_hd.o(.text)
    FSMC_IRQHandler                          0x0800515f   Thumb Code     0  startup_stm32f10x_hd.o(.text)
    I2C1_ER_IRQHandler                       0x0800515f   Thumb Code     0  startup_stm32f10x_hd.o(.text)
    I2C1_EV_IRQHandler                       0x0800515f   Thumb Code     0  startup_stm32f10x_hd.o(.text)
    I2C2_ER_IRQHandler                       0x0800515f   Thumb Code     0  startup_stm32f10x_hd.o(.text)
    I2C2_EV_IRQHandler                       0x0800515f   Thumb Code     0  startup_stm32f10x_hd.o(.text)
    PVD_IRQHandler                           0x0800515f   Thumb Code     0  startup_stm32f10x_hd.o(.text)
    RCC_IRQHandler                           0x0800515f   Thumb Code     0  startup_stm32f10x_hd.o(.text)
    RTCAlarm_IRQHandler                      0x0800515f   Thumb Code     0  startup_stm32f10x_hd.o(.text)
    RTC_IRQHandler                           0x0800515f   Thumb Code     0  startup_stm32f10x_hd.o(.text)
    SDIO_IRQHandler                          0x0800515f   Thumb Code     0  startup_stm32f10x_hd.o(.text)
    SPI1_IRQHandler                          0x0800515f   Thumb Code     0  startup_stm32f10x_hd.o(.text)
    SPI2_IRQHandler                          0x0800515f   Thumb Code     0  startup_stm32f10x_hd.o(.text)
    SPI3_IRQHandler                          0x0800515f   Thumb Code     0  startup_stm32f10x_hd.o(.text)
    TAMPER_IRQHandler                        0x0800515f   Thumb Code     0  startup_stm32f10x_hd.o(.text)
    TIM1_BRK_IRQHandler                      0x0800515f   Thumb Code     0  startup_stm32f10x_hd.o(.text)
    TIM1_CC_IRQHandler                       0x0800515f   Thumb Code     0  startup_stm32f10x_hd.o(.text)
    TIM1_TRG_COM_IRQHandler                  0x0800515f   Thumb Code     0  startup_stm32f10x_hd.o(.text)
    TIM1_UP_IRQHandler                       0x0800515f   Thumb Code     0  startup_stm32f10x_hd.o(.text)
    TIM5_IRQHandler                          0x0800515f   Thumb Code     0  startup_stm32f10x_hd.o(.text)
    TIM6_IRQHandler                          0x0800515f   Thumb Code     0  startup_stm32f10x_hd.o(.text)
    TIM7_IRQHandler                          0x0800515f   Thumb Code     0  startup_stm32f10x_hd.o(.text)
    TIM8_BRK_IRQHandler                      0x0800515f   Thumb Code     0  startup_stm32f10x_hd.o(.text)
    TIM8_CC_IRQHandler                       0x0800515f   Thumb Code     0  startup_stm32f10x_hd.o(.text)
    TIM8_TRG_COM_IRQHandler                  0x0800515f   Thumb Code     0  startup_stm32f10x_hd.o(.text)
    TIM8_UP_IRQHandler                       0x0800515f   Thumb Code     0  startup_stm32f10x_hd.o(.text)
    UART4_IRQHandler                         0x0800515f   Thumb Code     0  startup_stm32f10x_hd.o(.text)
    UART5_IRQHandler                         0x0800515f   Thumb Code     0  startup_stm32f10x_hd.o(.text)
    USART1_IRQHandler                        0x0800515f   Thumb Code     0  startup_stm32f10x_hd.o(.text)
    USART3_IRQHandler                        0x0800515f   Thumb Code     0  startup_stm32f10x_hd.o(.text)
    USBWakeUp_IRQHandler                     0x0800515f   Thumb Code     0  startup_stm32f10x_hd.o(.text)
    USB_HP_CAN1_TX_IRQHandler                0x0800515f   Thumb Code     0  startup_stm32f10x_hd.o(.text)
    USB_LP_CAN1_RX0_IRQHandler               0x0800515f   Thumb Code     0  startup_stm32f10x_hd.o(.text)
    WWDG_IRQHandler                          0x0800515f   Thumb Code     0  startup_stm32f10x_hd.o(.text)
    __aeabi_memcpy                           0x08005169   Thumb Code    36  memcpya.o(.text)
    __aeabi_memcpy4                          0x08005169   Thumb Code     0  memcpya.o(.text)
    __aeabi_memcpy8                          0x08005169   Thumb Code     0  memcpya.o(.text)
    __aeabi_memset                           0x0800518d   Thumb Code    14  memseta.o(.text)
    __aeabi_memset4                          0x0800518d   Thumb Code     0  memseta.o(.text)
    __aeabi_memset8                          0x0800518d   Thumb Code     0  memseta.o(.text)
    __aeabi_memclr                           0x0800519b   Thumb Code     4  memseta.o(.text)
    __aeabi_memclr4                          0x0800519b   Thumb Code     0  memseta.o(.text)
    __aeabi_memclr8                          0x0800519b   Thumb Code     0  memseta.o(.text)
    _memset$wrapper                          0x0800519f   Thumb Code    18  memseta.o(.text)
    strstr                                   0x080051b1   Thumb Code    36  strstr.o(.text)
    strchr                                   0x080051d5   Thumb Code    20  strchr.o(.text)
    strlen                                   0x080051e9   Thumb Code    14  strlen.o(.text)
    memcmp                                   0x080051f7   Thumb Code    26  memcmp.o(.text)
    strncat                                  0x08005211   Thumb Code    40  strncat.o(.text)
    strcpy                                   0x08005239   Thumb Code    18  strcpy.o(.text)
    atoi                                     0x0800524b   Thumb Code    26  atoi.o(.text)
    __aeabi_dmul                             0x08005265   Thumb Code   228  dmul.o(.text)
    __aeabi_ui2f                             0x08005349   Thumb Code    10  ffltui.o(.text)
    __aeabi_i2d                              0x08005353   Thumb Code    34  dflti.o(.text)
    __aeabi_f2iz                             0x08005375   Thumb Code    50  ffixi.o(.text)
    __aeabi_f2uiz                            0x080053a7   Thumb Code    40  ffixui.o(.text)
    __aeabi_d2f                              0x080053cf   Thumb Code    56  d2f.o(.text)
    __aeabi_cfcmpeq                          0x08005409   Thumb Code     0  cfcmple.o(.text)
    __aeabi_cfcmple                          0x08005409   Thumb Code    20  cfcmple.o(.text)
    __aeabi_cfrcmple                         0x0800541d   Thumb Code    20  cfrcmple.o(.text)
    __aeabi_uidiv                            0x08005431   Thumb Code     0  uidiv.o(.text)
    __aeabi_uidivmod                         0x08005431   Thumb Code    44  uidiv.o(.text)
    __aeabi_uldivmod                         0x0800545d   Thumb Code    98  uldiv.o(.text)
    strtol                                   0x080054bf   Thumb Code   112  strtol.o(.text)
    __I$use$fp                               0x0800552f   Thumb Code     0  iusefp.o(.text)
    _float_round                             0x0800552f   Thumb Code    18  fepilogue.o(.text)
    _float_epilogue                          0x08005541   Thumb Code    92  fepilogue.o(.text)
    _double_round                            0x0800559d   Thumb Code    30  depilogue.o(.text)
    _double_epilogue                         0x080055bb   Thumb Code   156  depilogue.o(.text)
    __aeabi_dadd                             0x08005657   Thumb Code   322  dadd.o(.text)
    __aeabi_dsub                             0x08005799   Thumb Code     6  dadd.o(.text)
    __aeabi_drsub                            0x0800579f   Thumb Code     6  dadd.o(.text)
    __aeabi_ddiv                             0x080057a5   Thumb Code   222  ddiv.o(.text)
    __aeabi_d2ulz                            0x08005883   Thumb Code    48  dfixul.o(.text)
    __aeabi_cdrcmple                         0x080058b5   Thumb Code    48  cdrcmple.o(.text)
    __scatterload                            0x080058e5   Thumb Code    28  init.o(.text)
    __scatterload_rt2                        0x080058e5   Thumb Code     0  init.o(.text)
    __aeabi_llsl                             0x08005909   Thumb Code    30  llshl.o(.text)
    _ll_shift_l                              0x08005909   Thumb Code     0  llshl.o(.text)
    __aeabi_llsr                             0x08005927   Thumb Code    32  llushr.o(.text)
    _ll_ushift_r                             0x08005927   Thumb Code     0  llushr.o(.text)
    __aeabi_lasr                             0x08005947   Thumb Code    36  llsshr.o(.text)
    _ll_sshift_r                             0x08005947   Thumb Code     0  llsshr.o(.text)
    __rt_ctype_table                         0x0800596d   Thumb Code     4  ctype_o.o(.text)
    _strtoul                                 0x08005975   Thumb Code   158  _strtoul.o(.text)
    _chval                                   0x08005a13   Thumb Code    28  _chval.o(.text)
    __decompress                             0x08005a2f   Thumb Code     0  __dczerorl2.o(.text)
    __decompress1                            0x08005a2f   Thumb Code    86  __dczerorl2.o(.text)
    ADXL345_ReadXYZ                          0x08005a85   Thumb Code   238  adxl345.o(i.ADXL345_ReadXYZ)
    ADXL345_init                             0x08005b79   Thumb Code   160  adxl345.o(i.ADXL345_init)
    ADXL345_read_byte                        0x08005c19   Thumb Code    74  adxl345.o(i.ADXL345_read_byte)
    ADXL345_write_byte                       0x08005c6d   Thumb Code    68  adxl345.o(i.ADXL345_write_byte)
    BD_TG_DevLink                            0x08005cb9   Thumb Code   236  bd_tg.o(i.BD_TG_DevLink)
    BD_TG_Publish                            0x08005ed5   Thumb Code    72  bd_tg.o(i.BD_TG_Publish)
    BD_TG_RevPro                             0x08005f31   Thumb Code   544  bd_tg.o(i.BD_TG_RevPro)
    BD_TG_Subscribe                          0x080062c9   Thumb Code   158  bd_tg.o(i.BD_TG_Subscribe)
    BusFault_Handler                         0x080063d9   Thumb Code     4  stm32f10x_it.o(i.BusFault_Handler)
    DHT11_GetValue                           0x080063dd   Thumb Code   146  dht11.o(i.DHT11_GetValue)
    DHT11_ReadData                           0x08006475   Thumb Code    84  dht11.o(i.DHT11_ReadData)
    DebugMon_Handler                         0x080064cd   Thumb Code     2  stm32f10x_it.o(i.DebugMon_Handler)
    EXTI0_IRQHandler                         0x080064d1   Thumb Code    38  stm32f10x_it.o(i.EXTI0_IRQHandler)
    EXTI15_10_IRQHandler                     0x08006505   Thumb Code    36  stm32f10x_it.o(i.EXTI15_10_IRQHandler)
    EXTI1_IRQHandler                         0x08006531   Thumb Code    38  stm32f10x_it.o(i.EXTI1_IRQHandler)
    EXTI9_5_IRQHandler                       0x08006565   Thumb Code   316  stm32f10x_it.o(i.EXTI9_5_IRQHandler)
    EXTI_ClearITPendingBit                   0x080066d5   Thumb Code     6  stm32f10x_exti.o(i.EXTI_ClearITPendingBit)
    EXTI_ENABLE                              0x080066e1   Thumb Code    16  exti.o(i.EXTI_ENABLE)
    EXTI_GetITStatus                         0x080066f1   Thumb Code    34  stm32f10x_exti.o(i.EXTI_GetITStatus)
    EXTI_Init                                0x08006719   Thumb Code   142  stm32f10x_exti.o(i.EXTI_Init)
    EXTI_PA0_Config                          0x080067ad   Thumb Code   106  exti.o(i.EXTI_PA0_Config)
    EXTI_PA1_Config                          0x0800681d   Thumb Code   106  exti.o(i.EXTI_PA1_Config)
    EXTI_PB6_9_Config                        0x0800688d   Thumb Code   166  exti.o(i.EXTI_PB6_9_Config)
    GPIO_Configuration                       0x08006939   Thumb Code   552  gpio.o(i.GPIO_Configuration)
    GPIO_EXTILineConfig                      0x08006b71   Thumb Code    60  stm32f10x_gpio.o(i.GPIO_EXTILineConfig)
    GPIO_Init                                0x08006bb1   Thumb Code   278  stm32f10x_gpio.o(i.GPIO_Init)
    GPIO_PinRemapConfig                      0x08006cc9   Thumb Code   138  stm32f10x_gpio.o(i.GPIO_PinRemapConfig)
    GPIO_ReadInputDataBit                    0x08006d59   Thumb Code    18  stm32f10x_gpio.o(i.GPIO_ReadInputDataBit)
    GPIO_ResetBits                           0x08006d6b   Thumb Code     4  stm32f10x_gpio.o(i.GPIO_ResetBits)
    GPIO_SetBits                             0x08006d6f   Thumb Code     4  stm32f10x_gpio.o(i.GPIO_SetBits)
    GPIO_StructInit                          0x08006d73   Thumb Code    16  stm32f10x_gpio.o(i.GPIO_StructInit)
    GetLockCode                              0x08006d85   Thumb Code    62  loop.o(i.GetLockCode)
    HardFault_Handler                        0x08006de1   Thumb Code     4  stm32f10x_it.o(i.HardFault_Handler)
    IINCHIP_CSoff                            0x08006de5   Thumb Code    10  w5500.o(i.IINCHIP_CSoff)
    IINCHIP_CSon                             0x08006def   Thumb Code    10  w5500.o(i.IINCHIP_CSon)
    IINCHIP_READ                             0x08006df9   Thumb Code    50  w5500.o(i.IINCHIP_READ)
    IINCHIP_SpiSendData                      0x08006e2b   Thumb Code    12  w5500.o(i.IINCHIP_SpiSendData)
    IINCHIP_WRITE                            0x08006e37   Thumb Code    50  w5500.o(i.IINCHIP_WRITE)
    IWDG_Enable                              0x08006e69   Thumb Code    10  stm32f10x_iwdg.o(i.IWDG_Enable)
    IWDG_Feed                                0x08006e79   Thumb Code     8  iwdg.o(i.IWDG_Feed)
    IWDG_Init                                0x08006e81   Thumb Code    36  iwdg.o(i.IWDG_Init)
    IWDG_ReloadCounter                       0x08006ea5   Thumb Code    10  stm32f10x_iwdg.o(i.IWDG_ReloadCounter)
    IWDG_SetPrescaler                        0x08006eb5   Thumb Code     6  stm32f10x_iwdg.o(i.IWDG_SetPrescaler)
    IWDG_SetReload                           0x08006ec1   Thumb Code     6  stm32f10x_iwdg.o(i.IWDG_SetReload)
    IWDG_WriteAccessCmd                      0x08006ecd   Thumb Code     6  stm32f10x_iwdg.o(i.IWDG_WriteAccessCmd)
    Initialization_configuration             0x08006ed9   Thumb Code   152  loop.o(i.Initialization_configuration)
    MQTT_DeleteBuffer                        0x08006f95   Thumb Code    28  mqttkit.o(i.MQTT_DeleteBuffer)
    MQTT_DumpLength                          0x08006fb1   Thumb Code    46  mqttkit.o(i.MQTT_DumpLength)
    MQTT_NewBuffer                           0x08006fdf   Thumb Code    88  mqttkit.o(i.MQTT_NewBuffer)
    MQTT_PacketCmdResp                       0x08007039   Thumb Code   132  mqttkit.o(i.MQTT_PacketCmdResp)
    MQTT_PacketConnect                       0x080070c5   Thumb Code   662  mqttkit.o(i.MQTT_PacketConnect)
    MQTT_PacketPublish                       0x08007361   Thumb Code   310  mqttkit.o(i.MQTT_PacketPublish)
    MQTT_PacketPublishAck                    0x08007497   Thumb Code    72  mqttkit.o(i.MQTT_PacketPublishAck)
    MQTT_PacketPublishComp                   0x080074df   Thumb Code    72  mqttkit.o(i.MQTT_PacketPublishComp)
    MQTT_PacketPublishRec                    0x08007527   Thumb Code    72  mqttkit.o(i.MQTT_PacketPublishRec)
    MQTT_PacketPublishRel                    0x0800756f   Thumb Code    72  mqttkit.o(i.MQTT_PacketPublishRel)
    MQTT_PacketSubscribe                     0x080075b7   Thumb Code   252  mqttkit.o(i.MQTT_PacketSubscribe)
    MQTT_PacketUnSubscribe                   0x080076b3   Thumb Code   236  mqttkit.o(i.MQTT_PacketUnSubscribe)
    MQTT_ReadLength                          0x0800779f   Thumb Code    70  mqttkit.o(i.MQTT_ReadLength)
    MQTT_UnPacketCmd                         0x080077e5   Thumb Code   138  mqttkit.o(i.MQTT_UnPacketCmd)
    MQTT_UnPacketConnectAck                  0x0800786f   Thumb Code    30  mqttkit.o(i.MQTT_UnPacketConnectAck)
    MQTT_UnPacketPublish                     0x0800788d   Thumb Code   390  mqttkit.o(i.MQTT_UnPacketPublish)
    MQTT_UnPacketPublishAck                  0x08007a1d   Thumb Code    30  mqttkit.o(i.MQTT_UnPacketPublishAck)
    MQTT_UnPacketPublishComp                 0x08007a3b   Thumb Code    30  mqttkit.o(i.MQTT_UnPacketPublishComp)
    MQTT_UnPacketPublishRec                  0x08007a59   Thumb Code    30  mqttkit.o(i.MQTT_UnPacketPublishRec)
    MQTT_UnPacketPublishRel                  0x08007a77   Thumb Code    36  mqttkit.o(i.MQTT_UnPacketPublishRel)
    MQTT_UnPacketRecv                        0x08007a9d   Thumb Code   106  mqttkit.o(i.MQTT_UnPacketRecv)
    MQTT_UnPacketSubscribe                   0x08007b11   Thumb Code    52  mqttkit.o(i.MQTT_UnPacketSubscribe)
    MQTT_UnPacketUnSubscribe                 0x08007b45   Thumb Code    18  mqttkit.o(i.MQTT_UnPacketUnSubscribe)
    MQTT_UnSubscribe                         0x08007b59   Thumb Code    86  bd_tg.o(i.MQTT_UnSubscribe)
    MemManage_Handler                        0x08007bc5   Thumb Code     4  stm32f10x_it.o(i.MemManage_Handler)
    NMI_Handler                              0x08007bc9   Thumb Code     2  stm32f10x_it.o(i.NMI_Handler)
    NVIC_Init                                0x08007bcd   Thumb Code   100  misc.o(i.NVIC_Init)
    NVIC_PriorityGroupConfig                 0x08007c3d   Thumb Code    10  misc.o(i.NVIC_PriorityGroupConfig)
    PendSV_Handler                           0x08007c51   Thumb Code     2  stm32f10x_it.o(i.PendSV_Handler)
    Power_check                              0x08007c55   Thumb Code    74  loop.o(i.Power_check)
    RCC_APB1PeriphClockCmd                   0x08007cb1   Thumb Code    26  stm32f10x_rcc.o(i.RCC_APB1PeriphClockCmd)
    RCC_APB1PeriphResetCmd                   0x08007cd1   Thumb Code    26  stm32f10x_rcc.o(i.RCC_APB1PeriphResetCmd)
    RCC_APB2PeriphClockCmd                   0x08007cf1   Thumb Code    26  stm32f10x_rcc.o(i.RCC_APB2PeriphClockCmd)
    RCC_APB2PeriphResetCmd                   0x08007d11   Thumb Code    26  stm32f10x_rcc.o(i.RCC_APB2PeriphResetCmd)
    RCC_GetClocksFreq                        0x08007d31   Thumb Code   192  stm32f10x_rcc.o(i.RCC_GetClocksFreq)
    Reset_W5500                              0x08007e05   Thumb Code    34  spi2.o(i.Reset_W5500)
    SPI2_SendByte                            0x08007e2d   Thumb Code    50  spi2.o(i.SPI2_SendByte)
    SPI_Cmd                                  0x08007e65   Thumb Code    24  stm32f10x_spi.o(i.SPI_Cmd)
    SPI_I2S_GetFlagStatus                    0x08007e7d   Thumb Code    18  stm32f10x_spi.o(i.SPI_I2S_GetFlagStatus)
    SPI_I2S_ReceiveData                      0x08007e8f   Thumb Code     6  stm32f10x_spi.o(i.SPI_I2S_ReceiveData)
    SPI_I2S_SendData                         0x08007e95   Thumb Code     4  stm32f10x_spi.o(i.SPI_I2S_SendData)
    SPI_Init                                 0x08007e99   Thumb Code    60  stm32f10x_spi.o(i.SPI_Init)
    SPI_init                                 0x08007ed5   Thumb Code   168  adxl345.o(i.SPI_init)
    SVC_Handler                              0x08007f89   Thumb Code     2  stm32f10x_it.o(i.SVC_Handler)
    SoftReset                                0x08008075   Thumb Code    38  loop.o(i.SoftReset)
    SysTick_Handler                          0x080080a5   Thumb Code     2  stm32f10x_it.o(i.SysTick_Handler)
    SystemInit                               0x080080a9   Thumb Code    76  system_stm32f10x.o(i.SystemInit)
    Systick_Init                             0x08008109   Thumb Code    56  delay.o(i.Systick_Init)
    TIM2_Configuration                       0x08008149   Thumb Code    82  tim2.o(i.TIM2_Configuration)
    TIM2_IRQHandler                          0x0800819d   Thumb Code    46  stm32f10x_it.o(i.TIM2_IRQHandler)
    TIM2_NVIC_Configuration                  0x080081d1   Thumb Code    42  tim2.o(i.TIM2_NVIC_Configuration)
    TIM3_Configuration                       0x080081fd   Thumb Code    78  tim2.o(i.TIM3_Configuration)
    TIM3_IRQHandler                          0x08008251   Thumb Code    72  stm32f10x_it.o(i.TIM3_IRQHandler)
    TIM3_NVIC_Configuration                  0x080082a5   Thumb Code    42  tim2.o(i.TIM3_NVIC_Configuration)
    TIM4_Configuration                       0x080082d1   Thumb Code    78  tim2.o(i.TIM4_Configuration)
    TIM4_IRQHandler                          0x08008325   Thumb Code   132  stm32f10x_it.o(i.TIM4_IRQHandler)
    TIM4_NVIC_Configuration                  0x080083c9   Thumb Code    42  tim2.o(i.TIM4_NVIC_Configuration)
    TIM_ClearFlag                            0x080083f3   Thumb Code     6  stm32f10x_tim.o(i.TIM_ClearFlag)
    TIM_ClearITPendingBit                    0x080083f9   Thumb Code     6  stm32f10x_tim.o(i.TIM_ClearITPendingBit)
    TIM_Cmd                                  0x080083ff   Thumb Code    24  stm32f10x_tim.o(i.TIM_Cmd)
    TIM_DeInit                               0x08008419   Thumb Code   424  stm32f10x_tim.o(i.TIM_DeInit)
    TIM_GetITStatus                          0x08008601   Thumb Code    34  stm32f10x_tim.o(i.TIM_GetITStatus)
    TIM_ITConfig                             0x08008623   Thumb Code    18  stm32f10x_tim.o(i.TIM_ITConfig)
    TIM_TimeBaseInit                         0x08008635   Thumb Code   122  stm32f10x_tim.o(i.TIM_TimeBaseInit)
    USART2_Config                            0x080086d9   Thumb Code   136  usart2.o(i.USART2_Config)
    USART2_IRQHandler                        0x08008769   Thumb Code   428  usart2.o(i.USART2_IRQHandler)
    USART2_NVIC_Configuration                0x08008945   Thumb Code    42  usart2.o(i.USART2_NVIC_Configuration)
    USART_ClearFlag                          0x0800896f   Thumb Code    18  stm32f10x_usart.o(i.USART_ClearFlag)
    USART_Cmd                                0x08008981   Thumb Code    24  stm32f10x_usart.o(i.USART_Cmd)
    USART_GetFlagStatus                      0x08008999   Thumb Code    26  stm32f10x_usart.o(i.USART_GetFlagStatus)
    USART_GetITStatus                        0x080089b3   Thumb Code    84  stm32f10x_usart.o(i.USART_GetITStatus)
    USART_ITConfig                           0x08008a07   Thumb Code    74  stm32f10x_usart.o(i.USART_ITConfig)
    USART_Init                               0x08008a51   Thumb Code   210  stm32f10x_usart.o(i.USART_Init)
    USART_ReceiveData                        0x08008b29   Thumb Code    10  stm32f10x_usart.o(i.USART_ReceiveData)
    USART_SendData                           0x08008b33   Thumb Code     8  stm32f10x_usart.o(i.USART_SendData)
    UsageFault_Handler                       0x08008b3b   Thumb Code     4  stm32f10x_it.o(i.UsageFault_Handler)
    WIZ_CS                                   0x08008b41   Thumb Code    32  spi2.o(i.WIZ_CS)
    WIZ_SPI_Init                             0x08008b65   Thumb Code   160  spi2.o(i.WIZ_SPI_Init)
    __0printf                                0x08008c0d   Thumb Code    22  printfa.o(i.__0printf)
    __1printf                                0x08008c0d   Thumb Code     0  printfa.o(i.__0printf)
    __2printf                                0x08008c0d   Thumb Code     0  printfa.o(i.__0printf)
    __c89printf                              0x08008c0d   Thumb Code     0  printfa.o(i.__0printf)
    printf                                   0x08008c0d   Thumb Code     0  printfa.o(i.__0printf)
    __0sprintf                               0x08008c2d   Thumb Code    34  printfa.o(i.__0sprintf)
    __1sprintf                               0x08008c2d   Thumb Code     0  printfa.o(i.__0sprintf)
    __2sprintf                               0x08008c2d   Thumb Code     0  printfa.o(i.__0sprintf)
    __c89sprintf                             0x08008c2d   Thumb Code     0  printfa.o(i.__0sprintf)
    sprintf                                  0x08008c2d   Thumb Code     0  printfa.o(i.__0sprintf)
    __aeabi_errno_addr                       0x08008c55   Thumb Code     4  errno.o(i.__aeabi_errno_addr)
    __rt_errno_addr                          0x08008c55   Thumb Code     0  errno.o(i.__aeabi_errno_addr)
    __scatterload_copy                       0x08008c5d   Thumb Code    14  handlers.o(i.__scatterload_copy)
    __scatterload_null                       0x08008c6b   Thumb Code     2  handlers.o(i.__scatterload_null)
    __scatterload_zeroinit                   0x08008c6d   Thumb Code    14  handlers.o(i.__scatterload_zeroinit)
    application                              0x08009539   Thumb Code  5452  loop.o(i.application)
    at24c16_init                             0x0800aaa9   Thumb Code    56  24c16.o(i.at24c16_init)
    at24c16_read                             0x0800aae9   Thumb Code    70  24c16.o(i.at24c16_read)
    at24c16_start                            0x0800ab31   Thumb Code    42  24c16.o(i.at24c16_start)
    at24c16_stop                             0x0800ab65   Thumb Code    34  24c16.o(i.at24c16_stop)
    at24c16_write                            0x0800ab91   Thumb Code    80  24c16.o(i.at24c16_write)
    auto_dhcp                                0x0800abe1   Thumb Code    88  dhcp.o(i.auto_dhcp)
    check_DHCP_Timeout                       0x0800ac99   Thumb Code   110  dhcp.o(i.check_DHCP_Timeout)
    check_DHCP_state                         0x0800ad1d   Thumb Code   328  dhcp.o(i.check_DHCP_state)
    check_leasedIP                           0x0800ae85   Thumb Code    38  dhcp.o(i.check_leasedIP)
    clock                                    0x0800aec5   Thumb Code    56  24c16.o(i.clock)
    close                                    0x0800af05   Thumb Code    52  socket.o(i.close)
    connect                                  0x0800af39   Thumb Code   248  socket.o(i.connect)
    delay_ms                                 0x0800b031   Thumb Code    56  delay.o(i.delay_ms)
    delay_us                                 0x0800b06d   Thumb Code    56  delay.o(i.delay_us)
    do_tcp_client                            0x0800b0a9   Thumb Code   768  tcp_demo.o(i.do_tcp_client)
    erase_eeprom                             0x0800b485   Thumb Code    30  24c16.o(i.erase_eeprom)
    fputc                                    0x0800b4a5   Thumb Code    32  usart2.o(i.fputc)
    free                                     0x0800b4c9   Thumb Code    76  malloc.o(i.free)
    getGAR                                   0x0800b519   Thumb Code    16  w5500.o(i.getGAR)
    getIINCHIP_TxMAX                         0x0800b529   Thumb Code    10  w5500.o(i.getIINCHIP_TxMAX)
    getPHYStatus                             0x0800b539   Thumb Code    12  w5500.o(i.getPHYStatus)
    getSIPR                                  0x0800b545   Thumb Code    18  w5500.o(i.getSIPR)
    getSUBR                                  0x0800b557   Thumb Code    18  w5500.o(i.getSUBR)
    getSn_IR                                 0x0800b569   Thumb Code    18  w5500.o(i.getSn_IR)
    getSn_RX_RSR                             0x0800b57b   Thumb Code    84  w5500.o(i.getSn_RX_RSR)
    getSn_SR                                 0x0800b5cf   Thumb Code    18  w5500.o(i.getSn_SR)
    getSn_TX_FSR                             0x0800b5e1   Thumb Code    84  w5500.o(i.getSn_TX_FSR)
    htonl                                    0x0800b635   Thumb Code    12  ult.o(i.htonl)
    htons                                    0x0800b641   Thumb Code    12  ult.o(i.htons)
    input3_status                            0x0800b64d   Thumb Code    54  input.o(i.input3_status)
    input4_status                            0x0800b695   Thumb Code    50  input.o(i.input4_status)
    input5_status                            0x0800b6d9   Thumb Code    52  input.o(i.input5_status)
    input6_status                            0x0800b71d   Thumb Code    52  input.o(i.input6_status)
    input_gpio                               0x0800b761   Thumb Code   172  input.o(i.input_gpio)
    main                                     0x0800b811   Thumb Code    18  main.o(i.main)
    malloc                                   0x0800b825   Thumb Code    92  malloc.o(i.malloc)
    ntohl                                    0x0800b891   Thumb Code    12  ult.o(i.ntohl)
    parseDHCPMSG                             0x0800b89d   Thumb Code   326  dhcp.o(i.parseDHCPMSG)
    read_1byte                               0x0800ba0d   Thumb Code   100  24c16.o(i.read_1byte)
    read_config                              0x0800ba79   Thumb Code   440  loop.o(i.read_config)
    recv                                     0x0800bce1   Thumb Code    66  socket.o(i.recv)
    recv_data_processing                     0x0800bd25   Thumb Code   116  w5500.o(i.recv_data_processing)
    recvfrom                                 0x0800bdb9   Thumb Code   486  socket.o(i.recvfrom)
    reset_DHCP_time                          0x0800bfb9   Thumb Code    28  dhcp.o(i.reset_DHCP_time)
    send                                     0x0800bfe5   Thumb Code   224  socket.o(i.send)
    send_DHCP_DISCOVER                       0x0800c0e9   Thumb Code   680  dhcp.o(i.send_DHCP_DISCOVER)
    send_DHCP_RELEASE_DECLINE                0x0800c3bd   Thumb Code   648  dhcp.o(i.send_DHCP_RELEASE_DECLINE)
    send_DHCP_REQUEST                        0x0800c659   Thumb Code   956  dhcp.o(i.send_DHCP_REQUEST)
    send_data_processing                     0x0800ca49   Thumb Code   108  w5500.o(i.send_data_processing)
    sendto                                   0x0800cab5   Thumb Code   268  socket.o(i.sendto)
    setGAR                                   0x0800cbc1   Thumb Code    16  w5500.o(i.setGAR)
    setKPALVTR                               0x0800cbd1   Thumb Code    22  tcp_demo.o(i.setKPALVTR)
    setSHAR                                  0x0800cbe7   Thumb Code    18  w5500.o(i.setSHAR)
    setSIPR                                  0x0800cbf9   Thumb Code    18  w5500.o(i.setSIPR)
    setSUBR                                  0x0800cc0b   Thumb Code    18  w5500.o(i.setSUBR)
    setSn_IR                                 0x0800cc1d   Thumb Code    22  w5500.o(i.setSn_IR)
    set_object_ip                            0x0800cc35   Thumb Code   154  tcp_demo.o(i.set_object_ip)
    set_w5500_ip                             0x0800cd35   Thumb Code   298  w5500_config.o(i.set_w5500_ip)
    set_w5500_mac                            0x0800cf6d   Thumb Code   170  w5500_config.o(i.set_w5500_mac)
    socket                                   0x0800d091   Thumb Code   192  socket.o(i.socket)
    swapl                                    0x0800d155   Thumb Code    28  ult.o(i.swapl)
    swaps                                    0x0800d171   Thumb Code    14  ult.o(i.swaps)
    sysinit                                  0x0800d181   Thumb Code   302  w5500.o(i.sysinit)
    w5500_check                              0x0800d2b9   Thumb Code   116  w5500.o(i.w5500_check)
    wiz_read_buf                             0x0800d359   Thumb Code    78  w5500.o(i.wiz_read_buf)
    wiz_write_buf                            0x0800d3c1   Thumb Code    80  w5500.o(i.wiz_write_buf)
    write_1byte                              0x0800d429   Thumb Code   112  24c16.o(i.write_1byte)
    __ctype_table                            0x0800d4a0   Data         129  ctype_o.o(.constdata)
    Region$$Table$$Base                      0x0800d628   Number         0  anon$$obj.o(Region$$Table)
    Region$$Table$$Limit                     0x0800d648   Number         0  anon$$obj.o(Region$$Table)
    up_bed                                   0x20000000   Data           1  stm32f10x_it.o(.data)
    bed_status                               0x20000001   Data           1  stm32f10x_it.o(.data)
    down_bed                                 0x20000002   Data           1  stm32f10x_it.o(.data)
    buflen                                   0x20000004   Data           4  stm32f10x_it.o(.data)
    i                                        0x20000008   Data           4  stm32f10x_it.o(.data)
    j                                        0x2000000c   Data           4  stm32f10x_it.o(.data)
    ac                                       0x20000010   Data           4  stm32f10x_it.o(.data)
    battery                                  0x20000014   Data           4  stm32f10x_it.o(.data)
    tim3i                                    0x20000018   Data           4  stm32f10x_it.o(.data)
    tim3fquence                              0x2000001c   Data           4  stm32f10x_it.o(.data)
    elevator_status                          0x20000020   Data           1  stm32f10x_it.o(.data)
    acc_on                                   0x20000021   Data           1  stm32f10x_it.o(.data)
    door                                     0x20000022   Data           1  stm32f10x_it.o(.data)
    rxd_buffer_locked                        0x20000023   Data           1  usart2.o(.data)
    usart_flg                                0x20000024   Data           1  usart2.o(.data)
    ptr_rxd_buffer                           0x20000025   Data           1  usart2.o(.data)
    start                                    0x20000026   Data           1  usart2.o(.data)
    crc                                      0x20000027   Data           1  usart2.o(.data)
    tim3_reset                               0x20000028   Data           1  usart2.o(.data)
    input1_time                              0x2000002e   Data           1  input.o(.data)
    input2_time                              0x2000002f   Data           1  input.o(.data)
    input3_time                              0x20000030   Data           1  input.o(.data)
    input4_time                              0x20000031   Data           1  input.o(.data)
    input5_time                              0x20000032   Data           1  input.o(.data)
    input6_time                              0x20000033   Data           1  input.o(.data)
    input1_value                             0x20000034   Data           1  input.o(.data)
    input2_value                             0x20000035   Data           1  input.o(.data)
    input3_value                             0x20000036   Data           1  input.o(.data)
    input4_value                             0x20000037   Data           1  input.o(.data)
    input5_value                             0x20000038   Data           1  input.o(.data)
    input6_value                             0x20000039   Data           1  input.o(.data)
    id_name                                  0x2000003c   Data           4  loop.o(.data)
    result                                   0x20000040   Data          20  loop.o(.data)
    id_name_all                              0x20000054   Data           4  loop.o(.data)
    Lock_Code                                0x20000058   Data           4  loop.o(.data)
    sub_len                                  0x2000005c   Data           1  loop.o(.data)
    sub_name                                 0x2000005d   Data           1  loop.o(.data)
    flag                                     0x2000005e   Data           1  loop.o(.data)
    power                                    0x2000005f   Data           1  loop.o(.data)
    bed_ready                                0x20000060   Data           1  loop.o(.data)
    mqtt_sensor_send                         0x20000061   Data           1  loop.o(.data)
    door_close_times                         0x20000062   Data           1  loop.o(.data)
    door_close_times_sum                     0x20000063   Data           1  loop.o(.data)
    w5500_success_crc                        0x20000064   Data           1  loop.o(.data)
    door_close_times_sum1                    0x20000065   Data           1  loop.o(.data)
    door_close_times_sum2                    0x20000066   Data           1  loop.o(.data)
    ee_test                                  0x20000067   Data           1  loop.o(.data)
    read_dht11                               0x20000068   Data           1  loop.o(.data)
    send_data                                0x20000069   Data           1  loop.o(.data)
    Disconnect_Request                       0x2000006a   Data           2  loop.o(.data)
    domain_ip                                0x2000006c   Data           4  loop.o(.data)
    timePUB                                  0x20000070   Data           4  loop.o(.data)
    timeSUB                                  0x20000074   Data           4  loop.o(.data)
    timePING                                 0x20000078   Data           1  loop.o(.data)
    temp_rh                                  0x20000079   Data           2  loop.o(.data)
    uart2_send_read                          0x2000007b   Data           1  loop.o(.data)
    floor                                    0x2000007c   ARM Code       4  loop.o(.data)
    door_open_over_time_sum                  0x20000080   Data           1  loop.o(.data)
    uart2_send_write                         0x20000081   Data           1  loop.o(.data)
    noise                                    0x20000082   Data           2  loop.o(.data)
    noise_status                             0x20000084   Data           1  loop.o(.data)
    uart_config                              0x20000085   Data           1  loop.o(.data)
    w5500_connect                            0x20000088   Data           4  loop.o(.data)
    uart_w5500_ip_config                     0x2000008c   Data           1  loop.o(.data)
    uart_w5500_mac_config                    0x2000008d   Data           1  loop.o(.data)
    uart_w5500_subnet_config                 0x2000008e   Data           1  loop.o(.data)
    uart_w5500_gateway_config                0x2000008f   Data           1  loop.o(.data)
    uart_w5500_dns_config                    0x20000090   Data           1  loop.o(.data)
    uart_w5500_port_config                   0x20000091   Data           1  loop.o(.data)
    AccelerationX                            0x20000094   Data           4  loop.o(.data)
    AccelerationY                            0x20000098   Data           4  loop.o(.data)
    AccelerationZ                            0x2000009c   Data           4  loop.o(.data)
    reboot_sum                               0x200000a0   Data           1  loop.o(.data)
    work_ACCadd                              0x200000a1   Data           1  loop.o(.data)
    work_Acc_success                         0x200000a2   Data           1  loop.o(.data)
    work_dht11_status                        0x200000a3   Data           1  loop.o(.data)
    work_noise_status                        0x200000a4   Data           1  loop.o(.data)
    work_uart_status                         0x200000a5   Data           1  loop.o(.data)
    work_Acceleration_status                 0x200000a6   Data           1  loop.o(.data)
    disconnet                                0x200000a8   Data           2  loop.o(.data)
    overtime                                 0x200000aa   Data           2  loop.o(.data)
    overtime_reset                           0x200000ac   Data           1  loop.o(.data)
    test_while                               0x200000ad   Data           1  loop.o(.data)
    work_status                              0x200000ae   Data           1  loop.o(.data)
    network_status                           0x200000af   Data           1  loop.o(.data)
    led_set_work                             0x200000b0   Data           1  loop.o(.data)
    led_set_network                          0x200000b1   Data           1  loop.o(.data)
    sum                                      0x200000b2   Data           1  loop.o(.data)
    temperature                              0x200000b4   Data           4  loop.o(.data)
    humidity                                 0x200000b8   Data           4  loop.o(.data)
    external_temp1                           0x200000bc   Data           1  loop.o(.data)
    external_temp3                           0x200000bd   Data           1  loop.o(.data)
    external_humi1                           0x200000be   Data           1  loop.o(.data)
    external_humi3                           0x200000bf   Data           1  loop.o(.data)
    external_vibr1                           0x200000c0   Data           1  loop.o(.data)
    external_vibr3                           0x200000c1   Data           1  loop.o(.data)
    external_noise1                          0x200000c2   Data           1  loop.o(.data)
    external_noise3                          0x200000c3   Data           1  loop.o(.data)
    external_driver                          0x200000c4   Data           1  loop.o(.data)
    external_led1                            0x200000c5   Data           1  loop.o(.data)
    external_led2                            0x200000c6   Data           1  loop.o(.data)
    external_led3                            0x200000c7   Data           1  loop.o(.data)
    external_led4                            0x200000c8   Data           1  loop.o(.data)
    publish_crc                              0x200000c9   Data           1  loop.o(.data)
    external_led_open                        0x200000ca   Data           1  loop.o(.data)
    input1_printf                            0x200000cb   Data           1  loop.o(.data)
    input2_printf                            0x200000cc   Data           1  loop.o(.data)
    input3_printf                            0x200000cd   Data           1  loop.o(.data)
    input4_printf                            0x200000ce   Data           1  loop.o(.data)
    input5_printf                            0x200000cf   Data           1  loop.o(.data)
    input6_printf                            0x200000d0   Data           1  loop.o(.data)
    input2_up                                0x200000d1   Data           1  loop.o(.data)
    input1_up                                0x200000d2   Data           1  loop.o(.data)
    door_not_close                           0x200000d3   Data           1  loop.o(.data)
    door_mqtt_status                         0x200000d4   Data           1  loop.o(.data)
    door_not_close_printf                    0x200000d5   Data           1  loop.o(.data)
    pingceng                                 0x200000d6   Data           1  loop.o(.data)
    driver_start                             0x200000d7   Data           1  loop.o(.data)
    driver_status                            0x200000d8   Data           1  loop.o(.data)
    driver1_status                           0x200000d9   Data           1  loop.o(.data)
    driver2_status                           0x200000da   Data           1  loop.o(.data)
    mqtt_send_time                           0x200000db   Data           1  loop.o(.data)
    rc                                       0x200000dc   Data           4  loop.o(.data)
    test_time                                0x200000e0   Data           4  loop.o(.data)
    test_time1                               0x200000e4   Data           4  loop.o(.data)
    battery_status                           0x200000e8   Data           1  loop.o(.data)
    power_time                               0x200000e9   Data           1  loop.o(.data)
    power_status                             0x200000ea   Data           1  loop.o(.data)
    battery_time                             0x200000eb   Data           1  loop.o(.data)
    domain_name                              0x200000ec   Data          18  loop.o(.data)
    w5500_connect_success                    0x200000fe   Data           1  loop.o(.data)
    W5500_REBOOT                             0x200000ff   Data           1  loop.o(.data)
    door_open_times                          0x20000100   Data           1  loop.o(.data)
    door_over_time_alway                     0x20000101   Data           1  loop.o(.data)
    door_printf_mqtt                         0x20000102   Data           1  loop.o(.data)
    pingceng_printf_mqtt                     0x20000103   Data           1  loop.o(.data)
    pingceng_error                           0x20000104   Data           1  loop.o(.data)
    mac                                      0x2000011c   Data           6  w5500_config.o(.data)
    local_ip                                 0x20000122   Data           4  w5500_config.o(.data)
    subnet                                   0x20000126   Data           4  w5500_config.o(.data)
    gateway                                  0x2000012a   Data           4  w5500_config.o(.data)
    dns_server                               0x2000012e   Data           4  w5500_config.o(.data)
    local_port                               0x20000132   Data           2  w5500_config.o(.data)
    ip_from                                  0x20000134   Data           1  w5500_config.o(.data)
    BD_TG_ping_time                          0x20000138   Data           4  w5500_config.o(.data)
    dhcp_ok                                  0x2000013c   Data           1  w5500_config.o(.data)
    ms                                       0x20000140   Data           4  w5500_config.o(.data)
    ntptimer                                 0x20000144   Data           1  w5500_config.o(.data)
    txsize                                   0x20000145   Data           8  w5500_config.o(.data)
    rxsize                                   0x2000014d   Data           8  w5500_config.o(.data)
    SRC_MAC_ADDR                             0x20000158   Data           4  dhcp.o(.data)
    GET_SN_MASK                              0x2000015c   Data           4  dhcp.o(.data)
    GET_GW_IP                                0x20000160   Data           4  dhcp.o(.data)
    GET_DNS_IP                               0x20000164   Data           4  dhcp.o(.data)
    DHCP_HOST_NAME                           0x20000168   Data           4  dhcp.o(.data)
    GET_SIP                                  0x2000016c   Data           4  dhcp.o(.data)
    DHCP_SIP                                 0x20000170   Data           4  dhcp.o(.data)
    DHCP_REAL_SIP                            0x20000174   Data           4  dhcp.o(.data)
    OLD_SIP                                  0x20000178   Data           4  dhcp.o(.data)
    dhcp_state                               0x2000017c   Data           1  dhcp.o(.data)
    dhcp_retry_count                         0x2000017d   Data           1  dhcp.o(.data)
    DHCP_timeout                             0x2000017e   Data           1  dhcp.o(.data)
    dhcp_lease_time                          0x20000180   Data           4  dhcp.o(.data)
    dhcp_time                                0x20000184   Data           4  dhcp.o(.data)
    next_dhcp_time                           0x20000188   Data           4  dhcp.o(.data)
    dhcp_tick_cnt                            0x2000018c   Data           4  dhcp.o(.data)
    DHCP_timer                               0x20000190   Data           1  dhcp.o(.data)
    dhcp_connect                             0x20000191   Data           1  dhcp.o(.data)
    DHCP_XID                                 0x20000194   Data           4  dhcp.o(.data)
    pRIPMSG                                  0x20000198   Data           4  dhcp.o(.data)
    DEVID_TEST                               0x2000019c   Data           2  bd_tg.o(.data)
    DEVID_TEST_U16                           0x2000019e   Data           2  bd_tg.o(.data)
    DEVID1                                   0x200001a0   Data           4  bd_tg.o(.data)
    test1                                    0x200001a4   Data         200  bd_tg.o(.data)
    ttt                                      0x2000026c   Data         100  bd_tg.o(.data)
    BD_TG_server_ip                          0x200002d4   Data           4  tcp_demo.o(.data)
    BD_TG_server_port                        0x200002d8   Data           2  tcp_demo.o(.data)
    MQTT_STATE                               0x200002dc   Data           4  tcp_demo.o(.data)
    topics                                   0x200002e0   Data           8  tcp_demo.o(.data)
    topics2                                  0x200002e8   Data           4  tcp_demo.o(.data)
    topics1                                  0x200002ec   Data           4  tcp_demo.o(.data)
    BD_TG_ping_pak                           0x200002f0   Data           2  tcp_demo.o(.data)
    data_ptr                                 0x200002f4   Data           4  tcp_demo.o(.data)
    door_close_times_mqtt                    0x200002f8   Data           4  tcp_demo.o(.data)
    ASII_hex                                 0x200002fc   Data           1  tcp_demo.o(.data)
    tpye                                     0x200002fd   Data           1  tcp_demo.o(.data)
    __stdout                                 0x20000300   Data           4  stdout.o(.data)
    __microlib_freelist                      0x20000304   Data           4  mvars.o(.data)
    __microlib_freelist_initialised          0x20000308   Data           4  mvars.o(.data)
    usart_buf                                0x20000310   Data          64  usart2.o(.bss)
    t2_count_ms                              0x20000350   Data          88  tim2.o(.bss)
    t4_count_ms                              0x200003a8   Data          28  tim2.o(.bss)
    RxBuffer2                                0x200003c4   Data         200  loop.o(.bss)
    CpuID                                    0x2000048c   Data          12  loop.o(.bss)
    adxl_val                                 0x20000498   Data          12  loop.o(.bss)
    mqttPacket                               0x200004a4   Data          16  loop.o(.bss)
    txBuffer                                 0x200004b4   Data          40  loop.o(.bss)
    ConfigMsg                                0x200004fc   Data          34  w5500_config.o(.bss)
    RecvMsg                                  0x2000051e   Data          34  w5500_config.o(.bss)
    EEPROM_MSG                               0x20000540   Data          18  w5500_config.o(.bss)
    DHCP_GET                                 0x20000552   Data          22  dhcp.o(.bss)
    EXTERN_DHCPBUF                           0x20000568   Data        1024  dhcp.o(.bss)
    w5500_buf                                0x20000968   Data         128  bd_tg.o(.bss)
    publish_buf                              0x200009e8   Data          64  bd_tg.o(.bss)
    buff                                     0x20000a38   Data        2048  tcp_demo.o(.bss)
    test                                     0x20001238   Data         300  tcp_demo.o(.bss)
    __heap_base                              0x20001368   Data           0  startup_stm32f10x_hd.o(HEAP)
    __heap_limit                             0x20001568   Data           0  startup_stm32f10x_hd.o(HEAP)
    __initial_sp                             0x20001968   Data           0  startup_stm32f10x_hd.o(STACK)



==============================================================================

Memory Map of the image

  Image Entry point : 0x08005131

  Load Region LR_IROM1 (Base: 0x08005000, Size: 0x00008958, Max: 0x0007afff, ABSOLUTE, COMPRESSED[0x000086f0])

    Execution Region ER_IROM1 (Exec base: 0x08005000, Load base: 0x08005000, Size: 0x00008648, Max: 0x0007afff, ABSOLUTE)

    Exec Addr    Load Addr    Size         Type   Attr      Idx    E Section Name        Object

    0x08005000   0x08005000   0x00000130   Data   RO            3    RESET               startup_stm32f10x_hd.o
    0x08005130   0x08005130   0x00000000   Code   RO         4776  * .ARM.Collect$$$$00000000  mc_w.l(entry.o)
    0x08005130   0x08005130   0x00000004   Code   RO         5112    .ARM.Collect$$$$00000001  mc_w.l(entry2.o)
    0x08005134   0x08005134   0x00000004   Code   RO         5115    .ARM.Collect$$$$00000004  mc_w.l(entry5.o)
    0x08005138   0x08005138   0x00000000   Code   RO         5117    .ARM.Collect$$$$00000008  mc_w.l(entry7b.o)
    0x08005138   0x08005138   0x00000000   Code   RO         5119    .ARM.Collect$$$$0000000A  mc_w.l(entry8b.o)
    0x08005138   0x08005138   0x00000008   Code   RO         5120    .ARM.Collect$$$$0000000B  mc_w.l(entry9a.o)
    0x08005140   0x08005140   0x00000000   Code   RO         5122    .ARM.Collect$$$$0000000D  mc_w.l(entry10a.o)
    0x08005140   0x08005140   0x00000000   Code   RO         5124    .ARM.Collect$$$$0000000F  mc_w.l(entry11a.o)
    0x08005140   0x08005140   0x00000004   Code   RO         5113    .ARM.Collect$$$$00002712  mc_w.l(entry2.o)
    0x08005144   0x08005144   0x00000024   Code   RO            4    .text               startup_stm32f10x_hd.o
    0x08005168   0x08005168   0x00000024   Code   RO         4779    .text               mc_w.l(memcpya.o)
    0x0800518c   0x0800518c   0x00000024   Code   RO         4781    .text               mc_w.l(memseta.o)
    0x080051b0   0x080051b0   0x00000024   Code   RO         4783    .text               mc_w.l(strstr.o)
    0x080051d4   0x080051d4   0x00000014   Code   RO         4787    .text               mc_w.l(strchr.o)
    0x080051e8   0x080051e8   0x0000000e   Code   RO         4789    .text               mc_w.l(strlen.o)
    0x080051f6   0x080051f6   0x0000001a   Code   RO         4791    .text               mc_w.l(memcmp.o)
    0x08005210   0x08005210   0x00000028   Code   RO         4793    .text               mc_w.l(strncat.o)
    0x08005238   0x08005238   0x00000012   Code   RO         4795    .text               mc_w.l(strcpy.o)
    0x0800524a   0x0800524a   0x0000001a   Code   RO         5094    .text               mc_w.l(atoi.o)
    0x08005264   0x08005264   0x000000e4   Code   RO         5096    .text               mf_w.l(dmul.o)
    0x08005348   0x08005348   0x0000000a   Code   RO         5098    .text               mf_w.l(ffltui.o)
    0x08005352   0x08005352   0x00000022   Code   RO         5100    .text               mf_w.l(dflti.o)
    0x08005374   0x08005374   0x00000032   Code   RO         5102    .text               mf_w.l(ffixi.o)
    0x080053a6   0x080053a6   0x00000028   Code   RO         5104    .text               mf_w.l(ffixui.o)
    0x080053ce   0x080053ce   0x00000038   Code   RO         5106    .text               mf_w.l(d2f.o)
    0x08005406   0x08005406   0x00000002   PAD
    0x08005408   0x08005408   0x00000014   Code   RO         5108    .text               mf_w.l(cfcmple.o)
    0x0800541c   0x0800541c   0x00000014   Code   RO         5110    .text               mf_w.l(cfrcmple.o)
    0x08005430   0x08005430   0x0000002c   Code   RO         5127    .text               mc_w.l(uidiv.o)
    0x0800545c   0x0800545c   0x00000062   Code   RO         5129    .text               mc_w.l(uldiv.o)
    0x080054be   0x080054be   0x00000070   Code   RO         5140    .text               mc_w.l(strtol.o)
    0x0800552e   0x0800552e   0x00000000   Code   RO         5142    .text               mc_w.l(iusefp.o)
    0x0800552e   0x0800552e   0x0000006e   Code   RO         5143    .text               mf_w.l(fepilogue.o)
    0x0800559c   0x0800559c   0x000000ba   Code   RO         5145    .text               mf_w.l(depilogue.o)
    0x08005656   0x08005656   0x0000014e   Code   RO         5147    .text               mf_w.l(dadd.o)
    0x080057a4   0x080057a4   0x000000de   Code   RO         5149    .text               mf_w.l(ddiv.o)
    0x08005882   0x08005882   0x00000030   Code   RO         5151    .text               mf_w.l(dfixul.o)
    0x080058b2   0x080058b2   0x00000002   PAD
    0x080058b4   0x080058b4   0x00000030   Code   RO         5153    .text               mf_w.l(cdrcmple.o)
    0x080058e4   0x080058e4   0x00000024   Code   RO         5155    .text               mc_w.l(init.o)
    0x08005908   0x08005908   0x0000001e   Code   RO         5157    .text               mc_w.l(llshl.o)
    0x08005926   0x08005926   0x00000020   Code   RO         5159    .text               mc_w.l(llushr.o)
    0x08005946   0x08005946   0x00000024   Code   RO         5161    .text               mc_w.l(llsshr.o)
    0x0800596a   0x0800596a   0x00000002   PAD
    0x0800596c   0x0800596c   0x00000008   Code   RO         5163    .text               mc_w.l(ctype_o.o)
    0x08005974   0x08005974   0x0000009e   Code   RO         5191    .text               mc_w.l(_strtoul.o)
    0x08005a12   0x08005a12   0x0000001c   Code   RO         5193    .text               mc_w.l(_chval.o)
    0x08005a2e   0x08005a2e   0x00000056   Code   RO         5203    .text               mc_w.l(__dczerorl2.o)
    0x08005a84   0x08005a84   0x000000f4   Code   RO          572    i.ADXL345_ReadXYZ   adxl345.o
    0x08005b78   0x08005b78   0x000000a0   Code   RO          573    i.ADXL345_init      adxl345.o
    0x08005c18   0x08005c18   0x00000054   Code   RO          574    i.ADXL345_read_byte  adxl345.o
    0x08005c6c   0x08005c6c   0x0000004c   Code   RO          575    i.ADXL345_write_byte  adxl345.o
    0x08005cb8   0x08005cb8   0x0000021c   Code   RO         4654    i.BD_TG_DevLink     bd_tg.o
    0x08005ed4   0x08005ed4   0x0000005c   Code   RO         4655    i.BD_TG_Publish     bd_tg.o
    0x08005f30   0x08005f30   0x00000398   Code   RO         4656    i.BD_TG_RevPro      bd_tg.o
    0x080062c8   0x080062c8   0x00000110   Code   RO         4657    i.BD_TG_Subscribe   bd_tg.o
    0x080063d8   0x080063d8   0x00000004   Code   RO          116    i.BusFault_Handler  stm32f10x_it.o
    0x080063dc   0x080063dc   0x00000098   Code   RO         4134    i.DHT11_GetValue    dht11.o
    0x08006474   0x08006474   0x00000058   Code   RO         4135    i.DHT11_ReadData    dht11.o
    0x080064cc   0x080064cc   0x00000002   Code   RO          117    i.DebugMon_Handler  stm32f10x_it.o
    0x080064ce   0x080064ce   0x00000002   PAD
    0x080064d0   0x080064d0   0x00000034   Code   RO          118    i.EXTI0_IRQHandler  stm32f10x_it.o
    0x08006504   0x08006504   0x0000002c   Code   RO          119    i.EXTI15_10_IRQHandler  stm32f10x_it.o
    0x08006530   0x08006530   0x00000034   Code   RO          120    i.EXTI1_IRQHandler  stm32f10x_it.o
    0x08006564   0x08006564   0x00000170   Code   RO          121    i.EXTI9_5_IRQHandler  stm32f10x_it.o
    0x080066d4   0x080066d4   0x0000000c   Code   RO         1603    i.EXTI_ClearITPendingBit  stm32f10x_exti.o
    0x080066e0   0x080066e0   0x00000010   Code   RO          611    i.EXTI_ENABLE       exti.o
    0x080066f0   0x080066f0   0x00000028   Code   RO         1607    i.EXTI_GetITStatus  stm32f10x_exti.o
    0x08006718   0x08006718   0x00000094   Code   RO         1608    i.EXTI_Init         stm32f10x_exti.o
    0x080067ac   0x080067ac   0x00000070   Code   RO          612    i.EXTI_PA0_Config   exti.o
    0x0800681c   0x0800681c   0x00000070   Code   RO          613    i.EXTI_PA1_Config   exti.o
    0x0800688c   0x0800688c   0x000000ac   Code   RO          614    i.EXTI_PB6_9_Config  exti.o
    0x08006938   0x08006938   0x00000238   Code   RO          481    i.GPIO_Configuration  gpio.o
    0x08006b70   0x08006b70   0x00000040   Code   RO         1953    i.GPIO_EXTILineConfig  stm32f10x_gpio.o
    0x08006bb0   0x08006bb0   0x00000116   Code   RO         1956    i.GPIO_Init         stm32f10x_gpio.o
    0x08006cc6   0x08006cc6   0x00000002   PAD
    0x08006cc8   0x08006cc8   0x00000090   Code   RO         1958    i.GPIO_PinRemapConfig  stm32f10x_gpio.o
    0x08006d58   0x08006d58   0x00000012   Code   RO         1960    i.GPIO_ReadInputDataBit  stm32f10x_gpio.o
    0x08006d6a   0x08006d6a   0x00000004   Code   RO         1963    i.GPIO_ResetBits    stm32f10x_gpio.o
    0x08006d6e   0x08006d6e   0x00000004   Code   RO         1964    i.GPIO_SetBits      stm32f10x_gpio.o
    0x08006d72   0x08006d72   0x00000010   Code   RO         1965    i.GPIO_StructInit   stm32f10x_gpio.o
    0x08006d82   0x08006d82   0x00000002   PAD
    0x08006d84   0x08006d84   0x0000005c   Code   RO          686    i.GetLockCode       loop.o
    0x08006de0   0x08006de0   0x00000004   Code   RO          122    i.HardFault_Handler  stm32f10x_it.o
    0x08006de4   0x08006de4   0x0000000a   Code   RO         3772    i.IINCHIP_CSoff     w5500.o
    0x08006dee   0x08006dee   0x0000000a   Code   RO         3773    i.IINCHIP_CSon      w5500.o
    0x08006df8   0x08006df8   0x00000032   Code   RO         3774    i.IINCHIP_READ      w5500.o
    0x08006e2a   0x08006e2a   0x0000000c   Code   RO         3775    i.IINCHIP_SpiSendData  w5500.o
    0x08006e36   0x08006e36   0x00000032   Code   RO         3776    i.IINCHIP_WRITE     w5500.o
    0x08006e68   0x08006e68   0x00000010   Code   RO         2268    i.IWDG_Enable       stm32f10x_iwdg.o
    0x08006e78   0x08006e78   0x00000008   Code   RO          270    i.IWDG_Feed         iwdg.o
    0x08006e80   0x08006e80   0x00000024   Code   RO          271    i.IWDG_Init         iwdg.o
    0x08006ea4   0x08006ea4   0x00000010   Code   RO         2270    i.IWDG_ReloadCounter  stm32f10x_iwdg.o
    0x08006eb4   0x08006eb4   0x0000000c   Code   RO         2271    i.IWDG_SetPrescaler  stm32f10x_iwdg.o
    0x08006ec0   0x08006ec0   0x0000000c   Code   RO         2272    i.IWDG_SetReload    stm32f10x_iwdg.o
    0x08006ecc   0x08006ecc   0x0000000c   Code   RO         2273    i.IWDG_WriteAccessCmd  stm32f10x_iwdg.o
    0x08006ed8   0x08006ed8   0x000000bc   Code   RO          687    i.Initialization_configuration  loop.o
    0x08006f94   0x08006f94   0x0000001c   Code   RO         4454    i.MQTT_DeleteBuffer  mqttkit.o
    0x08006fb0   0x08006fb0   0x0000002e   Code   RO         4455    i.MQTT_DumpLength   mqttkit.o
    0x08006fde   0x08006fde   0x00000058   Code   RO         4456    i.MQTT_NewBuffer    mqttkit.o
    0x08007036   0x08007036   0x00000002   PAD
    0x08007038   0x08007038   0x0000008c   Code   RO         4457    i.MQTT_PacketCmdResp  mqttkit.o
    0x080070c4   0x080070c4   0x0000029c   Code   RO         4458    i.MQTT_PacketConnect  mqttkit.o
    0x08007360   0x08007360   0x00000136   Code   RO         4461    i.MQTT_PacketPublish  mqttkit.o
    0x08007496   0x08007496   0x00000048   Code   RO         4462    i.MQTT_PacketPublishAck  mqttkit.o
    0x080074de   0x080074de   0x00000048   Code   RO         4463    i.MQTT_PacketPublishComp  mqttkit.o
    0x08007526   0x08007526   0x00000048   Code   RO         4464    i.MQTT_PacketPublishRec  mqttkit.o
    0x0800756e   0x0800756e   0x00000048   Code   RO         4465    i.MQTT_PacketPublishRel  mqttkit.o
    0x080075b6   0x080075b6   0x000000fc   Code   RO         4467    i.MQTT_PacketSubscribe  mqttkit.o
    0x080076b2   0x080076b2   0x000000ec   Code   RO         4468    i.MQTT_PacketUnSubscribe  mqttkit.o
    0x0800779e   0x0800779e   0x00000046   Code   RO         4469    i.MQTT_ReadLength   mqttkit.o
    0x080077e4   0x080077e4   0x0000008a   Code   RO         4470    i.MQTT_UnPacketCmd  mqttkit.o
    0x0800786e   0x0800786e   0x0000001e   Code   RO         4471    i.MQTT_UnPacketConnectAck  mqttkit.o
    0x0800788c   0x0800788c   0x00000190   Code   RO         4472    i.MQTT_UnPacketPublish  mqttkit.o
    0x08007a1c   0x08007a1c   0x0000001e   Code   RO         4473    i.MQTT_UnPacketPublishAck  mqttkit.o
    0x08007a3a   0x08007a3a   0x0000001e   Code   RO         4474    i.MQTT_UnPacketPublishComp  mqttkit.o
    0x08007a58   0x08007a58   0x0000001e   Code   RO         4475    i.MQTT_UnPacketPublishRec  mqttkit.o
    0x08007a76   0x08007a76   0x00000024   Code   RO         4476    i.MQTT_UnPacketPublishRel  mqttkit.o
    0x08007a9a   0x08007a9a   0x00000002   PAD
    0x08007a9c   0x08007a9c   0x00000074   Code   RO         4477    i.MQTT_UnPacketRecv  mqttkit.o
    0x08007b10   0x08007b10   0x00000034   Code   RO         4478    i.MQTT_UnPacketSubscribe  mqttkit.o
    0x08007b44   0x08007b44   0x00000012   Code   RO         4479    i.MQTT_UnPacketUnSubscribe  mqttkit.o
    0x08007b56   0x08007b56   0x00000002   PAD
    0x08007b58   0x08007b58   0x0000006c   Code   RO         4658    i.MQTT_UnSubscribe  bd_tg.o
    0x08007bc4   0x08007bc4   0x00000004   Code   RO          123    i.MemManage_Handler  stm32f10x_it.o
    0x08007bc8   0x08007bc8   0x00000002   Code   RO          124    i.NMI_Handler       stm32f10x_it.o
    0x08007bca   0x08007bca   0x00000002   PAD
    0x08007bcc   0x08007bcc   0x00000070   Code   RO          805    i.NVIC_Init         misc.o
    0x08007c3c   0x08007c3c   0x00000014   Code   RO          806    i.NVIC_PriorityGroupConfig  misc.o
    0x08007c50   0x08007c50   0x00000002   Code   RO          125    i.PendSV_Handler    stm32f10x_it.o
    0x08007c52   0x08007c52   0x00000002   PAD
    0x08007c54   0x08007c54   0x0000005c   Code   RO          688    i.Power_check       loop.o
    0x08007cb0   0x08007cb0   0x00000020   Code   RO         2372    i.RCC_APB1PeriphClockCmd  stm32f10x_rcc.o
    0x08007cd0   0x08007cd0   0x00000020   Code   RO         2373    i.RCC_APB1PeriphResetCmd  stm32f10x_rcc.o
    0x08007cf0   0x08007cf0   0x00000020   Code   RO         2374    i.RCC_APB2PeriphClockCmd  stm32f10x_rcc.o
    0x08007d10   0x08007d10   0x00000020   Code   RO         2375    i.RCC_APB2PeriphResetCmd  stm32f10x_rcc.o
    0x08007d30   0x08007d30   0x000000d4   Code   RO         2382    i.RCC_GetClocksFreq  stm32f10x_rcc.o
    0x08007e04   0x08007e04   0x00000028   Code   RO          429    i.Reset_W5500       spi2.o
    0x08007e2c   0x08007e2c   0x00000038   Code   RO          430    i.SPI2_SendByte     spi2.o
    0x08007e64   0x08007e64   0x00000018   Code   RO         2851    i.SPI_Cmd           stm32f10x_spi.o
    0x08007e7c   0x08007e7c   0x00000012   Code   RO         2859    i.SPI_I2S_GetFlagStatus  stm32f10x_spi.o
    0x08007e8e   0x08007e8e   0x00000006   Code   RO         2862    i.SPI_I2S_ReceiveData  stm32f10x_spi.o
    0x08007e94   0x08007e94   0x00000004   Code   RO         2863    i.SPI_I2S_SendData  stm32f10x_spi.o
    0x08007e98   0x08007e98   0x0000003c   Code   RO         2864    i.SPI_Init          stm32f10x_spi.o
    0x08007ed4   0x08007ed4   0x000000b4   Code   RO          576    i.SPI_init          adxl345.o
    0x08007f88   0x08007f88   0x00000002   Code   RO          126    i.SVC_Handler       stm32f10x_it.o
    0x08007f8a   0x08007f8a   0x00000008   Code   RO          771    i.SetSysClock       system_stm32f10x.o
    0x08007f92   0x08007f92   0x00000002   PAD
    0x08007f94   0x08007f94   0x000000e0   Code   RO          772    i.SetSysClockTo72   system_stm32f10x.o
    0x08008074   0x08008074   0x00000030   Code   RO          689    i.SoftReset         loop.o
    0x080080a4   0x080080a4   0x00000002   Code   RO          127    i.SysTick_Handler   stm32f10x_it.o
    0x080080a6   0x080080a6   0x00000002   PAD
    0x080080a8   0x080080a8   0x00000060   Code   RO          774    i.SystemInit        system_stm32f10x.o
    0x08008108   0x08008108   0x00000040   Code   RO          403    i.Systick_Init      delay.o
    0x08008148   0x08008148   0x00000052   Code   RO          355    i.TIM2_Configuration  tim2.o
    0x0800819a   0x0800819a   0x00000002   PAD
    0x0800819c   0x0800819c   0x00000034   Code   RO          128    i.TIM2_IRQHandler   stm32f10x_it.o
    0x080081d0   0x080081d0   0x0000002a   Code   RO          356    i.TIM2_NVIC_Configuration  tim2.o
    0x080081fa   0x080081fa   0x00000002   PAD
    0x080081fc   0x080081fc   0x00000054   Code   RO          357    i.TIM3_Configuration  tim2.o
    0x08008250   0x08008250   0x00000054   Code   RO          129    i.TIM3_IRQHandler   stm32f10x_it.o
    0x080082a4   0x080082a4   0x0000002a   Code   RO          358    i.TIM3_NVIC_Configuration  tim2.o
    0x080082ce   0x080082ce   0x00000002   PAD
    0x080082d0   0x080082d0   0x00000054   Code   RO          359    i.TIM4_Configuration  tim2.o
    0x08008324   0x08008324   0x000000a4   Code   RO          130    i.TIM4_IRQHandler   stm32f10x_it.o
    0x080083c8   0x080083c8   0x0000002a   Code   RO          360    i.TIM4_NVIC_Configuration  tim2.o
    0x080083f2   0x080083f2   0x00000006   Code   RO         3000    i.TIM_ClearFlag     stm32f10x_tim.o
    0x080083f8   0x080083f8   0x00000006   Code   RO         3001    i.TIM_ClearITPendingBit  stm32f10x_tim.o
    0x080083fe   0x080083fe   0x00000018   Code   RO         3006    i.TIM_Cmd           stm32f10x_tim.o
    0x08008416   0x08008416   0x00000002   PAD
    0x08008418   0x08008418   0x000001e8   Code   RO         3011    i.TIM_DeInit        stm32f10x_tim.o
    0x08008600   0x08008600   0x00000022   Code   RO         3027    i.TIM_GetITStatus   stm32f10x_tim.o
    0x08008622   0x08008622   0x00000012   Code   RO         3031    i.TIM_ITConfig      stm32f10x_tim.o
    0x08008634   0x08008634   0x000000a4   Code   RO         3077    i.TIM_TimeBaseInit  stm32f10x_tim.o
    0x080086d8   0x080086d8   0x00000090   Code   RO          291    i.USART2_Config     usart2.o
    0x08008768   0x08008768   0x000001dc   Code   RO          292    i.USART2_IRQHandler  usart2.o
    0x08008944   0x08008944   0x0000002a   Code   RO          293    i.USART2_NVIC_Configuration  usart2.o
    0x0800896e   0x0800896e   0x00000012   Code   RO         3538    i.USART_ClearFlag   stm32f10x_usart.o
    0x08008980   0x08008980   0x00000018   Code   RO         3542    i.USART_Cmd         stm32f10x_usart.o
    0x08008998   0x08008998   0x0000001a   Code   RO         3545    i.USART_GetFlagStatus  stm32f10x_usart.o
    0x080089b2   0x080089b2   0x00000054   Code   RO         3546    i.USART_GetITStatus  stm32f10x_usart.o
    0x08008a06   0x08008a06   0x0000004a   Code   RO         3548    i.USART_ITConfig    stm32f10x_usart.o
    0x08008a50   0x08008a50   0x000000d8   Code   RO         3549    i.USART_Init        stm32f10x_usart.o
    0x08008b28   0x08008b28   0x0000000a   Code   RO         3556    i.USART_ReceiveData  stm32f10x_usart.o
    0x08008b32   0x08008b32   0x00000008   Code   RO         3559    i.USART_SendData    stm32f10x_usart.o
    0x08008b3a   0x08008b3a   0x00000004   Code   RO          131    i.UsageFault_Handler  stm32f10x_it.o
    0x08008b3e   0x08008b3e   0x00000002   PAD
    0x08008b40   0x08008b40   0x00000024   Code   RO          431    i.WIZ_CS            spi2.o
    0x08008b64   0x08008b64   0x000000a8   Code   RO          432    i.WIZ_SPI_Init      spi2.o
    0x08008c0c   0x08008c0c   0x00000020   Code   RO         5038    i.__0printf         mc_w.l(printfa.o)
    0x08008c2c   0x08008c2c   0x00000028   Code   RO         5040    i.__0sprintf        mc_w.l(printfa.o)
    0x08008c54   0x08008c54   0x00000008   Code   RO         5133    i.__aeabi_errno_addr  mc_w.l(errno.o)
    0x08008c5c   0x08008c5c   0x0000000e   Code   RO         5197    i.__scatterload_copy  mc_w.l(handlers.o)
    0x08008c6a   0x08008c6a   0x00000002   Code   RO         5198    i.__scatterload_null  mc_w.l(handlers.o)
    0x08008c6c   0x08008c6c   0x0000000e   Code   RO         5199    i.__scatterload_zeroinit  mc_w.l(handlers.o)
    0x08008c7a   0x08008c7a   0x00000002   PAD
    0x08008c7c   0x08008c7c   0x00000184   Code   RO         5045    i._fp_digits        mc_w.l(printfa.o)
    0x08008e00   0x08008e00   0x000006dc   Code   RO         5046    i._printf_core      mc_w.l(printfa.o)
    0x080094dc   0x080094dc   0x00000024   Code   RO         5047    i._printf_post_padding  mc_w.l(printfa.o)
    0x08009500   0x08009500   0x0000002e   Code   RO         5048    i._printf_pre_padding  mc_w.l(printfa.o)
    0x0800952e   0x0800952e   0x0000000a   Code   RO         5050    i._sputc            mc_w.l(printfa.o)
    0x08009538   0x08009538   0x00001570   Code   RO          691    i.application       loop.o
    0x0800aaa8   0x0800aaa8   0x00000040   Code   RO          493    i.at24c16_init      24c16.o
    0x0800aae8   0x0800aae8   0x00000046   Code   RO          494    i.at24c16_read      24c16.o
    0x0800ab2e   0x0800ab2e   0x00000002   PAD
    0x0800ab30   0x0800ab30   0x00000034   Code   RO          495    i.at24c16_start     24c16.o
    0x0800ab64   0x0800ab64   0x0000002c   Code   RO          496    i.at24c16_stop      24c16.o
    0x0800ab90   0x0800ab90   0x00000050   Code   RO          497    i.at24c16_write     24c16.o
    0x0800abe0   0x0800abe0   0x000000b8   Code   RO         4157    i.auto_dhcp         dhcp.o
    0x0800ac98   0x0800ac98   0x00000084   Code   RO         4158    i.check_DHCP_Timeout  dhcp.o
    0x0800ad1c   0x0800ad1c   0x00000168   Code   RO         4159    i.check_DHCP_state  dhcp.o
    0x0800ae84   0x0800ae84   0x00000040   Code   RO         4160    i.check_leasedIP    dhcp.o
    0x0800aec4   0x0800aec4   0x00000040   Code   RO          498    i.clock             24c16.o
    0x0800af04   0x0800af04   0x00000034   Code   RO         4019    i.close             socket.o
    0x0800af38   0x0800af38   0x000000f8   Code   RO         4020    i.connect           socket.o
    0x0800b030   0x0800b030   0x0000003c   Code   RO          404    i.delay_ms          delay.o
    0x0800b06c   0x0800b06c   0x0000003c   Code   RO          405    i.delay_us          delay.o
    0x0800b0a8   0x0800b0a8   0x000003dc   Code   RO         4711    i.do_tcp_client     tcp_demo.o
    0x0800b484   0x0800b484   0x0000001e   Code   RO          500    i.erase_eeprom      24c16.o
    0x0800b4a2   0x0800b4a2   0x00000002   PAD
    0x0800b4a4   0x0800b4a4   0x00000024   Code   RO          295    i.fputc             usart2.o
    0x0800b4c8   0x0800b4c8   0x00000050   Code   RO         5066    i.free              mc_w.l(malloc.o)
    0x0800b518   0x0800b518   0x00000010   Code   RO         3778    i.getGAR            w5500.o
    0x0800b528   0x0800b528   0x00000010   Code   RO         3781    i.getIINCHIP_TxMAX  w5500.o
    0x0800b538   0x0800b538   0x0000000c   Code   RO         3784    i.getPHYStatus      w5500.o
    0x0800b544   0x0800b544   0x00000012   Code   RO         3786    i.getSIPR           w5500.o
    0x0800b556   0x0800b556   0x00000012   Code   RO         3787    i.getSUBR           w5500.o
    0x0800b568   0x0800b568   0x00000012   Code   RO         3788    i.getSn_IR          w5500.o
    0x0800b57a   0x0800b57a   0x00000054   Code   RO         3789    i.getSn_RX_RSR      w5500.o
    0x0800b5ce   0x0800b5ce   0x00000012   Code   RO         3790    i.getSn_SR          w5500.o
    0x0800b5e0   0x0800b5e0   0x00000054   Code   RO         3791    i.getSn_TX_FSR      w5500.o
    0x0800b634   0x0800b634   0x0000000c   Code   RO         4247    i.htonl             ult.o
    0x0800b640   0x0800b640   0x0000000c   Code   RO         4248    i.htons             ult.o
    0x0800b64c   0x0800b64c   0x00000048   Code   RO          644    i.input3_status     input.o
    0x0800b694   0x0800b694   0x00000044   Code   RO          645    i.input4_status     input.o
    0x0800b6d8   0x0800b6d8   0x00000044   Code   RO          646    i.input5_status     input.o
    0x0800b71c   0x0800b71c   0x00000044   Code   RO          647    i.input6_status     input.o
    0x0800b760   0x0800b760   0x000000b0   Code   RO          648    i.input_gpio        input.o
    0x0800b810   0x0800b810   0x00000012   Code   RO           10    i.main              main.o
    0x0800b822   0x0800b822   0x00000002   PAD
    0x0800b824   0x0800b824   0x0000006c   Code   RO         5067    i.malloc            mc_w.l(malloc.o)
    0x0800b890   0x0800b890   0x0000000c   Code   RO         4254    i.ntohl             ult.o
    0x0800b89c   0x0800b89c   0x00000170   Code   RO         4162    i.parseDHCPMSG      dhcp.o
    0x0800ba0c   0x0800ba0c   0x0000006c   Code   RO          501    i.read_1byte        24c16.o
    0x0800ba78   0x0800ba78   0x00000268   Code   RO          692    i.read_config       loop.o
    0x0800bce0   0x0800bce0   0x00000042   Code   RO         4023    i.recv              socket.o
    0x0800bd22   0x0800bd22   0x00000002   PAD
    0x0800bd24   0x0800bd24   0x00000094   Code   RO         3794    i.recv_data_processing  w5500.o
    0x0800bdb8   0x0800bdb8   0x00000200   Code   RO         4024    i.recvfrom          socket.o
    0x0800bfb8   0x0800bfb8   0x0000002c   Code   RO         4163    i.reset_DHCP_time   dhcp.o
    0x0800bfe4   0x0800bfe4   0x00000104   Code   RO         4025    i.send              socket.o
    0x0800c0e8   0x0800c0e8   0x000002d4   Code   RO         4164    i.send_DHCP_DISCOVER  dhcp.o
    0x0800c3bc   0x0800c3bc   0x0000029c   Code   RO         4165    i.send_DHCP_RELEASE_DECLINE  dhcp.o
    0x0800c658   0x0800c658   0x000003f0   Code   RO         4166    i.send_DHCP_REQUEST  dhcp.o
    0x0800ca48   0x0800ca48   0x0000006c   Code   RO         3795    i.send_data_processing  w5500.o
    0x0800cab4   0x0800cab4   0x0000010c   Code   RO         4027    i.sendto            socket.o
    0x0800cbc0   0x0800cbc0   0x00000010   Code   RO         3796    i.setGAR            w5500.o
    0x0800cbd0   0x0800cbd0   0x00000016   Code   RO         4713    i.setKPALVTR        tcp_demo.o
    0x0800cbe6   0x0800cbe6   0x00000012   Code   RO         3800    i.setSHAR           w5500.o
    0x0800cbf8   0x0800cbf8   0x00000012   Code   RO         3801    i.setSIPR           w5500.o
    0x0800cc0a   0x0800cc0a   0x00000012   Code   RO         3802    i.setSUBR           w5500.o
    0x0800cc1c   0x0800cc1c   0x00000016   Code   RO         3803    i.setSn_IR          w5500.o
    0x0800cc32   0x0800cc32   0x00000002   PAD
    0x0800cc34   0x0800cc34   0x00000100   Code   RO         4714    i.set_object_ip     tcp_demo.o
    0x0800cd34   0x0800cd34   0x00000238   Code   RO         4094    i.set_w5500_ip      w5500_config.o
    0x0800cf6c   0x0800cf6c   0x00000124   Code   RO         4095    i.set_w5500_mac     w5500_config.o
    0x0800d090   0x0800d090   0x000000c4   Code   RO         4028    i.socket            socket.o
    0x0800d154   0x0800d154   0x0000001c   Code   RO         4257    i.swapl             ult.o
    0x0800d170   0x0800d170   0x0000000e   Code   RO         4258    i.swaps             ult.o
    0x0800d17e   0x0800d17e   0x00000002   PAD
    0x0800d180   0x0800d180   0x00000138   Code   RO         3807    i.sysinit           w5500.o
    0x0800d2b8   0x0800d2b8   0x000000a0   Code   RO         3808    i.w5500_check       w5500.o
    0x0800d358   0x0800d358   0x00000068   Code   RO         3809    i.wiz_read_buf      w5500.o
    0x0800d3c0   0x0800d3c0   0x00000068   Code   RO         3810    i.wiz_write_buf     w5500.o
    0x0800d428   0x0800d428   0x00000078   Code   RO          502    i.write_1byte       24c16.o
    0x0800d4a0   0x0800d4a0   0x00000081   Data   RO         5164    .constdata          mc_w.l(ctype_o.o)
    0x0800d521   0x0800d521   0x00000003   PAD
    0x0800d524   0x0800d524   0x00000004   Data   RO         5165    .constdata          mc_w.l(ctype_o.o)
    0x0800d528   0x0800d528   0x00000041   Data   RO         4097    .conststring        w5500_config.o
    0x0800d569   0x0800d569   0x00000003   PAD
    0x0800d56c   0x0800d56c   0x00000005   Data   RO         4168    .conststring        dhcp.o
    0x0800d571   0x0800d571   0x00000003   PAD
    0x0800d574   0x0800d574   0x000000b1   Data   RO         4716    .conststring        tcp_demo.o
    0x0800d625   0x0800d625   0x00000003   PAD
    0x0800d628   0x0800d628   0x00000020   Data   RO         5195    Region$$Table       anon$$obj.o


    Execution Region RW_IRAM1 (Exec base: 0x20000000, Load base: 0x0800d648, Size: 0x00001968, Max: 0x0000c000, ABSOLUTE, COMPRESSED[0x000000a8])

    Exec Addr    Load Addr    Size         Type   Attr      Idx    E Section Name        Object

    0x20000000   COMPRESSED   0x00000023   Data   RW          133    .data               stm32f10x_it.o
    0x20000023   COMPRESSED   0x00000006   Data   RW          298    .data               usart2.o
    0x20000029   COMPRESSED   0x00000001   PAD
    0x2000002a   COMPRESSED   0x00000004   Data   RW          406    .data               delay.o
    0x2000002e   COMPRESSED   0x0000000c   Data   RW          649    .data               input.o
    0x2000003a   COMPRESSED   0x00000002   PAD
    0x2000003c   COMPRESSED   0x000000c9   Data   RW          694    .data               loop.o
    0x20000105   COMPRESSED   0x00000014   Data   RW         2402    .data               stm32f10x_rcc.o
    0x20000119   COMPRESSED   0x00000001   PAD
    0x2000011a   COMPRESSED   0x00000002   Data   RW         4029    .data               socket.o
    0x2000011c   COMPRESSED   0x00000039   Data   RW         4098    .data               w5500_config.o
    0x20000155   COMPRESSED   0x00000003   PAD
    0x20000158   COMPRESSED   0x00000044   Data   RW         4169    .data               dhcp.o
    0x2000019c   COMPRESSED   0x00000136   Data   RW         4660    .data               bd_tg.o
    0x200002d2   COMPRESSED   0x00000002   PAD
    0x200002d4   COMPRESSED   0x0000002a   Data   RW         4717    .data               tcp_demo.o
    0x200002fe   COMPRESSED   0x00000002   PAD
    0x20000300   COMPRESSED   0x00000004   Data   RW         5126    .data               mc_w.l(stdout.o)
    0x20000304   COMPRESSED   0x00000004   Data   RW         5131    .data               mc_w.l(mvars.o)
    0x20000308   COMPRESSED   0x00000004   Data   RW         5132    .data               mc_w.l(mvars.o)
    0x2000030c   COMPRESSED   0x00000004   Data   RW         5136    .data               mc_w.l(errno.o)
    0x20000310        -       0x00000040   Zero   RW          297    .bss                usart2.o
    0x20000350        -       0x00000074   Zero   RW          361    .bss                tim2.o
    0x200003c4        -       0x00000118   Zero   RW          693    .bss                loop.o
    0x200004dc        -       0x00000020   Zero   RW         3811    .bss                w5500.o
    0x200004fc        -       0x00000056   Zero   RW         4096    .bss                w5500_config.o
    0x20000552        -       0x00000416   Zero   RW         4167    .bss                dhcp.o
    0x20000968        -       0x000000d0   Zero   RW         4659    .bss                bd_tg.o
    0x20000a38        -       0x0000092c   Zero   RW         4715    .bss                tcp_demo.o
    0x20001364   COMPRESSED   0x00000004   PAD
    0x20001368        -       0x00000200   Zero   RW            2    HEAP                startup_stm32f10x_hd.o
    0x20001568        -       0x00000400   Zero   RW            1    STACK               startup_stm32f10x_hd.o


==============================================================================

Image component sizes


      Code (inc. data)   RO Data    RW Data    ZI Data      Debug   Object Name

       632         52          0          0          0       5979   24c16.o
       744         36          0          0          0       3029   adxl345.o
      1932        856          0        310        208       6923   bd_tg.o
       184         16          0          4          0       1733   delay.o
      3552        356          5         68       1046      10718   dhcp.o
       240         10          0          0          0       1742   dht11.o
       412         18          0          0          0       2330   exti.o
       568         16          0          0          0        849   gpio.o
       452         72          0         12          0       3245   input.o
        44          0          0          0          0       1004   iwdg.o
      6524       1002          0        201        280      29639   loop.o
        18          0          0          0          0     262515   main.o
       132         22          0          0          0       1551   misc.o
      3006         34          0          0          0      21438   mqttkit.o
      1602         66          0          2          0       6116   socket.o
       300         24          0          0          0       3138   spi2.o
        36          8        304          0       1536        836   startup_stm32f10x_hd.o
       200         18          0          0          0       2136   stm32f10x_exti.o
       528         10          0          0          0       5698   stm32f10x_gpio.o
       842        138          0         35          0      11643   stm32f10x_it.o
        68         30          0          0          0       2514   stm32f10x_iwdg.o
       340         44          0         20          0       5624   stm32f10x_rcc.o
       112          0          0          0          0       3878   stm32f10x_spi.o
       740        106          0          0          0       4935   stm32f10x_tim.o
       460          6          0          0          0       6795   stm32f10x_usart.o
       328         30          0          0          0       2001   system_stm32f10x.o
      1266        322        177         42       2348       4618   tcp_demo.o
       376         12          0          0        116       3795   tim2.o
        78          0          0          0          0     209784   ult.o
       698         60          0          6         64       3432   usart2.o
      1444        142          0          0         32      14966   w5500.o
       860        392         65         57         86       3330   w5500_config.o

    ----------------------------------------------------------------------
     28760       3898        592        768       5720     647934   Object Totals
         0          0         32          0          0          0   (incl. Generated)
        42          0          9         11          4          0   (incl. Padding)

    ----------------------------------------------------------------------

      Code (inc. data)   RO Data    RW Data    ZI Data      Debug   Library Member Name

        86          0          0          0          0          0   __dczerorl2.o
        28          0          0          0          0         68   _chval.o
       158          0          0          0          0         92   _strtoul.o
        26          0          0          0          0         80   atoi.o
         8          4        133          0          0         68   ctype_o.o
         0          0          0          0          0          0   entry.o
         0          0          0          0          0          0   entry10a.o
         0          0          0          0          0          0   entry11a.o
         8          4          0          0          0          0   entry2.o
         4          0          0          0          0          0   entry5.o
         0          0          0          0          0          0   entry7b.o
         0          0          0          0          0          0   entry8b.o
         8          4          0          0          0          0   entry9a.o
         8          4          0          4          0         68   errno.o
        30          0          0          0          0          0   handlers.o
        36          8          0          0          0         68   init.o
         0          0          0          0          0          0   iusefp.o
        30          0          0          0          0         68   llshl.o
        36          0          0          0          0         68   llsshr.o
        32          0          0          0          0         68   llushr.o
       188         20          0          0          0        160   malloc.o
        26          0          0          0          0         80   memcmp.o
        36          0          0          0          0         68   memcpya.o
        36          0          0          0          0        108   memseta.o
         0          0          0          8          0          0   mvars.o
      2308         96          0          0          0        604   printfa.o
         0          0          0          4          0          0   stdout.o
        20          0          0          0          0         68   strchr.o
        18          0          0          0          0         68   strcpy.o
        14          0          0          0          0         68   strlen.o
        40          0          0          0          0         76   strncat.o
        36          0          0          0          0         80   strstr.o
       112          0          0          0          0         88   strtol.o
        44          0          0          0          0         80   uidiv.o
        98          0          0          0          0         92   uldiv.o
        48          0          0          0          0         68   cdrcmple.o
        20          0          0          0          0         68   cfcmple.o
        20          0          0          0          0         68   cfrcmple.o
        56          0          0          0          0         88   d2f.o
       334          0          0          0          0        148   dadd.o
       222          0          0          0          0        100   ddiv.o
       186          0          0          0          0        176   depilogue.o
        48          0          0          0          0         68   dfixul.o
        34          0          0          0          0         76   dflti.o
       228          0          0          0          0         96   dmul.o
       110          0          0          0          0        168   fepilogue.o
        50          0          0          0          0         68   ffixi.o
        40          0          0          0          0         68   ffixui.o
        10          0          0          0          0         68   ffltui.o

    ----------------------------------------------------------------------
      4888        140        136         16          0       3616   Library Totals
         8          0          3          0          0          0   (incl. Padding)

    ----------------------------------------------------------------------

      Code (inc. data)   RO Data    RW Data    ZI Data      Debug   Library Name

      3474        140        133         16          0       2288   mc_w.l
      1406          0          0          0          0       1328   mf_w.l

    ----------------------------------------------------------------------
      4888        140        136         16          0       3616   Library Totals

    ----------------------------------------------------------------------

==============================================================================


      Code (inc. data)   RO Data    RW Data    ZI Data      Debug   

     33648       4038        728        784       5720     639926   Grand Totals
     33648       4038        728        168       5720     639926   ELF Image Totals (compressed)
     33648       4038        728        168          0          0   ROM Totals

==============================================================================

    Total RO  Size (Code + RO Data)                34376 (  33.57kB)
    Total RW  Size (RW Data + ZI Data)              6504 (   6.35kB)
    Total ROM Size (Code + RO Data + RW Data)      34544 (  33.73kB)

==============================================================================

